Archive member included to satisfy reference by file (symbol)

c:/stm32/stm32cubeide_1.8.0/stm32cubeide/plugins/com.st.stm32cube.ide.mcu.externaltools.gnu-tools-for-stm32.9-2020-q2-update.win32_2.0.0.202105311346/tools/bin/../lib/gcc/arm-none-eabi/9.3.1/../../../../arm-none-eabi/lib/thumb/v7e-m+fp/hard\libc_nano.a(lib_a-errno.o)
                              ./Core/Src/syscalls.o (__errno)
c:/stm32/stm32cubeide_1.8.0/stm32cubeide/plugins/com.st.stm32cube.ide.mcu.externaltools.gnu-tools-for-stm32.9-2020-q2-update.win32_2.0.0.202105311346/tools/bin/../lib/gcc/arm-none-eabi/9.3.1/../../../../arm-none-eabi/lib/thumb/v7e-m+fp/hard\libc_nano.a(lib_a-exit.o)
                              c:/stm32/stm32cubeide_1.8.0/stm32cubeide/plugins/com.st.stm32cube.ide.mcu.externaltools.gnu-tools-for-stm32.9-2020-q2-update.win32_2.0.0.202105311346/tools/bin/../lib/gcc/arm-none-eabi/9.3.1/../../../../arm-none-eabi/lib/thumb/v7e-m+fp/hard/crt0.o (exit)
c:/stm32/stm32cubeide_1.8.0/stm32cubeide/plugins/com.st.stm32cube.ide.mcu.externaltools.gnu-tools-for-stm32.9-2020-q2-update.win32_2.0.0.202105311346/tools/bin/../lib/gcc/arm-none-eabi/9.3.1/../../../../arm-none-eabi/lib/thumb/v7e-m+fp/hard\libc_nano.a(lib_a-impure.o)
                              c:/stm32/stm32cubeide_1.8.0/stm32cubeide/plugins/com.st.stm32cube.ide.mcu.externaltools.gnu-tools-for-stm32.9-2020-q2-update.win32_2.0.0.202105311346/tools/bin/../lib/gcc/arm-none-eabi/9.3.1/../../../../arm-none-eabi/lib/thumb/v7e-m+fp/hard\libc_nano.a(lib_a-exit.o) (_global_impure_ptr)
c:/stm32/stm32cubeide_1.8.0/stm32cubeide/plugins/com.st.stm32cube.ide.mcu.externaltools.gnu-tools-for-stm32.9-2020-q2-update.win32_2.0.0.202105311346/tools/bin/../lib/gcc/arm-none-eabi/9.3.1/../../../../arm-none-eabi/lib/thumb/v7e-m+fp/hard\libc_nano.a(lib_a-init.o)
                              c:/stm32/stm32cubeide_1.8.0/stm32cubeide/plugins/com.st.stm32cube.ide.mcu.externaltools.gnu-tools-for-stm32.9-2020-q2-update.win32_2.0.0.202105311346/tools/bin/../lib/gcc/arm-none-eabi/9.3.1/../../../../arm-none-eabi/lib/thumb/v7e-m+fp/hard/crt0.o (__libc_init_array)
c:/stm32/stm32cubeide_1.8.0/stm32cubeide/plugins/com.st.stm32cube.ide.mcu.externaltools.gnu-tools-for-stm32.9-2020-q2-update.win32_2.0.0.202105311346/tools/bin/../lib/gcc/arm-none-eabi/9.3.1/../../../../arm-none-eabi/lib/thumb/v7e-m+fp/hard\libc_nano.a(lib_a-memcpy-stub.o)
                              ./Middlewares/FreeRTOS/cmsis_os2.o (memcpy)
c:/stm32/stm32cubeide_1.8.0/stm32cubeide/plugins/com.st.stm32cube.ide.mcu.externaltools.gnu-tools-for-stm32.9-2020-q2-update.win32_2.0.0.202105311346/tools/bin/../lib/gcc/arm-none-eabi/9.3.1/../../../../arm-none-eabi/lib/thumb/v7e-m+fp/hard\libc_nano.a(lib_a-memset.o)
                              c:/stm32/stm32cubeide_1.8.0/stm32cubeide/plugins/com.st.stm32cube.ide.mcu.externaltools.gnu-tools-for-stm32.9-2020-q2-update.win32_2.0.0.202105311346/tools/bin/../lib/gcc/arm-none-eabi/9.3.1/../../../../arm-none-eabi/lib/thumb/v7e-m+fp/hard/crt0.o (memset)
c:/stm32/stm32cubeide_1.8.0/stm32cubeide/plugins/com.st.stm32cube.ide.mcu.externaltools.gnu-tools-for-stm32.9-2020-q2-update.win32_2.0.0.202105311346/tools/bin/../lib/gcc/arm-none-eabi/9.3.1/../../../../arm-none-eabi/lib/thumb/v7e-m+fp/hard\libc_nano.a(lib_a-snprintf.o)
                              ./Core/Src/main.o (snprintf)
c:/stm32/stm32cubeide_1.8.0/stm32cubeide/plugins/com.st.stm32cube.ide.mcu.externaltools.gnu-tools-for-stm32.9-2020-q2-update.win32_2.0.0.202105311346/tools/bin/../lib/gcc/arm-none-eabi/9.3.1/../../../../arm-none-eabi/lib/thumb/v7e-m+fp/hard\libc_nano.a(lib_a-nano-svfprintf.o)
                              c:/stm32/stm32cubeide_1.8.0/stm32cubeide/plugins/com.st.stm32cube.ide.mcu.externaltools.gnu-tools-for-stm32.9-2020-q2-update.win32_2.0.0.202105311346/tools/bin/../lib/gcc/arm-none-eabi/9.3.1/../../../../arm-none-eabi/lib/thumb/v7e-m+fp/hard\libc_nano.a(lib_a-snprintf.o) (_svfprintf_r)
c:/stm32/stm32cubeide_1.8.0/stm32cubeide/plugins/com.st.stm32cube.ide.mcu.externaltools.gnu-tools-for-stm32.9-2020-q2-update.win32_2.0.0.202105311346/tools/bin/../lib/gcc/arm-none-eabi/9.3.1/../../../../arm-none-eabi/lib/thumb/v7e-m+fp/hard\libc_nano.a(lib_a-nano-vfprintf_i.o)
                              c:/stm32/stm32cubeide_1.8.0/stm32cubeide/plugins/com.st.stm32cube.ide.mcu.externaltools.gnu-tools-for-stm32.9-2020-q2-update.win32_2.0.0.202105311346/tools/bin/../lib/gcc/arm-none-eabi/9.3.1/../../../../arm-none-eabi/lib/thumb/v7e-m+fp/hard\libc_nano.a(lib_a-nano-svfprintf.o) (_printf_i)
c:/stm32/stm32cubeide_1.8.0/stm32cubeide/plugins/com.st.stm32cube.ide.mcu.externaltools.gnu-tools-for-stm32.9-2020-q2-update.win32_2.0.0.202105311346/tools/bin/../lib/gcc/arm-none-eabi/9.3.1/../../../../arm-none-eabi/lib/thumb/v7e-m+fp/hard\libc_nano.a(lib_a-memchr.o)
[...]
Memory Configuration

Name             Origin             Length             Attributes
RAM              0x0000000020000000 0x0000000000050000 xrw
RAM2             0x0000000010000000 0x0000000000010000 xrw
RAM3             0x0000000020030000 0x0000000000020000 xrw
FLASH            0x0000000008000000 0x0000000000080000 xr
*default*        0x0000000000000000 0xffffffffffffffff

Linker script and memory map

LOAD c:/stm32/stm32cubeide_1.8.0/stm32cubeide/plugins/com.st.stm32cube.ide.mcu.externaltools.gnu-tools-for-stm32.9-2020-q2-update.win32_2.0.0.202105311346/tools/bin/../lib/gcc/arm-none-eabi/9.3.1/thumb/v7e-m+fp/hard/crti.o
LOAD c:/stm32/stm32cubeide_1.8.0/stm32cubeide/plugins/com.st.stm32cube.ide.mcu.externaltools.gnu-tools-for-stm32.9-2020-q2-update.win32_2.0.0.202105311346/tools/bin/../lib/gcc/arm-none-eabi/9.3.1/thumb/v7e-m+fp/hard/crtbegin.o
LOAD c:/stm32/stm32cubeide_1.8.0/stm32cubeide/plugins/com.st.stm32cube.ide.mcu.externaltools.gnu-tools-for-stm32.9-2020-q2-update.win32_2.0.0.202105311346/tools/bin/../lib/gcc/arm-none-eabi/9.3.1/../../../../arm-none-eabi/lib/thumb/v7e-m+fp/hard/crt0.o
LOAD ./Core/Src/ISM330DHCXSensor.o
LOAD ./Core/Src/can.o
LOAD ./Core/Src/freertos.o
LOAD ./Core/Src/ism330dhcx_reg.o
LOAD ./Core/Src/main.o
LOAD ./Core/Src/stm32l4xx_hal_msp.o
LOAD ./Core/Src/stm32l4xx_hal_timebase_tim.o
LOAD ./Core/Src/stm32l4xx_it.o
LOAD ./Core/Src/syscalls.o
LOAD ./Core/Src/sysmem.o
LOAD ./Core/Src/system_stm32l4xx.o
LOAD ./Core/Startup/startup_stm32l4p5retx.o
LOAD ./Drivers/STM32L4xx_HAL_Driver/stm32l4xx_hal.o
LOAD ./Drivers/STM32L4xx_HAL_Driver/stm32l4xx_hal_adc.o
LOAD ./Drivers/STM32L4xx_HAL_Driver/stm32l4xx_hal_adc_ex.o
LOAD ./Drivers/STM32L4xx_HAL_Driver/stm32l4xx_hal_can.o
LOAD ./Drivers/STM32L4xx_HAL_Driver/stm32l4xx_hal_cortex.o
LOAD ./Drivers/STM32L4xx_HAL_Driver/stm32l4xx_hal_dma.o
LOAD ./Drivers/STM32L4xx_HAL_Driver/stm32l4xx_hal_dma_ex.o
LOAD ./Drivers/STM32L4xx_HAL_Driver/stm32l4xx_hal_exti.o
LOAD ./Drivers/STM32L4xx_HAL_Driver/stm32l4xx_hal_flash.o
LOAD ./Drivers/STM32L4xx_HAL_Driver/stm32l4xx_hal_flash_ex.o
LOAD ./Drivers/STM32L4xx_HAL_Driver/stm32l4xx_hal_flash_ramfunc.o
LOAD ./Drivers/STM32L4xx_HAL_Driver/stm32l4xx_hal_gpio.o
LOAD ./Drivers/STM32L4xx_HAL_Driver/stm32l4xx_hal_i2c.o
LOAD ./Drivers/STM32L4xx_HAL_Driver/stm32l4xx_hal_i2c_ex.o
LOAD ./Drivers/STM32L4xx_HAL_Driver/stm32l4xx_hal_pwr.o
LOAD ./Drivers/STM32L4xx_HAL_Driver/stm32l4xx_hal_pwr_ex.o
LOAD ./Drivers/STM32L4xx_HAL_Driver/stm32l4xx_hal_rcc.o
LOAD ./Drivers/STM32L4xx_HAL_Driver/stm32l4xx_hal_rcc_ex.o
LOAD ./Drivers/STM32L4xx_HAL_Driver/stm32l4xx_hal_rtc.o
LOAD ./Drivers/STM32L4xx_HAL_Driver/stm32l4xx_hal_rtc_ex.o
LOAD ./Drivers/STM32L4xx_HAL_Driver/stm32l4xx_hal_spi.o
LOAD ./Drivers/STM32L4xx_HAL_Driver/stm32l4xx_hal_spi_ex.o
LOAD ./Drivers/STM32L4xx_HAL_Driver/stm32l4xx_hal_tim.o
LOAD ./Drivers/STM32L4xx_HAL_Driver/stm32l4xx_hal_tim_ex.o
LOAD ./Middlewares/FreeRTOS/cmsis_os2.o
LOAD ./Middlewares/FreeRTOS/croutine.o
LOAD ./Middlewares/FreeRTOS/event_groups.o
LOAD ./Middlewares/FreeRTOS/heap_4.o
LOAD ./Middlewares/FreeRTOS/list.o
LOAD ./Middlewares/FreeRTOS/port.o
LOAD ./Middlewares/FreeRTOS/queue.o
LOAD ./Middlewares/FreeRTOS/stream_buffer.o
LOAD ./Middlewares/FreeRTOS/tasks.o
LOAD ./Middlewares/FreeRTOS/timers.o
START GROUP
LOAD c:/stm32/stm32cubeide_1.8.0/stm32cubeide/plugins/com.st.stm32cube.ide.mcu.externaltools.gnu-tools-for-stm32.9-2020-q2-update.win32_2.0.0.202105311346/tools/bin/../lib/gcc/arm-none-eabi/9.3.1/../../../../arm-none-eabi/lib/thumb/v7e-m+fp/hard\libstdc++_nano.a
LOAD c:/stm32/stm32cubeide_1.8.0/stm32cubeide/plugins/com.st.stm32cube.ide.mcu.externaltools.gnu-tools-for-stm32.9-2020-q2-update.win32_2.0.0.202105311346/tools/bin/../lib/gcc/arm-none-eabi/9.3.1/../../../../arm-none-eabi/lib/thumb/v7e-m+fp/hard\libsupc++_nano.a
END GROUP
LOAD c:/stm32/stm32cubeide_1.8.0/stm32cubeide/plugins/com.st.stm32cube.ide.mcu.externaltools.gnu-tools-for-stm32.9-2020-q2-update.win32_2.0.0.202105311346/tools/bin/../lib/gcc/arm-none-eabi/9.3.1/../../../../arm-none-eabi/lib/thumb/v7e-m+fp/hard\libstdc++_nano.a
LOAD c:/stm32/stm32cubeide_1.8.0/stm32cubeide/plugins/com.st.stm32cube.ide.mcu.externaltools.gnu-tools-for-stm32.9-2020-q2-update.win32_2.0.0.202105311346/tools/bin/../lib/gcc/arm-none-eabi/9.3.1/../../../../arm-none-eabi/lib/thumb/v7e-m+fp/hard\libm.a
LOAD c:/stm32/stm32cubeide_1.8.0/stm32cubeide/plugins/com.st.stm32cube.ide.mcu.externaltools.gnu-tools-for-stm32.9-2020-q2-update.win32_2.0.0.202105311346/tools/bin/../lib/gcc/arm-none-eabi/9.3.1/../../../../arm-none-eabi/lib/thumb/v7e-m+fp/hard\libc_nano.a
START GROUP
LOAD c:/stm32/stm32cubeide_1.8.0/stm32cubeide/plugins/com.st.stm32cube.ide.mcu.externaltools.gnu-tools-for-stm32.9-2020-q2-update.win32_2.0.0.202105311346/tools/bin/../lib/gcc/arm-none-eabi/9.3.1/thumb/v7e-m+fp/hard\libgcc.a
LOAD c:/stm32/stm32cubeide_1.8.0/stm32cubeide/plugins/com.st.stm32cube.ide.mcu.externaltools.gnu-tools-for-stm32.9-2020-q2-update.win32_2.0.0.202105311346/tools/bin/../lib/gcc/arm-none-eabi/9.3.1/../../../../arm-none-eabi/lib/thumb/v7e-m+fp/hard\libc_nano.a
END GROUP
START GROUP
LOAD c:/stm32/stm32cubeide_1.8.0/stm32cubeide/plugins/com.st.stm32cube.ide.mcu.externaltools.gnu-tools-for-stm32.9-2020-q2-update.win32_2.0.0.202105311346/tools/bin/../lib/gcc/arm-none-eabi/9.3.1/thumb/v7e-m+fp/hard\libgcc.a
LOAD c:/stm32/stm32cubeide_1.8.0/stm32cubeide/plugins/com.st.stm32cube.ide.mcu.externaltools.gnu-tools-for-stm32.9-2020-q2-update.win32_2.0.0.202105311346/tools/bin/../lib/gcc/arm-none-eabi/9.3.1/../../../../arm-none-eabi/lib/thumb/v7e-m+fp/hard\libc_nano.a
LOAD c:/stm32/stm32cubeide_1.8.0/stm32cubeide/plugins/com.st.stm32cube.ide.mcu.externaltools.gnu-tools-for-stm32.9-2020-q2-update.win32_2.0.0.202105311346/tools/bin/../lib/gcc/arm-none-eabi/9.3.1/../../../../arm-none-eabi/lib/thumb/v7e-m+fp/hard\libnosys.a
END GROUP
START GROUP
LOAD c:/stm32/stm32cubeide_1.8.0/stm32cubeide/plugins/com.st.stm32cube.ide.mcu.externaltools.gnu-tools-for-stm32.9-2020-q2-update.win32_2.0.0.202105311346/tools/bin/../lib/gcc/arm-none-eabi/9.3.1/thumb/v7e-m+fp/hard\libgcc.a
LOAD c:/stm32/stm32cubeide_1.8.0/stm32cubeide/plugins/com.st.stm32cube.ide.mcu.externaltools.gnu-tools-for-stm32.9-2020-q2-update.win32_2.0.0.202105311346/tools/bin/../lib/gcc/arm-none-eabi/9.3.1/../../../../arm-none-eabi/lib/thumb/v7e-m+fp/hard\libc_nano.a
LOAD c:/stm32/stm32cubeide_1.8.0/stm32cubeide/plugins/com.st.stm32cube.ide.mcu.externaltools.gnu-tools-for-stm32.9-2020-q2-update.win32_2.0.0.202105311346/tools/bin/../lib/gcc/arm-none-eabi/9.3.1/../../../../arm-none-eabi/lib/thumb/v7e-m+fp/hard\libnosys.a
END GROUP
LOAD c:/stm32/stm32cubeide_1.8.0/stm32cubeide/plugins/com.st.stm32cube.ide.mcu.externaltools.gnu-tools-for-stm32.9-2020-q2-update.win32_2.0.0.202105311346/tools/bin/../lib/gcc/arm-none-eabi/9.3.1/thumb/v7e-m+fp/hard/crtend.o
LOAD c:/stm32/stm32cubeide_1.8.0/stm32cubeide/plugins/com.st.stm32cube.ide.mcu.externaltools.gnu-tools-for-stm32.9-2020-q2-update.win32_2.0.0.202105311346/tools/bin/../lib/gcc/arm-none-eabi/9.3.1/thumb/v7e-m+fp/hard/crtn.o
                0x0000000020050000                _estack = (ORIGIN (RAM) + LENGTH (RAM))
                0x0000000000000200                _Min_Heap_Size = 0x200
                0x0000000000000400                _Min_Stack_Size = 0x400

.isr_vector     0x0000000008000000      0x1bc
                0x0000000008000000                . = ALIGN (0x4)
 *(.isr_vector)
 .isr_vector    0x0000000008000000      0x1bc ./Core/Startup/startup_stm32l4p5retx.o
                0x0000000008000000                g_pfnVectors
                0x00000000080001bc                . = ALIGN (0x4)

.text           0x00000000080001c0     0xa044
                0x00000000080001c0                . = ALIGN (0x4)
 *(.text)
 .text          0x00000000080001c0       0x40 c:/stm32/stm32cubeide_1.8.0/stm32cubeide/plugins/com.st.stm32cube.ide.mcu.externaltools.gnu-tools-for-stm32.9-2020-q2-update.win32_2.0.0.202105311346/tools/bin/../lib/gcc/arm-none-eabi/9.3.1/thumb/v7e-m+fp/hard/crtbegin.o
 *(.text*)
 .text._ZN16ISM330DHCXSensor7IO_ReadEPhht
                0x0000000008000200       0x60 ./Core/Src/ISM330DHCXSensor.o
                0x0000000008000200                ISM330DHCXSensor::IO_Read(unsigned char*, unsigned char, unsigned short)
 .text._ZN16ISM330DHCXSensor8IO_WriteEPhht
                0x0000000008000260       0x54 ./Core/Src/ISM330DHCXSensor.o
                0x0000000008000260                ISM330DHCXSensor::IO_Write(unsigned char*, unsigned char, unsigned short)
 .text._ZN16ISM330DHCXSensorC2Ev
                0x00000000080002b4       0x48 ./Core/Src/ISM330DHCXSensor.o
                0x00000000080002b4                ISM330DHCXSensor::ISM330DHCXSensor()
                0x00000000080002b4                ISM330DHCXSensor::ISM330DHCXSensor()
 .text._ZN16ISM330DHCXSensor4InitEv
                0x00000000080002fc      0x12e ./Core/Src/ISM330DHCXSensor.o
                0x00000000080002fc                ISM330DHCXSensor::Init()
 .text._ZN16ISM330DHCXSensor5beginEv
                0x000000000800042a       0x3a ./Core/Src/ISM330DHCXSensor.o
                0x000000000800042a                ISM330DHCXSensor::begin()
 .text._ZN16ISM330DHCXSensor10ACC_EnableEv
                0x0000000008000464       0x46 ./Core/Src/ISM330DHCXSensor.o
                0x0000000008000464                ISM330DHCXSensor::ACC_Enable()
 *fill*         0x00000000080004aa        0x2 
 .text._ZN16ISM330DHCXSensor18ACC_GetSensitivityEPf
                0x00000000080004ac       0x94 ./Core/Src/ISM330DHCXSensor.o
                0x00000000080004ac                ISM330DHCXSensor::ACC_GetSensitivity(float*)
 .text._ZN16ISM330DHCXSensor21ACC_SetOutputDataRateEf
                0x0000000008000540      0x120 ./Core/Src/ISM330DHCXSensor.o
                0x0000000008000540                ISM330DHCXSensor::ACC_SetOutputDataRate(float)
 .text._ZN16ISM330DHCXSensor16ACC_SetFullScaleEl
                0x0000000008000660       0x5a ./Core/Src/ISM330DHCXSensor.o
                0x0000000008000660                ISM330DHCXSensor::ACC_SetFullScale(long)
 .text._ZN16ISM330DHCXSensor14ACC_GetAxesRawEPs
                0x00000000080006ba       0x56 ./Core/Src/ISM330DHCXSensor.o
                0x00000000080006ba                ISM330DHCXSensor::ACC_GetAxesRaw(short*)
 .text._ZN16ISM330DHCXSensor11ACC_GetAxesEPl
                0x0000000008000710       0xc2 ./Core/Src/ISM330DHCXSensor.o
                0x0000000008000710                ISM330DHCXSensor::ACC_GetAxes(long*)
 .text._ZN16ISM330DHCXSensor11GYRO_EnableEv
                0x00000000080007d2       0x46 ./Core/Src/ISM330DHCXSensor.o
                0x00000000080007d2                ISM330DHCXSensor::GYRO_Enable()
 .text._ZN16ISM330DHCXSensor19GYRO_GetSensitivityEPf
                0x0000000008000818       0xd0 ./Core/Src/ISM330DHCXSensor.o
                0x0000000008000818                ISM330DHCXSensor::GYRO_GetSensitivity(float*)
 .text._ZN16ISM330DHCXSensor22GYRO_SetOutputDataRateEf
                0x00000000080008e8      0x120 ./Core/Src/ISM330DHCXSensor.o
                0x00000000080008e8                ISM330DHCXSensor::GYRO_SetOutputDataRate(float)
 .text._ZN16ISM330DHCXSensor17GYRO_SetFullScaleEl
                0x0000000008000a08       0x74 ./Core/Src/ISM330DHCXSensor.o
                0x0000000008000a08                ISM330DHCXSensor::GYRO_SetFullScale(long)
 .text._ZN16ISM330DHCXSensor15GYRO_GetAxesRawEPs
                0x0000000008000a7c       0x56 ./Core/Src/ISM330DHCXSensor.o
                0x0000000008000a7c                ISM330DHCXSensor::GYRO_GetAxesRaw(short*)
 .text._ZN16ISM330DHCXSensor12GYRO_GetAxesEPl
                0x0000000008000ad2       0xbc ./Core/Src/ISM330DHCXSensor.o
                0x0000000008000ad2                ISM330DHCXSensor::GYRO_GetAxes(long*)
 *fill*         0x0000000008000b8e        0x2 
 .text._ZN16ISM330DHCXSensor16FIFO_ACC_Set_BDREf
                0x0000000008000b90      0x120 ./Core/Src/ISM330DHCXSensor.o
                0x0000000008000b90                ISM330DHCXSensor::FIFO_ACC_Set_BDR(float)
 .text._ZN16ISM330DHCXSensor17FIFO_GYRO_Set_BDREf
                0x0000000008000cb0      0x120 ./Core/Src/ISM330DHCXSensor.o
                0x0000000008000cb0                ISM330DHCXSensor::FIFO_GYRO_Set_BDR(float)
 .text._ZN16ISM330DHCXSensor13FIFO_Set_ModeEh
                0x0000000008000dd0       0x80 ./Core/Src/ISM330DHCXSensor.o
                0x0000000008000dd0                ISM330DHCXSensor::FIFO_Set_Mode(unsigned char)
 .text.ISM330DHCX_io_write
                0x0000000008000e50       0x2a ./Core/Src/ISM330DHCXSensor.o
                0x0000000008000e50                ISM330DHCX_io_write
 .text.ISM330DHCX_io_read
                0x0000000008000e7a       0x2a ./Core/Src/ISM330DHCXSensor.o
                0x0000000008000e7a                ISM330DHCX_io_read
 .text.ism330dhcx_read_reg
                0x0000000008000ea4       0x30 ./Core/Src/ism330dhcx_reg.o
                0x0000000008000ea4                ism330dhcx_read_reg
 .text.ism330dhcx_write_reg
                0x0000000008000ed4       0x30 ./Core/Src/ism330dhcx_reg.o
                0x0000000008000ed4                ism330dhcx_write_reg
 .text.ism330dhcx_xl_full_scale_set
                0x0000000008000f04       0x4c ./Core/Src/ism330dhcx_reg.o
                0x0000000008000f04                ism330dhcx_xl_full_scale_set
 .text.ism330dhcx_xl_full_scale_get
                0x0000000008000f50       0x70 ./Core/Src/ism330dhcx_reg.o
                0x0000000008000f50                ism330dhcx_xl_full_scale_get
 .text.ism330dhcx_xl_data_rate_set
                0x0000000008000fc0      0x2e0 ./Core/Src/ism330dhcx_reg.o
                0x0000000008000fc0                ism330dhcx_xl_data_rate_set
 .text.ism330dhcx_gy_full_scale_set
                0x00000000080012a0       0x4c ./Core/Src/ism330dhcx_reg.o
                0x00000000080012a0                ism330dhcx_gy_full_scale_set
 .text.ism330dhcx_gy_full_scale_get
                0x00000000080012ec       0xa4 ./Core/Src/ism330dhcx_reg.o
                0x00000000080012ec                ism330dhcx_gy_full_scale_get
 .text.ism330dhcx_gy_data_rate_set
                0x0000000008001390      0x2e0 ./Core/Src/ism330dhcx_reg.o
                0x0000000008001390                ism330dhcx_gy_data_rate_set
 .text.ism330dhcx_block_data_update_set
                0x0000000008001670       0x4c ./Core/Src/ism330dhcx_reg.o
                0x0000000008001670                ism330dhcx_block_data_update_set
 .text.ism330dhcx_angular_rate_raw_get
                0x00000000080016bc       0x22 ./Core/Src/ism330dhcx_reg.o
                0x00000000080016bc                ism330dhcx_angular_rate_raw_get
 .text.ism330dhcx_acceleration_raw_get
                0x00000000080016de       0x22 ./Core/Src/ism330dhcx_reg.o
                0x00000000080016de                ism330dhcx_acceleration_raw_get
 .text.ism330dhcx_mem_bank_set
                0x0000000008001700       0x4c ./Core/Src/ism330dhcx_reg.o
                0x0000000008001700                ism330dhcx_mem_bank_set
 .text.ism330dhcx_reset_set
                0x000000000800174c       0x4c ./Core/Src/ism330dhcx_reg.o
                0x000000000800174c                ism330dhcx_reset_set
 .text.ism330dhcx_auto_increment_set
                0x0000000008001798       0x4c ./Core/Src/ism330dhcx_reg.o
                0x0000000008001798                ism330dhcx_auto_increment_set
 .text.ism330dhcx_fifo_xl_batch_set
                0x00000000080017e4       0x4c ./Core/Src/ism330dhcx_reg.o
                0x00000000080017e4                ism330dhcx_fifo_xl_batch_set
 .text.ism330dhcx_fifo_gy_batch_set
                0x0000000008001830       0x4c ./Core/Src/ism330dhcx_reg.o
                0x0000000008001830                ism330dhcx_fifo_gy_batch_set
 .text.ism330dhcx_fifo_mode_set
                0x000000000800187c       0x4c ./Core/Src/ism330dhcx_reg.o
                0x000000000800187c                ism330dhcx_fifo_mode_set
 .text.ism330dhcx_fsm_enable_get
                0x00000000080018c8       0x58 ./Core/Src/ism330dhcx_reg.o
                0x00000000080018c8                ism330dhcx_fsm_enable_get
 .text.ism330dhcx_fsm_data_rate_get
                0x0000000008001920       0x90 ./Core/Src/ism330dhcx_reg.o
                0x0000000008001920                ism330dhcx_fsm_data_rate_get
 .text.ism330dhcx_mlc_get
                0x00000000080019b0       0x52 ./Core/Src/ism330dhcx_reg.o
                0x00000000080019b0                ism330dhcx_mlc_get
 *fill*         0x0000000008001a02        0x2 
 .text.ism330dhcx_mlc_data_rate_get
                0x0000000008001a04       0x90 ./Core/Src/ism330dhcx_reg.o
                0x0000000008001a04                ism330dhcx_mlc_data_rate_get
 .text.main     0x0000000008001a94       0x68 ./Core/Src/main.o
                0x0000000008001a94                main
 .text._Z18SystemClock_Configv
                0x0000000008001afc       0xc4 ./Core/Src/main.o
                0x0000000008001afc                SystemClock_Config()
 .text._ZL12MX_ADC1_Initv
                0x0000000008001bc0      0x18c ./Core/Src/main.o
 .text._ZL12MX_CAN1_Initv
                0x0000000008001d4c       0x78 ./Core/Src/main.o
 .text._ZL11MX_RTC_Initv
                0x0000000008001dc4       0xe0 ./Core/Src/main.o
 .text._ZL12MX_SPI1_Initv
                0x0000000008001ea4       0x84 ./Core/Src/main.o
 .text._ZL11MX_DMA_Initv
                0x0000000008001f28       0x54 ./Core/Src/main.o
 .text._ZL12MX_GPIO_Initv
                0x0000000008001f7c      0x160 ./Core/Src/main.o
 .text._Z8ism_readhhPh
                0x00000000080020dc       0x5c ./Core/Src/main.o
                0x00000000080020dc                ism_read(unsigned char, unsigned char, unsigned char*)
 .text._Z16StartDefaultTaskPv
                0x0000000008002138       0x10 ./Core/Src/main.o
                0x0000000008002138                StartDefaultTask(void*)
 .text._Z12StartBlink01Pv
                0x0000000008002148      0x110 ./Core/Src/main.o
                0x0000000008002148                StartBlink01(void*)
 .text.HAL_TIM_PeriodElapsedCallback
                0x0000000008002258       0x24 ./Core/Src/main.o
                0x0000000008002258                HAL_TIM_PeriodElapsedCallback
 .text.Error_Handler
                0x000000000800227c        0xa ./Core/Src/main.o
                0x000000000800227c                Error_Handler
 *fill*         0x0000000008002286        0x2 
 .text.HAL_MspInit
                0x0000000008002288       0x60 ./Core/Src/stm32l4xx_hal_msp.o
                0x0000000008002288                HAL_MspInit
 .text.HAL_ADC_MspInit
                0x00000000080022e8      0x130 ./Core/Src/stm32l4xx_hal_msp.o
                0x00000000080022e8                HAL_ADC_MspInit
 .text.HAL_CAN_MspInit
                0x0000000008002418       0x88 ./Core/Src/stm32l4xx_hal_msp.o
                0x0000000008002418                HAL_CAN_MspInit
 .text.HAL_RTC_MspInit
                0x00000000080024a0       0x7c ./Core/Src/stm32l4xx_hal_msp.o
                0x00000000080024a0                HAL_RTC_MspInit
 .text.HAL_SPI_MspInit
                0x000000000800251c       0x84 ./Core/Src/stm32l4xx_hal_msp.o
                0x000000000800251c                HAL_SPI_MspInit
 .text.HAL_TIM_Base_MspInit
                0x00000000080025a0       0x4c ./Core/Src/stm32l4xx_hal_msp.o
                0x00000000080025a0                HAL_TIM_Base_MspInit
 .text.HAL_InitTick
                0x00000000080025ec       0xac ./Core/Src/stm32l4xx_hal_timebase_tim.o
                0x00000000080025ec                HAL_InitTick
 .text.NMI_Handler
                0x0000000008002698        0x6 ./Core/Src/stm32l4xx_it.o
                0x0000000008002698                NMI_Handler
 .text.HardFault_Handler
                0x000000000800269e        0x6 ./Core/Src/stm32l4xx_it.o
                0x000000000800269e                HardFault_Handler
 .text.MemManage_Handler
                0x00000000080026a4        0x6 ./Core/Src/stm32l4xx_it.o
                0x00000000080026a4                MemManage_Handler
 .text.BusFault_Handler
                0x00000000080026aa        0x6 ./Core/Src/stm32l4xx_it.o
                0x00000000080026aa                BusFault_Handler
 .text.UsageFault_Handler
                0x00000000080026b0        0x6 ./Core/Src/stm32l4xx_it.o
                0x00000000080026b0                UsageFault_Handler
 .text.DebugMon_Handler
                0x00000000080026b6        0xe ./Core/Src/stm32l4xx_it.o
                0x00000000080026b6                DebugMon_Handler
 .text.PVD_PVM_IRQHandler
                0x00000000080026c4        0xc ./Core/Src/stm32l4xx_it.o
                0x00000000080026c4                PVD_PVM_IRQHandler
 .text.DMA1_Channel1_IRQHandler
                0x00000000080026d0       0x14 ./Core/Src/stm32l4xx_it.o
                0x00000000080026d0                DMA1_Channel1_IRQHandler
 .text.TIM3_IRQHandler
                0x00000000080026e4       0x14 ./Core/Src/stm32l4xx_it.o
                0x00000000080026e4                TIM3_IRQHandler
 .text.TIM6_DAC_IRQHandler
                0x00000000080026f8       0x14 ./Core/Src/stm32l4xx_it.o
                0x00000000080026f8                TIM6_DAC_IRQHandler
 .text.SystemInit
                0x000000000800270c       0x24 ./Core/Src/system_stm32l4xx.o
                0x000000000800270c                SystemInit
 .text.Reset_Handler
                0x0000000008002730       0x50 ./Core/Startup/startup_stm32l4p5retx.o
                0x0000000008002730                Reset_Handler
 .text.Default_Handler
                0x0000000008002780        0x2 ./Core/Startup/startup_stm32l4p5retx.o
                0x0000000008002780                RTC_Alarm_IRQHandler
                0x0000000008002780                EXTI2_IRQHandler
                0x0000000008002780                TIM8_TRG_COM_IRQHandler
                0x0000000008002780                TIM8_CC_IRQHandler
                0x0000000008002780                TIM1_CC_IRQHandler
                0x0000000008002780                TSC_IRQHandler
                0x0000000008002780                TAMP_STAMP_IRQHandler
                0x0000000008002780                EXTI3_IRQHandler
                0x0000000008002780                LPTIM2_IRQHandler
                0x0000000008002780                DFSDM1_FLT1_IRQHandler
                0x0000000008002780                I2C3_ER_IRQHandler
                0x0000000008002780                EXTI0_IRQHandler
                0x0000000008002780                I2C2_EV_IRQHandler
                0x0000000008002780                CAN1_RX0_IRQHandler
                0x0000000008002780                FPU_IRQHandler
                0x0000000008002780                TIM1_UP_TIM16_IRQHandler
                0x0000000008002780                LTDC_ER_IRQHandler
                0x0000000008002780                ADC1_2_IRQHandler
                0x0000000008002780                SPI1_IRQHandler
                0x0000000008002780                OCTOSPI1_IRQHandler
                0x0000000008002780                TIM8_UP_IRQHandler
                0x0000000008002780                OCTOSPI2_IRQHandler
                0x0000000008002780                DMA2_Channel2_IRQHandler
                0x0000000008002780                DMA1_Channel4_IRQHandler
                0x0000000008002780                SAI2_IRQHandler
                0x0000000008002780                USART3_IRQHandler
                0x0000000008002780                DMA1_Channel7_IRQHandler
                0x0000000008002780                CAN1_RX1_IRQHandler
                0x0000000008002780                UART5_IRQHandler
                0x0000000008002780                TIM4_IRQHandler
                0x0000000008002780                DMA2_Channel1_IRQHandler
                0x0000000008002780                I2C1_EV_IRQHandler
                0x0000000008002780                DMAMUX1_OVR_IRQHandler
                0x0000000008002780                DMA1_Channel6_IRQHandler
                0x0000000008002780                UART4_IRQHandler
                0x0000000008002780                DMA2_Channel4_IRQHandler
                0x0000000008002780                RCC_IRQHandler
                0x0000000008002780                Default_Handler
                0x0000000008002780                DMA2_Channel7_IRQHandler
                0x0000000008002780                EXTI15_10_IRQHandler
                0x0000000008002780                TIM7_IRQHandler
                0x0000000008002780                SDMMC1_IRQHandler
                0x0000000008002780                TIM5_IRQHandler
                0x0000000008002780                I2C3_EV_IRQHandler
                0x0000000008002780                EXTI9_5_IRQHandler
                0x0000000008002780                RTC_WKUP_IRQHandler
                0x0000000008002780                LTDC_IRQHandler
                0x0000000008002780                SPI2_IRQHandler
                0x0000000008002780                CAN1_TX_IRQHandler
                0x0000000008002780                DMA2_Channel5_IRQHandler
                0x0000000008002780                DMA1_Channel5_IRQHandler
                0x0000000008002780                EXTI4_IRQHandler
                0x0000000008002780                RNG_IRQHandler
                0x0000000008002780                TIM1_TRG_COM_TIM17_IRQHandler
                0x0000000008002780                DMA1_Channel3_IRQHandler
                0x0000000008002780                COMP_IRQHandler
                0x0000000008002780                HASH_CRS_IRQHandler
                0x0000000008002780                WWDG_IRQHandler
                0x0000000008002780                I2C4_EV_IRQHandler
                0x0000000008002780                LPUART1_IRQHandler
                0x0000000008002780                DMA2_Channel6_IRQHandler
                0x0000000008002780                TIM2_IRQHandler
                0x0000000008002780                DMA2D_IRQHandler
                0x0000000008002780                EXTI1_IRQHandler
                0x0000000008002780                SDMMC2_IRQHandler
                0x0000000008002780                USART2_IRQHandler
                0x0000000008002780                DFSDM1_FLT0_IRQHandler
                0x0000000008002780                I2C2_ER_IRQHandler
                0x0000000008002780                DMA1_Channel2_IRQHandler
                0x0000000008002780                TIM8_BRK_IRQHandler
                0x0000000008002780                CAN1_SCE_IRQHandler
                0x0000000008002780                FLASH_IRQHandler
                0x0000000008002780                USART1_IRQHandler
                0x0000000008002780                OTG_FS_IRQHandler
                0x0000000008002780                SPI3_IRQHandler
                0x0000000008002780                I2C1_ER_IRQHandler
                0x0000000008002780                FMC_IRQHandler
                0x0000000008002780                LPTIM1_IRQHandler
                0x0000000008002780                DCMI_PSSI_IRQHandler
                0x0000000008002780                I2C4_ER_IRQHandler
                0x0000000008002780                SAI1_IRQHandler
                0x0000000008002780                DMA2_Channel3_IRQHandler
                0x0000000008002780                TIM1_BRK_TIM15_IRQHandler
 .text.HAL_Init
                0x0000000008002782       0x30 ./Drivers/STM32L4xx_HAL_Driver/stm32l4xx_hal.o
                0x0000000008002782                HAL_Init
 *fill*         0x00000000080027b2        0x2 
 .text.HAL_IncTick
                0x00000000080027b4       0x28 ./Drivers/STM32L4xx_HAL_Driver/stm32l4xx_hal.o
                0x00000000080027b4                HAL_IncTick
 .text.HAL_GetTick
                0x00000000080027dc       0x18 ./Drivers/STM32L4xx_HAL_Driver/stm32l4xx_hal.o
                0x00000000080027dc                HAL_GetTick
 .text.LL_ADC_SetCommonClock
                0x00000000080027f4       0x26 ./Drivers/STM32L4xx_HAL_Driver/stm32l4xx_hal_adc.o
 .text.LL_ADC_SetCommonPathInternalCh
                0x000000000800281a       0x26 ./Drivers/STM32L4xx_HAL_Driver/stm32l4xx_hal_adc.o
 .text.LL_ADC_GetCommonPathInternalCh
                0x0000000008002840       0x1c ./Drivers/STM32L4xx_HAL_Driver/stm32l4xx_hal_adc.o
 .text.LL_ADC_SetOffset
                0x000000000800285c       0x48 ./Drivers/STM32L4xx_HAL_Driver/stm32l4xx_hal_adc.o
 .text.LL_ADC_GetOffsetChannel
                0x00000000080028a4       0x2c ./Drivers/STM32L4xx_HAL_Driver/stm32l4xx_hal_adc.o
 .text.LL_ADC_SetOffsetState
                0x00000000080028d0       0x36 ./Drivers/STM32L4xx_HAL_Driver/stm32l4xx_hal_adc.o
 .text.LL_ADC_SetSamplingTimeCommonConfig
                0x0000000008002906       0x26 ./Drivers/STM32L4xx_HAL_Driver/stm32l4xx_hal_adc.o
 .text.LL_ADC_REG_SetSequencerRanks
                0x000000000800292c       0x58 ./Drivers/STM32L4xx_HAL_Driver/stm32l4xx_hal_adc.o
 .text.LL_ADC_SetChannelSamplingTime
                0x0000000008002984       0x56 ./Drivers/STM32L4xx_HAL_Driver/stm32l4xx_hal_adc.o
 *fill*         0x00000000080029da        0x2 
 .text.LL_ADC_SetChannelSingleDiff
                0x00000000080029dc       0x48 ./Drivers/STM32L4xx_HAL_Driver/stm32l4xx_hal_adc.o
 .text.LL_ADC_DisableDeepPowerDown
                0x0000000008002a24       0x24 ./Drivers/STM32L4xx_HAL_Driver/stm32l4xx_hal_adc.o
 .text.LL_ADC_IsDeepPowerDownEnabled
                0x0000000008002a48       0x28 ./Drivers/STM32L4xx_HAL_Driver/stm32l4xx_hal_adc.o
 .text.LL_ADC_EnableInternalRegulator
                0x0000000008002a70       0x28 ./Drivers/STM32L4xx_HAL_Driver/stm32l4xx_hal_adc.o
 .text.LL_ADC_IsInternalRegulatorEnabled
                0x0000000008002a98       0x28 ./Drivers/STM32L4xx_HAL_Driver/stm32l4xx_hal_adc.o
 .text.LL_ADC_IsEnabled
                0x0000000008002ac0       0x26 ./Drivers/STM32L4xx_HAL_Driver/stm32l4xx_hal_adc.o
 .text.LL_ADC_REG_IsConversionOngoing
                0x0000000008002ae6       0x26 ./Drivers/STM32L4xx_HAL_Driver/stm32l4xx_hal_adc.o
 .text.LL_ADC_INJ_IsConversionOngoing
                0x0000000008002b0c       0x26 ./Drivers/STM32L4xx_HAL_Driver/stm32l4xx_hal_adc.o
 *fill*         0x0000000008002b32        0x2 
 .text.HAL_ADC_Init
                0x0000000008002b34      0x2a4 ./Drivers/STM32L4xx_HAL_Driver/stm32l4xx_hal_adc.o
                0x0000000008002b34                HAL_ADC_Init
 .text.HAL_ADC_ConfigChannel
                0x0000000008002dd8      0x7f8 ./Drivers/STM32L4xx_HAL_Driver/stm32l4xx_hal_adc.o
                0x0000000008002dd8                HAL_ADC_ConfigChannel
 .text.LL_ADC_IsEnabled
                0x00000000080035d0       0x26 ./Drivers/STM32L4xx_HAL_Driver/stm32l4xx_hal_adc_ex.o
 .text.LL_ADC_REG_IsConversionOngoing
                0x00000000080035f6       0x26 ./Drivers/STM32L4xx_HAL_Driver/stm32l4xx_hal_adc_ex.o
 .text.HAL_ADCEx_MultiModeConfigChannel
                0x000000000800361c      0x148 ./Drivers/STM32L4xx_HAL_Driver/stm32l4xx_hal_adc_ex.o
                0x000000000800361c                HAL_ADCEx_MultiModeConfigChannel
 .text.HAL_CAN_Init
                0x0000000008003764      0x1f6 ./Drivers/STM32L4xx_HAL_Driver/stm32l4xx_hal_can.o
                0x0000000008003764                HAL_CAN_Init
 *fill*         0x000000000800395a        0x2 
 .text.__NVIC_SetPriorityGrouping
                0x000000000800395c       0x48 ./Drivers/STM32L4xx_HAL_Driver/stm32l4xx_hal_cortex.o
 .text.__NVIC_GetPriorityGrouping
                0x00000000080039a4       0x1c ./Drivers/STM32L4xx_HAL_Driver/stm32l4xx_hal_cortex.o
 .text.__NVIC_EnableIRQ
                0x00000000080039c0       0x3c ./Drivers/STM32L4xx_HAL_Driver/stm32l4xx_hal_cortex.o
 .text.__NVIC_SetPriority
                0x00000000080039fc       0x54 ./Drivers/STM32L4xx_HAL_Driver/stm32l4xx_hal_cortex.o
 .text.NVIC_EncodePriority
                0x0000000008003a50       0x66 ./Drivers/STM32L4xx_HAL_Driver/stm32l4xx_hal_cortex.o
 .text.HAL_NVIC_SetPriorityGrouping
                0x0000000008003ab6       0x16 ./Drivers/STM32L4xx_HAL_Driver/stm32l4xx_hal_cortex.o
                0x0000000008003ab6                HAL_NVIC_SetPriorityGrouping
 .text.HAL_NVIC_SetPriority
                0x0000000008003acc       0x38 ./Drivers/STM32L4xx_HAL_Driver/stm32l4xx_hal_cortex.o
                0x0000000008003acc                HAL_NVIC_SetPriority
 .text.HAL_NVIC_EnableIRQ
                0x0000000008003b04       0x1c ./Drivers/STM32L4xx_HAL_Driver/stm32l4xx_hal_cortex.o
                0x0000000008003b04                HAL_NVIC_EnableIRQ
 .text.HAL_DMA_Init
                0x0000000008003b20      0x150 ./Drivers/STM32L4xx_HAL_Driver/stm32l4xx_hal_dma.o
                0x0000000008003b20                HAL_DMA_Init
 .text.HAL_DMA_IRQHandler
                0x0000000008003c70      0x15e ./Drivers/STM32L4xx_HAL_Driver/stm32l4xx_hal_dma.o
                0x0000000008003c70                HAL_DMA_IRQHandler
 *fill*         0x0000000008003dce        0x2 
 .text.DMA_CalcDMAMUXChannelBaseAndMask
                0x0000000008003dd0       0x7c ./Drivers/STM32L4xx_HAL_Driver/stm32l4xx_hal_dma.o
 .text.DMA_CalcDMAMUXRequestGenBaseAndMask
                0x0000000008003e4c       0x48 ./Drivers/STM32L4xx_HAL_Driver/stm32l4xx_hal_dma.o
 .text.HAL_GPIO_Init
                0x0000000008003e94      0x324 ./Drivers/STM32L4xx_HAL_Driver/stm32l4xx_hal_gpio.o
                0x0000000008003e94                HAL_GPIO_Init
 .text.HAL_GPIO_WritePin
                0x00000000080041b8       0x30 ./Drivers/STM32L4xx_HAL_Driver/stm32l4xx_hal_gpio.o
                0x00000000080041b8                HAL_GPIO_WritePin
 .text.HAL_GPIO_TogglePin
                0x00000000080041e8       0x34 ./Drivers/STM32L4xx_HAL_Driver/stm32l4xx_hal_gpio.o
                0x00000000080041e8                HAL_GPIO_TogglePin
 .text.HAL_PWR_PVDCallback
                0x000000000800421c        0xe ./Drivers/STM32L4xx_HAL_Driver/stm32l4xx_hal_pwr.o
                0x000000000800421c                HAL_PWR_PVDCallback
 *fill*         0x000000000800422a        0x2 
 .text.HAL_PWREx_GetVoltageRange
                0x000000000800422c       0x40 ./Drivers/STM32L4xx_HAL_Driver/stm32l4xx_hal_pwr_ex.o
                0x000000000800422c                HAL_PWREx_GetVoltageRange
 .text.HAL_PWREx_ControlVoltageScaling
                0x000000000800426c      0x148 ./Drivers/STM32L4xx_HAL_Driver/stm32l4xx_hal_pwr_ex.o
                0x000000000800426c                HAL_PWREx_ControlVoltageScaling
 .text.HAL_PWREx_PVD_PVM_IRQHandler
                0x00000000080043b4       0x7c ./Drivers/STM32L4xx_HAL_Driver/stm32l4xx_hal_pwr_ex.o
                0x00000000080043b4                HAL_PWREx_PVD_PVM_IRQHandler
 .text.HAL_PWREx_PVM1Callback
                0x0000000008004430        0xe ./Drivers/STM32L4xx_HAL_Driver/stm32l4xx_hal_pwr_ex.o
                0x0000000008004430                HAL_PWREx_PVM1Callback
 .text.HAL_PWREx_PVM2Callback
                0x000000000800443e        0xe ./Drivers/STM32L4xx_HAL_Driver/stm32l4xx_hal_pwr_ex.o
                0x000000000800443e                HAL_PWREx_PVM2Callback
 .text.HAL_PWREx_PVM3Callback
                0x000000000800444c        0xe ./Drivers/STM32L4xx_HAL_Driver/stm32l4xx_hal_pwr_ex.o
                0x000000000800444c                HAL_PWREx_PVM3Callback
 .text.HAL_PWREx_PVM4Callback
                0x000000000800445a        0xe ./Drivers/STM32L4xx_HAL_Driver/stm32l4xx_hal_pwr_ex.o
                0x000000000800445a                HAL_PWREx_PVM4Callback
 .text.HAL_RCC_OscConfig
                0x0000000008004468      0x910 ./Drivers/STM32L4xx_HAL_Driver/stm32l4xx_hal_rcc.o
                0x0000000008004468                HAL_RCC_OscConfig
 .text.HAL_RCC_ClockConfig
                0x0000000008004d78      0x258 ./Drivers/STM32L4xx_HAL_Driver/stm32l4xx_hal_rcc.o
                0x0000000008004d78                HAL_RCC_ClockConfig
 .text.HAL_RCC_GetSysClockFreq
                0x0000000008004fd0      0x118 ./Drivers/STM32L4xx_HAL_Driver/stm32l4xx_hal_rcc.o
                0x0000000008004fd0                HAL_RCC_GetSysClockFreq
 .text.HAL_RCC_GetHCLKFreq
                0x00000000080050e8       0x18 ./Drivers/STM32L4xx_HAL_Driver/stm32l4xx_hal_rcc.o
                0x00000000080050e8                HAL_RCC_GetHCLKFreq
 .text.HAL_RCC_GetPCLK1Freq
                0x0000000008005100       0x2c ./Drivers/STM32L4xx_HAL_Driver/stm32l4xx_hal_rcc.o
                0x0000000008005100                HAL_RCC_GetPCLK1Freq
 .text.HAL_RCC_GetClockConfig
                0x000000000800512c       0x64 ./Drivers/STM32L4xx_HAL_Driver/stm32l4xx_hal_rcc.o
                0x000000000800512c                HAL_RCC_GetClockConfig
 .text.RCC_SetFlashLatencyFromMSIRange
                0x0000000008005190       0xb4 ./Drivers/STM32L4xx_HAL_Driver/stm32l4xx_hal_rcc.o
 .text.RCC_GetSysClockFreqFromPLLSource
                0x0000000008005244       0xd0 ./Drivers/STM32L4xx_HAL_Driver/stm32l4xx_hal_rcc.o
 .text.HAL_RCCEx_PeriphCLKConfig
                0x0000000008005314      0x6d8 ./Drivers/STM32L4xx_HAL_Driver/stm32l4xx_hal_rcc_ex.o
                0x0000000008005314                HAL_RCCEx_PeriphCLKConfig
 .text.RCCEx_PLLSAI1_Config
                0x00000000080059ec      0x1e8 ./Drivers/STM32L4xx_HAL_Driver/stm32l4xx_hal_rcc_ex.o
 .text.RCCEx_PLLSAI2_Config
                0x0000000008005bd4      0x1e8 ./Drivers/STM32L4xx_HAL_Driver/stm32l4xx_hal_rcc_ex.o
 .text.HAL_RTC_Init
                0x0000000008005dbc      0x120 ./Drivers/STM32L4xx_HAL_Driver/stm32l4xx_hal_rtc.o
                0x0000000008005dbc                HAL_RTC_Init
 .text.HAL_RTC_SetTime
                0x0000000008005edc      0x140 ./Drivers/STM32L4xx_HAL_Driver/stm32l4xx_hal_rtc.o
                0x0000000008005edc                HAL_RTC_SetTime
 .text.HAL_RTC_SetDate
                0x000000000800601c      0x110 ./Drivers/STM32L4xx_HAL_Driver/stm32l4xx_hal_rtc.o
                0x000000000800601c                HAL_RTC_SetDate
 .text.HAL_RTC_WaitForSynchro
                0x000000000800612c       0x4c ./Drivers/STM32L4xx_HAL_Driver/stm32l4xx_hal_rtc.o
                0x000000000800612c                HAL_RTC_WaitForSynchro
 .text.RTC_EnterInitMode
                0x0000000008006178       0x6c ./Drivers/STM32L4xx_HAL_Driver/stm32l4xx_hal_rtc.o
                0x0000000008006178                RTC_EnterInitMode
 .text.RTC_ExitInitMode
                0x00000000080061e4       0x7c ./Drivers/STM32L4xx_HAL_Driver/stm32l4xx_hal_rtc.o
                0x00000000080061e4                RTC_ExitInitMode
 .text.RTC_ByteToBcd2
                0x0000000008006260       0x40 ./Drivers/STM32L4xx_HAL_Driver/stm32l4xx_hal_rtc.o
                0x0000000008006260                RTC_ByteToBcd2
 .text.HAL_SPI_Init
                0x00000000080062a0      0x146 ./Drivers/STM32L4xx_HAL_Driver/stm32l4xx_hal_spi.o
                0x00000000080062a0                HAL_SPI_Init
 .text.HAL_SPI_Transmit
                0x00000000080063e6      0x2dc ./Drivers/STM32L4xx_HAL_Driver/stm32l4xx_hal_spi.o
                0x00000000080063e6                HAL_SPI_Transmit
 .text.HAL_SPI_Receive
                0x00000000080066c2      0x260 ./Drivers/STM32L4xx_HAL_Driver/stm32l4xx_hal_spi.o
                0x00000000080066c2                HAL_SPI_Receive
 .text.HAL_SPI_TransmitReceive
                0x0000000008006922      0x426 ./Drivers/STM32L4xx_HAL_Driver/stm32l4xx_hal_spi.o
                0x0000000008006922                HAL_SPI_TransmitReceive
 .text.SPI_WaitFlagStateUntilTimeout
                0x0000000008006d48      0x110 ./Drivers/STM32L4xx_HAL_Driver/stm32l4xx_hal_spi.o
 .text.SPI_WaitFifoStateUntilTimeout
                0x0000000008006e58      0x12c ./Drivers/STM32L4xx_HAL_Driver/stm32l4xx_hal_spi.o
 .text.SPI_EndRxTransaction
                0x0000000008006f84       0xb0 ./Drivers/STM32L4xx_HAL_Driver/stm32l4xx_hal_spi.o
 .text.SPI_EndRxTxTransaction
                0x0000000008007034       0x8c ./Drivers/STM32L4xx_HAL_Driver/stm32l4xx_hal_spi.o
 .text.HAL_TIM_Base_Init
                0x00000000080070c0       0xae ./Drivers/STM32L4xx_HAL_Driver/stm32l4xx_hal_tim.o
                0x00000000080070c0                HAL_TIM_Base_Init
 *fill*         0x000000000800716e        0x2 
 .text.HAL_TIM_Base_Start_IT
                0x0000000008007170       0xe0 ./Drivers/STM32L4xx_HAL_Driver/stm32l4xx_hal_tim.o
                0x0000000008007170                HAL_TIM_Base_Start_IT
 .text.HAL_TIM_IRQHandler
                0x0000000008007250      0x23e ./Drivers/STM32L4xx_HAL_Driver/stm32l4xx_hal_tim.o
                0x0000000008007250                HAL_TIM_IRQHandler
 .text.HAL_TIM_OC_DelayElapsedCallback
                0x000000000800748e       0x14 ./Drivers/STM32L4xx_HAL_Driver/stm32l4xx_hal_tim.o
                0x000000000800748e                HAL_TIM_OC_DelayElapsedCallback
 .text.HAL_TIM_IC_CaptureCallback
                0x00000000080074a2       0x14 ./Drivers/STM32L4xx_HAL_Driver/stm32l4xx_hal_tim.o
                0x00000000080074a2                HAL_TIM_IC_CaptureCallback
 .text.HAL_TIM_PWM_PulseFinishedCallback
                0x00000000080074b6       0x14 ./Drivers/STM32L4xx_HAL_Driver/stm32l4xx_hal_tim.o
                0x00000000080074b6                HAL_TIM_PWM_PulseFinishedCallback
 .text.HAL_TIM_TriggerCallback
                0x00000000080074ca       0x14 ./Drivers/STM32L4xx_HAL_Driver/stm32l4xx_hal_tim.o
                0x00000000080074ca                HAL_TIM_TriggerCallback
 *fill*         0x00000000080074de        0x2 
 .text.TIM_Base_SetConfig
                0x00000000080074e0      0x134 ./Drivers/STM32L4xx_HAL_Driver/stm32l4xx_hal_tim.o
                0x00000000080074e0                TIM_Base_SetConfig
 .text.HAL_TIMEx_CommutCallback
                0x0000000008007614       0x14 ./Drivers/STM32L4xx_HAL_Driver/stm32l4xx_hal_tim_ex.o
                0x0000000008007614                HAL_TIMEx_CommutCallback
 .text.HAL_TIMEx_BreakCallback
                0x0000000008007628       0x14 ./Drivers/STM32L4xx_HAL_Driver/stm32l4xx_hal_tim_ex.o
                0x0000000008007628                HAL_TIMEx_BreakCallback
 .text.HAL_TIMEx_Break2Callback
                0x000000000800763c       0x14 ./Drivers/STM32L4xx_HAL_Driver/stm32l4xx_hal_tim_ex.o
                0x000000000800763c                HAL_TIMEx_Break2Callback
 .text.__NVIC_SetPriority
                0x0000000008007650       0x54 ./Middlewares/FreeRTOS/cmsis_os2.o
 .text.SysTick_Handler
                0x00000000080076a4       0x20 ./Middlewares/FreeRTOS/cmsis_os2.o
                0x00000000080076a4                SysTick_Handler
 .text.SVC_Setup
                0x00000000080076c4       0x12 ./Middlewares/FreeRTOS/cmsis_os2.o
 *fill*         0x00000000080076d6        0x2 
 .text.osKernelInitialize
                0x00000000080076d8       0x48 ./Middlewares/FreeRTOS/cmsis_os2.o
                0x00000000080076d8                osKernelInitialize
 .text.osKernelStart
                0x0000000008007720       0x4c ./Middlewares/FreeRTOS/cmsis_os2.o
                0x0000000008007720                osKernelStart
 .text.osThreadNew
                0x000000000800776c      0x124 ./Middlewares/FreeRTOS/cmsis_os2.o
                0x000000000800776c                osThreadNew
 .text.osDelay  0x0000000008007890       0x36 ./Middlewares/FreeRTOS/cmsis_os2.o
                0x0000000008007890                osDelay
 *fill*         0x00000000080078c6        0x2 
 .text.vApplicationGetIdleTaskMemory
                0x00000000080078c8       0x34 ./Middlewares/FreeRTOS/cmsis_os2.o
                0x00000000080078c8                vApplicationGetIdleTaskMemory
 .text.vApplicationGetTimerTaskMemory
                0x00000000080078fc       0x34 ./Middlewares/FreeRTOS/cmsis_os2.o
                0x00000000080078fc                vApplicationGetTimerTaskMemory
 .text.pvPortMalloc
                0x0000000008007930      0x198 ./Middlewares/FreeRTOS/heap_4.o
                0x0000000008007930                pvPortMalloc
 .text.vPortFree
                0x0000000008007ac8       0xc4 ./Middlewares/FreeRTOS/heap_4.o
                0x0000000008007ac8                vPortFree
 .text.prvHeapInit
                0x0000000008007b8c       0xc4 ./Middlewares/FreeRTOS/heap_4.o
 .text.prvInsertBlockIntoFreeList
                0x0000000008007c50       0xb4 ./Middlewares/FreeRTOS/heap_4.o
 .text.vListInitialise
                0x0000000008007d04       0x40 ./Middlewares/FreeRTOS/list.o
                0x0000000008007d04                vListInitialise
 .text.vListInitialiseItem
                0x0000000008007d44       0x1a ./Middlewares/FreeRTOS/list.o
                0x0000000008007d44                vListInitialiseItem
 .text.vListInsertEnd
                0x0000000008007d5e       0x48 ./Middlewares/FreeRTOS/list.o
                0x0000000008007d5e                vListInsertEnd
 .text.vListInsert
                0x0000000008007da6       0x72 ./Middlewares/FreeRTOS/list.o
                0x0000000008007da6                vListInsert
 .text.uxListRemove
                0x0000000008007e18       0x54 ./Middlewares/FreeRTOS/list.o
                0x0000000008007e18                uxListRemove
 .text.pxPortInitialiseStack
                0x0000000008007e6c       0x68 ./Middlewares/FreeRTOS/port.o
                0x0000000008007e6c                pxPortInitialiseStack
 .text.prvTaskExitError
                0x0000000008007ed4       0x58 ./Middlewares/FreeRTOS/port.o
 *fill*         0x0000000008007f2c        0x4 
 .text.SVC_Handler
                0x0000000008007f30       0x28 ./Middlewares/FreeRTOS/port.o
                0x0000000008007f30                SVC_Handler
 .text.prvPortStartFirstTask
                0x0000000008007f58       0x28 ./Middlewares/FreeRTOS/port.o
 .text.xPortStartScheduler
                0x0000000008007f80      0x144 ./Middlewares/FreeRTOS/port.o
                0x0000000008007f80                xPortStartScheduler
 .text.vPortEnterCritical
                0x00000000080080c4       0x60 ./Middlewares/FreeRTOS/port.o
                0x00000000080080c4                vPortEnterCritical
 .text.vPortExitCritical
                0x0000000008008124       0x54 ./Middlewares/FreeRTOS/port.o
                0x0000000008008124                vPortExitCritical
 *fill*         0x0000000008008178        0x8 
 .text.PendSV_Handler
                0x0000000008008180       0x68 ./Middlewares/FreeRTOS/port.o
                0x0000000008008180                PendSV_Handler
 .text.xPortSysTickHandler
                0x00000000080081e8       0x44 ./Middlewares/FreeRTOS/port.o
                0x00000000080081e8                xPortSysTickHandler
 .text.vPortSetupTimerInterrupt
                0x000000000800822c       0x48 ./Middlewares/FreeRTOS/port.o
                0x000000000800822c                vPortSetupTimerInterrupt
 .text.vPortEnableVFP
                0x0000000008008274       0x14 ./Middlewares/FreeRTOS/port.o
 .text.vPortValidateInterruptPriority
                0x0000000008008288       0x80 ./Middlewares/FreeRTOS/port.o
                0x0000000008008288                vPortValidateInterruptPriority
 .text.xQueueGenericReset
                0x0000000008008308       0xd0 ./Middlewares/FreeRTOS/queue.o
                0x0000000008008308                xQueueGenericReset
 .text.xQueueGenericCreateStatic
                0x00000000080083d8       0xf0 ./Middlewares/FreeRTOS/queue.o
                0x00000000080083d8                xQueueGenericCreateStatic
 .text.prvInitialiseNewQueue
                0x00000000080084c8       0x46 ./Middlewares/FreeRTOS/queue.o
 *fill*         0x000000000800850e        0x2 
 .text.xQueueGenericSend
                0x0000000008008510      0x1fc ./Middlewares/FreeRTOS/queue.o
                0x0000000008008510                xQueueGenericSend
 .text.xQueueGenericSendFromISR
                0x000000000800870c      0x136 ./Middlewares/FreeRTOS/queue.o
                0x000000000800870c                xQueueGenericSendFromISR
 *fill*         0x0000000008008842        0x2 
 .text.xQueueReceive
                0x0000000008008844      0x1c0 ./Middlewares/FreeRTOS/queue.o
                0x0000000008008844                xQueueReceive
 .text.prvCopyDataToQueue
                0x0000000008008a04       0xd4 ./Middlewares/FreeRTOS/queue.o
 .text.prvCopyDataFromQueue
                0x0000000008008ad8       0x4c ./Middlewares/FreeRTOS/queue.o
 .text.prvUnlockQueue
                0x0000000008008b24       0xa4 ./Middlewares/FreeRTOS/queue.o
 .text.prvIsQueueEmpty
                0x0000000008008bc8       0x2c ./Middlewares/FreeRTOS/queue.o
 .text.prvIsQueueFull
                0x0000000008008bf4       0x30 ./Middlewares/FreeRTOS/queue.o
 .text.vQueueAddToRegistry
                0x0000000008008c24       0x54 ./Middlewares/FreeRTOS/queue.o
                0x0000000008008c24                vQueueAddToRegistry
 .text.vQueueWaitForMessageRestricted
                0x0000000008008c78       0x68 ./Middlewares/FreeRTOS/queue.o
                0x0000000008008c78                vQueueWaitForMessageRestricted
 .text.xTaskCreateStatic
                0x0000000008008ce0       0xba ./Middlewares/FreeRTOS/tasks.o
                0x0000000008008ce0                xTaskCreateStatic
 .text.xTaskCreate
                0x0000000008008d9a       0x8a ./Middlewares/FreeRTOS/tasks.o
                0x0000000008008d9a                xTaskCreate
 .text.prvInitialiseNewTask
                0x0000000008008e24      0x11e ./Middlewares/FreeRTOS/tasks.o
 *fill*         0x0000000008008f42        0x2 
 .text.prvAddNewTaskToReadyList
                0x0000000008008f44       0xe0 ./Middlewares/FreeRTOS/tasks.o
 .text.vTaskDelay
                0x0000000008009024       0x68 ./Middlewares/FreeRTOS/tasks.o
                0x0000000008009024                vTaskDelay
 .text.vTaskStartScheduler
                0x000000000800908c       0xcc ./Middlewares/FreeRTOS/tasks.o
                0x000000000800908c                vTaskStartScheduler
 .text.vTaskSuspendAll
                0x0000000008009158       0x1c ./Middlewares/FreeRTOS/tasks.o
                0x0000000008009158                vTaskSuspendAll
 .text.xTaskResumeAll
                0x0000000008009174      0x13c ./Middlewares/FreeRTOS/tasks.o
                0x0000000008009174                xTaskResumeAll
 .text.xTaskGetTickCount
                0x00000000080092b0       0x20 ./Middlewares/FreeRTOS/tasks.o
                0x00000000080092b0                xTaskGetTickCount
 .text.xTaskIncrementTick
                0x00000000080092d0      0x174 ./Middlewares/FreeRTOS/tasks.o
                0x00000000080092d0                xTaskIncrementTick
 .text.vTaskSwitchContext
                0x0000000008009444       0xbc ./Middlewares/FreeRTOS/tasks.o
                0x0000000008009444                vTaskSwitchContext
 .text.vTaskPlaceOnEventList
                0x0000000008009500       0x48 ./Middlewares/FreeRTOS/tasks.o
                0x0000000008009500                vTaskPlaceOnEventList
 .text.vTaskPlaceOnEventListRestricted
                0x0000000008009548       0x58 ./Middlewares/FreeRTOS/tasks.o
                0x0000000008009548                vTaskPlaceOnEventListRestricted
 .text.xTaskRemoveFromEventList
                0x00000000080095a0       0xc8 ./Middlewares/FreeRTOS/tasks.o
                0x00000000080095a0                xTaskRemoveFromEventList
 .text.vTaskInternalSetTimeOutState
                0x0000000008009668       0x2c ./Middlewares/FreeRTOS/tasks.o
                0x0000000008009668                vTaskInternalSetTimeOutState
 .text.xTaskCheckForTimeOut
                0x0000000008009694       0xc4 ./Middlewares/FreeRTOS/tasks.o
                0x0000000008009694                xTaskCheckForTimeOut
 .text.vTaskMissedYield
                0x0000000008009758       0x18 ./Middlewares/FreeRTOS/tasks.o
                0x0000000008009758                vTaskMissedYield
 .text.prvIdleTask
                0x0000000008009770       0x30 ./Middlewares/FreeRTOS/tasks.o
 .text.prvInitialiseTaskLists
                0x00000000080097a0       0x80 ./Middlewares/FreeRTOS/tasks.o
 .text.prvCheckTasksWaitingTermination
                0x0000000008009820       0x5c ./Middlewares/FreeRTOS/tasks.o
 .text.prvDeleteTCB
                0x000000000800987c       0x5e ./Middlewares/FreeRTOS/tasks.o
 *fill*         0x00000000080098da        0x2 
 .text.prvResetNextTaskUnblockTime
                0x00000000080098dc       0x40 ./Middlewares/FreeRTOS/tasks.o
 .text.xTaskGetSchedulerState
                0x000000000800991c       0x3c ./Middlewares/FreeRTOS/tasks.o
                0x000000000800991c                xTaskGetSchedulerState
 .text.xTaskPriorityDisinherit
                0x0000000008009958       0xdc ./Middlewares/FreeRTOS/tasks.o
                0x0000000008009958                xTaskPriorityDisinherit
 .text.prvAddCurrentTaskToDelayedList
                0x0000000008009a34       0xa8 ./Middlewares/FreeRTOS/tasks.o
 .text.xTimerCreateTimerTask
                0x0000000008009adc       0x90 ./Middlewares/FreeRTOS/timers.o
                0x0000000008009adc                xTimerCreateTimerTask
 .text.xTimerGenericCommand
                0x0000000008009b6c       0x9c ./Middlewares/FreeRTOS/timers.o
                0x0000000008009b6c                xTimerGenericCommand
 .text.prvProcessExpiredTimer
                0x0000000008009c08       0x98 ./Middlewares/FreeRTOS/timers.o
 .text.prvTimerTask
                0x0000000008009ca0       0x24 ./Middlewares/FreeRTOS/timers.o
 .text.prvProcessTimerOrBlockTask
                0x0000000008009cc4       0x9c ./Middlewares/FreeRTOS/timers.o
 .text.prvGetNextExpireTime
                0x0000000008009d60       0x48 ./Middlewares/FreeRTOS/timers.o
 .text.prvSampleTimeNow
                0x0000000008009da8       0x40 ./Middlewares/FreeRTOS/timers.o
 .text.prvInsertTimerInActiveList
                0x0000000008009de8       0x84 ./Middlewares/FreeRTOS/timers.o
 .text.prvProcessReceivedCommands
                0x0000000008009e6c      0x1c4 ./Middlewares/FreeRTOS/timers.o
 .text.prvSwitchTimerLists
                0x000000000800a030       0xc8 ./Middlewares/FreeRTOS/timers.o
 .text.prvCheckForValidListAndQueue
                0x000000000800a0f8       0x80 ./Middlewares/FreeRTOS/timers.o
 .text.__libc_init_array
                0x000000000800a178       0x48 c:/stm32/stm32cubeide_1.8.0/stm32cubeide/plugins/com.st.stm32cube.ide.mcu.externaltools.gnu-tools-for-stm32.9-2020-q2-update.win32_2.0.0.202105311346/tools/bin/../lib/gcc/arm-none-eabi/9.3.1/../../../../arm-none-eabi/lib/thumb/v7e-m+fp/hard\libc_nano.a(lib_a-init.o)
                0x000000000800a178                __libc_init_array
 .text.memcpy   0x000000000800a1c0       0x1c c:/stm32/stm32cubeide_1.8.0/stm32cubeide/plugins/com.st.stm32cube.ide.mcu.externaltools.gnu-tools-for-stm32.9-2020-q2-update.win32_2.0.0.202105311346/tools/bin/../lib/gcc/arm-none-eabi/9.3.1/../../../../arm-none-eabi/lib/thumb/v7e-m+fp/hard\libc_nano.a(lib_a-memcpy-stub.o)
                0x000000000800a1c0                memcpy
 .text.memset   0x000000000800a1dc       0x10 c:/stm32/stm32cubeide_1.8.0/stm32cubeide/plugins/com.st.stm32cube.ide.mcu.externaltools.gnu-tools-for-stm32.9-2020-q2-update.win32_2.0.0.202105311346/tools/bin/../lib/gcc/arm-none-eabi/9.3.1/../../../../arm-none-eabi/lib/thumb/v7e-m+fp/hard\libc_nano.a(lib_a-memset.o)
                0x000000000800a1dc                memset
 *(.glue_7)
 .glue_7        0x000000000800a1ec        0x0 linker stubs
 *(.glue_7t)
 .glue_7t       0x000000000800a1ec        0x0 linker stubs
 *(.eh_frame)
 .eh_frame      0x000000000800a1ec        0x0 c:/stm32/stm32cubeide_1.8.0/stm32cubeide/plugins/com.st.stm32cube.ide.mcu.externaltools.gnu-tools-for-stm32.9-2020-q2-update.win32_2.0.0.202105311346/tools/bin/../lib/gcc/arm-none-eabi/9.3.1/thumb/v7e-m+fp/hard/crtbegin.o
 *(.init)
 .init          0x000000000800a1ec        0x4 c:/stm32/stm32cubeide_1.8.0/stm32cubeide/plugins/com.st.stm32cube.ide.mcu.externaltools.gnu-tools-for-stm32.9-2020-q2-update.win32_2.0.0.202105311346/tools/bin/../lib/gcc/arm-none-eabi/9.3.1/thumb/v7e-m+fp/hard/crti.o
                0x000000000800a1ec                _init
 .init          0x000000000800a1f0        0x8 c:/stm32/stm32cubeide_1.8.0/stm32cubeide/plugins/com.st.stm32cube.ide.mcu.externaltools.gnu-tools-for-stm32.9-2020-q2-update.win32_2.0.0.202105311346/tools/bin/../lib/gcc/arm-none-eabi/9.3.1/thumb/v7e-m+fp/hard/crtn.o
 *(.fini)
 .fini          0x000000000800a1f8        0x4 c:/stm32/stm32cubeide_1.8.0/stm32cubeide/plugins/com.st.stm32cube.ide.mcu.externaltools.gnu-tools-for-stm32.9-2020-q2-update.win32_2.0.0.202105311346/tools/bin/../lib/gcc/arm-none-eabi/9.3.1/thumb/v7e-m+fp/hard/crti.o
                0x000000000800a1f8                _fini
 .fini          0x000000000800a1fc        0x8 c:/stm32/stm32cubeide_1.8.0/stm32cubeide/plugins/com.st.stm32cube.ide.mcu.externaltools.gnu-tools-for-stm32.9-2020-q2-update.win32_2.0.0.202105311346/tools/bin/../lib/gcc/arm-none-eabi/9.3.1/thumb/v7e-m+fp/hard/crtn.o
                0x000000000800a204                . = ALIGN (0x4)
                0x000000000800a204                _etext = .

.vfp11_veneer   0x000000000800a204        0x0
 .vfp11_veneer  0x000000000800a204        0x0 linker stubs

.v4_bx          0x000000000800a204        0x0
 .v4_bx         0x000000000800a204        0x0 linker stubs

.iplt           0x000000000800a204        0x0
 .iplt          0x000000000800a204        0x0 c:/stm32/stm32cubeide_1.8.0/stm32cubeide/plugins/com.st.stm32cube.ide.mcu.externaltools.gnu-tools-for-stm32.9-2020-q2-update.win32_2.0.0.202105311346/tools/bin/../lib/gcc/arm-none-eabi/9.3.1/thumb/v7e-m+fp/hard/crtbegin.o

.rodata         0x000000000800a204       0xd4
                0x000000000800a204                . = ALIGN (0x4)
 *(.rodata)
 .rodata        0x000000000800a204       0x2c ./Core/Src/main.o
 .rodata        0x000000000800a230        0x5 ./Middlewares/FreeRTOS/tasks.o
 *fill*         0x000000000800a235        0x3 
 .rodata        0x000000000800a238        0xd ./Middlewares/FreeRTOS/timers.o
 *(.rodata*)
 *fill*         0x000000000800a245        0x3 
 .rodata._ZL22defaultTask_attributes
                0x000000000800a248       0x24 ./Core/Src/main.o
 .rodata._ZL18blink01_attributes
                0x000000000800a26c       0x24 ./Core/Src/main.o
 .rodata.AHBPrescTable
                0x000000000800a290       0x10 ./Core/Src/system_stm32l4xx.o
                0x000000000800a290                AHBPrescTable
 .rodata.APBPrescTable
                0x000000000800a2a0        0x8 ./Core/Src/system_stm32l4xx.o
                0x000000000800a2a0                APBPrescTable
 .rodata.MSIRangeTable
                0x000000000800a2a8       0x30 ./Core/Src/system_stm32l4xx.o
                0x000000000800a2a8                MSIRangeTable
                0x000000000800a2d8                . = ALIGN (0x4)

.rel.dyn        0x000000000800a2d8        0x0
 .rel.iplt      0x000000000800a2d8        0x0 c:/stm32/stm32cubeide_1.8.0/stm32cubeide/plugins/com.st.stm32cube.ide.mcu.externaltools.gnu-tools-for-stm32.9-2020-q2-update.win32_2.0.0.202105311346/tools/bin/../lib/gcc/arm-none-eabi/9.3.1/thumb/v7e-m+fp/hard/crtbegin.o

.ARM.extab      0x000000000800a2d8        0x0
                0x000000000800a2d8                . = ALIGN (0x4)
 *(.ARM.extab* .gnu.linkonce.armextab.*)
                0x000000000800a2d8                . = ALIGN (0x4)

.ARM            0x000000000800a2d8        0x0
                0x000000000800a2d8                . = ALIGN (0x4)
                0x000000000800a2d8                __exidx_start = .
 *(.ARM.exidx*)
                0x000000000800a2d8                __exidx_end = .
                0x000000000800a2d8                . = ALIGN (0x4)

.preinit_array  0x000000000800a2d8        0x0
                0x000000000800a2d8                . = ALIGN (0x4)
                0x000000000800a2d8                PROVIDE (__preinit_array_start = .)
 *(.preinit_array*)
                0x000000000800a2d8                PROVIDE (__preinit_array_end = .)
                0x000000000800a2d8                . = ALIGN (0x4)

.init_array     0x000000000800a2d8        0x4
                0x000000000800a2d8                . = ALIGN (0x4)
                0x000000000800a2d8                PROVIDE (__init_array_start = .)
 *(SORT_BY_NAME(.init_array.*))
 *(.init_array*)
 .init_array    0x000000000800a2d8        0x4 c:/stm32/stm32cubeide_1.8.0/stm32cubeide/plugins/com.st.stm32cube.ide.mcu.externaltools.gnu-tools-for-stm32.9-2020-q2-update.win32_2.0.0.202105311346/tools/bin/../lib/gcc/arm-none-eabi/9.3.1/thumb/v7e-m+fp/hard/crtbegin.o
                0x000000000800a2dc                PROVIDE (__init_array_end = .)
                0x000000000800a2dc                . = ALIGN (0x4)

.fini_array     0x000000000800a2dc        0x4
                0x000000000800a2dc                . = ALIGN (0x4)
                [!provide]                        PROVIDE (__fini_array_start = .)
 *(SORT_BY_NAME(.fini_array.*))
 *(.fini_array*)
 .fini_array    0x000000000800a2dc        0x4 c:/stm32/stm32cubeide_1.8.0/stm32cubeide/plugins/com.st.stm32cube.ide.mcu.externaltools.gnu-tools-for-stm32.9-2020-q2-update.win32_2.0.0.202105311346/tools/bin/../lib/gcc/arm-none-eabi/9.3.1/thumb/v7e-m+fp/hard/crtbegin.o
                [!provide]                        PROVIDE (__fini_array_end = .)
                0x000000000800a2e0                . = ALIGN (0x4)
                0x000000000800a2e0                _sidata = LOADADDR (.data)

.data           0x0000000020000000       0x10 load address 0x000000000800a2e0
                0x0000000020000000                . = ALIGN (0x4)
                0x0000000020000000                _sdata = .
 *(.data)
 *(.data*)
 .data.SystemCoreClock
                0x0000000020000000        0x4 ./Core/Src/system_stm32l4xx.o
                0x0000000020000000                SystemCoreClock
 .data.uwTickPrio
                0x0000000020000004        0x4 ./Drivers/STM32L4xx_HAL_Driver/stm32l4xx_hal.o
                0x0000000020000004                uwTickPrio
 .data.uwTickFreq
                0x0000000020000008        0x1 ./Drivers/STM32L4xx_HAL_Driver/stm32l4xx_hal.o
                0x0000000020000008                uwTickFreq
 *fill*         0x0000000020000009        0x3 
 .data.uxCriticalNesting
                0x000000002000000c        0x4 ./Middlewares/FreeRTOS/port.o
 *(.RamFunc)
 *(.RamFunc*)
                0x0000000020000010                . = ALIGN (0x4)
                0x0000000020000010                _edata = .

.igot.plt       0x0000000020000010        0x0 load address 0x000000000800a2f0
 .igot.plt      0x0000000020000010        0x0 c:/stm32/stm32cubeide_1.8.0/stm32cubeide/plugins/com.st.stm32cube.ide.mcu.externaltools.gnu-tools-for-stm32.9-2020-q2-update.win32_2.0.0.202105311346/tools/bin/../lib/gcc/arm-none-eabi/9.3.1/thumb/v7e-m+fp/hard/crtbegin.o
                0x0000000020000010                . = ALIGN (0x4)

.bss            0x0000000020000010     0x1b68 load address 0x000000000800a2f0
                0x0000000020000010                _sbss = .
                0x0000000020000010                __bss_start__ = _sbss
 *(.bss)
 .bss           0x0000000020000010       0x1c c:/stm32/stm32cubeide_1.8.0/stm32cubeide/plugins/com.st.stm32cube.ide.mcu.externaltools.gnu-tools-for-stm32.9-2020-q2-update.win32_2.0.0.202105311346/tools/bin/../lib/gcc/arm-none-eabi/9.3.1/thumb/v7e-m+fp/hard/crtbegin.o
 *(.bss*)
 .bss.hspi1     0x000000002000002c       0x64 ./Core/Src/main.o
                0x000000002000002c                hspi1
 .bss.hadc1     0x0000000020000090       0x68 ./Core/Src/main.o
                0x0000000020000090                hadc1
 .bss.hdma_adc1
                0x00000000200000f8       0x60 ./Core/Src/main.o
                0x00000000200000f8                hdma_adc1
 .bss.hcan1     0x0000000020000158       0x28 ./Core/Src/main.o
                0x0000000020000158                hcan1
 .bss.hrtc      0x0000000020000180       0x34 ./Core/Src/main.o
                0x0000000020000180                hrtc
 .bss.htim3     0x00000000200001b4       0x4c ./Core/Src/main.o
                0x00000000200001b4                htim3
 .bss.defaultTaskHandle
                0x0000000020000200        0x4 ./Core/Src/main.o
                0x0000000020000200                defaultTaskHandle
 .bss.blink01Handle
                0x0000000020000204        0x4 ./Core/Src/main.o
                0x0000000020000204                blink01Handle
 .bss.accelerometer
                0x0000000020000208        0xc ./Core/Src/main.o
                0x0000000020000208                accelerometer
 .bss.gyroscope
                0x0000000020000214        0xc ./Core/Src/main.o
                0x0000000020000214                gyroscope
 .bss.KernelState
                0x0000000020000220        0x4 ./Middlewares/FreeRTOS/cmsis_os2.o
 .bss.Idle_TCB.12216
                0x0000000020000224       0x5c ./Middlewares/FreeRTOS/cmsis_os2.o
 .bss.Idle_Stack.12217
                0x0000000020000280      0x200 ./Middlewares/FreeRTOS/cmsis_os2.o
 .bss.Timer_TCB.12223
                0x0000000020000480       0x5c ./Middlewares/FreeRTOS/cmsis_os2.o
 .bss.Timer_Stack.12224
                0x00000000200004dc      0x400 ./Middlewares/FreeRTOS/cmsis_os2.o
 .bss.ucHeap    0x00000000200008dc      0xbb8 ./Middlewares/FreeRTOS/heap_4.o
 .bss.xStart    0x0000000020001494        0x8 ./Middlewares/FreeRTOS/heap_4.o
 .bss.pxEnd     0x000000002000149c        0x4 ./Middlewares/FreeRTOS/heap_4.o
 .bss.xFreeBytesRemaining
                0x00000000200014a0        0x4 ./Middlewares/FreeRTOS/heap_4.o
 .bss.xMinimumEverFreeBytesRemaining
                0x00000000200014a4        0x4 ./Middlewares/FreeRTOS/heap_4.o
 .bss.xNumberOfSuccessfulAllocations
                0x00000000200014a8        0x4 ./Middlewares/FreeRTOS/heap_4.o
 .bss.xNumberOfSuccessfulFrees
                0x00000000200014ac        0x4 ./Middlewares/FreeRTOS/heap_4.o
 .bss.xBlockAllocatedBit
                0x00000000200014b0        0x4 ./Middlewares/FreeRTOS/heap_4.o
 .bss.ucMaxSysCallPriority
                0x00000000200014b4        0x1 ./Middlewares/FreeRTOS/port.o
 *fill*         0x00000000200014b5        0x3 
 .bss.ulMaxPRIGROUPValue
                0x00000000200014b8        0x4 ./Middlewares/FreeRTOS/port.o
 .bss.pxCurrentTCB
                0x00000000200014bc        0x4 ./Middlewares/FreeRTOS/tasks.o
                0x00000000200014bc                pxCurrentTCB
 .bss.pxReadyTasksLists
                0x00000000200014c0      0x460 ./Middlewares/FreeRTOS/tasks.o
 .bss.xDelayedTaskList1
                0x0000000020001920       0x14 ./Middlewares/FreeRTOS/tasks.o
 .bss.xDelayedTaskList2
                0x0000000020001934       0x14 ./Middlewares/FreeRTOS/tasks.o
 .bss.pxDelayedTaskList
                0x0000000020001948        0x4 ./Middlewares/FreeRTOS/tasks.o
 .bss.pxOverflowDelayedTaskList
                0x000000002000194c        0x4 ./Middlewares/FreeRTOS/tasks.o
 .bss.xPendingReadyList
                0x0000000020001950       0x14 ./Middlewares/FreeRTOS/tasks.o
 .bss.xTasksWaitingTermination
                0x0000000020001964       0x14 ./Middlewares/FreeRTOS/tasks.o
 .bss.uxDeletedTasksWaitingCleanUp
                0x0000000020001978        0x4 ./Middlewares/FreeRTOS/tasks.o
 .bss.xSuspendedTaskList
                0x000000002000197c       0x14 ./Middlewares/FreeRTOS/tasks.o
 .bss.uxCurrentNumberOfTasks
                0x0000000020001990        0x4 ./Middlewares/FreeRTOS/tasks.o
 .bss.xTickCount
                0x0000000020001994        0x4 ./Middlewares/FreeRTOS/tasks.o
 .bss.uxTopReadyPriority
                0x0000000020001998        0x4 ./Middlewares/FreeRTOS/tasks.o
 .bss.xSchedulerRunning
                0x000000002000199c        0x4 ./Middlewares/FreeRTOS/tasks.o
 .bss.xPendedTicks
                0x00000000200019a0        0x4 ./Middlewares/FreeRTOS/tasks.o
 .bss.xYieldPending
                0x00000000200019a4        0x4 ./Middlewares/FreeRTOS/tasks.o
 .bss.xNumOfOverflows
                0x00000000200019a8        0x4 ./Middlewares/FreeRTOS/tasks.o
 .bss.uxTaskNumber
                0x00000000200019ac        0x4 ./Middlewares/FreeRTOS/tasks.o
 .bss.xNextTaskUnblockTime
                0x00000000200019b0        0x4 ./Middlewares/FreeRTOS/tasks.o
 .bss.xIdleTaskHandle
                0x00000000200019b4        0x4 ./Middlewares/FreeRTOS/tasks.o
 .bss.uxSchedulerSuspended
                0x00000000200019b8        0x4 ./Middlewares/FreeRTOS/tasks.o
 .bss.xActiveTimerList1
                0x00000000200019bc       0x14 ./Middlewares/FreeRTOS/timers.o
 .bss.xActiveTimerList2
                0x00000000200019d0       0x14 ./Middlewares/FreeRTOS/timers.o
 .bss.pxCurrentTimerList
                0x00000000200019e4        0x4 ./Middlewares/FreeRTOS/timers.o
 .bss.pxOverflowTimerList
                0x00000000200019e8        0x4 ./Middlewares/FreeRTOS/timers.o
 .bss.xTimerQueue
                0x00000000200019ec        0x4 ./Middlewares/FreeRTOS/timers.o
 .bss.xTimerTaskHandle
                0x00000000200019f0        0x4 ./Middlewares/FreeRTOS/timers.o
 .bss.xLastTime.6925
                0x00000000200019f4        0x4 ./Middlewares/FreeRTOS/timers.o
 .bss.ucStaticTimerQueueStorage.6976
                0x00000000200019f8       0xa0 ./Middlewares/FreeRTOS/timers.o
 .bss.xStaticTimerQueue.6975
                0x0000000020001a98       0x50 ./Middlewares/FreeRTOS/timers.o
 *(COMMON)
 COMMON         0x0000000020001ae8       0x4c ./Core/Src/stm32l4xx_hal_timebase_tim.o
                0x0000000020001ae8                htim6
 COMMON         0x0000000020001b34        0x4 ./Drivers/STM32L4xx_HAL_Driver/stm32l4xx_hal.o
                0x0000000020001b34                uwTick
 COMMON         0x0000000020001b38       0x40 ./Middlewares/FreeRTOS/queue.o
                0x0000000020001b38                xQueueRegistry
                0x0000000020001b78                . = ALIGN (0x4)
                0x0000000020001b78                _ebss = .
                0x0000000020001b78                __bss_end__ = _ebss

._user_heap_stack
                0x0000000020001b78      0x600 load address 0x000000000800a2f0
                0x0000000020001b78                . = ALIGN (0x8)
                [!provide]                        PROVIDE (end = .)
                0x0000000020001b78                PROVIDE (_end = .)
                0x0000000020001d78                . = (. + _Min_Heap_Size)
 *fill*         0x0000000020001b78      0x200 
                0x0000000020002178                . = (. + _Min_Stack_Size)
 *fill*         0x0000000020001d78      0x400 
                0x0000000020002178                . = ALIGN (0x8)

/DISCARD/
 libc.a(*)
 libm.a(*)
 libgcc.a(*)

.ARM.attributes
                0x0000000000000000       0x30
 *(.ARM.attributes)
 .ARM.attributes
                0x0000000000000000       0x1e c:/stm32/stm32cubeide_1.8.0/stm32cubeide/plugins/com.st.stm32cube.ide.mcu.externaltools.gnu-tools-for-stm32.9-2020-q2-update.win32_2.0.0.202105311346/tools/bin/../lib/gcc/arm-none-eabi/9.3.1/thumb/v7e-m+fp/hard/crti.o
 .ARM.attributes
                0x000000000000001e       0x34 c:/stm32/stm32cubeide_1.8.0/stm32cubeide/plugins/com.st.stm32cube.ide.mcu.externaltools.gnu-tools-for-stm32.9-2020-q2-update.win32_2.0.0.202105311346/tools/bin/../lib/gcc/arm-none-eabi/9.3.1/thumb/v7e-m+fp/hard/crtbegin.o
 .ARM.attributes
                0x0000000000000052       0x34 ./Core/Src/ISM330DHCXSensor.o
 .ARM.attributes
                0x0000000000000086       0x34 ./Core/Src/ism330dhcx_reg.o
 .ARM.attributes
                0x00000000000000ba       0x34 ./Core/Src/main.o
 .ARM.attributes
                0x00000000000000ee       0x34 ./Core/Src/stm32l4xx_hal_msp.o
 .ARM.attributes
                0x0000000000000122       0x34 ./Core/Src/stm32l4xx_hal_timebase_tim.o
 .ARM.attributes
                0x0000000000000156       0x34 ./Core/Src/stm32l4xx_it.o
 .ARM.attributes
                0x000000000000018a       0x34 ./Core/Src/system_stm32l4xx.o
 .ARM.attributes
                0x00000000000001be       0x21 ./Core/Startup/startup_stm32l4p5retx.o
 .ARM.attributes
                0x00000000000001df       0x34 ./Drivers/STM32L4xx_HAL_Driver/stm32l4xx_hal.o
 .ARM.attributes
                0x0000000000000213       0x34 ./Drivers/STM32L4xx_HAL_Driver/stm32l4xx_hal_adc.o
 .ARM.attributes
                0x0000000000000247       0x34 ./Drivers/STM32L4xx_HAL_Driver/stm32l4xx_hal_adc_ex.o
 .ARM.attributes
                0x000000000000027b       0x34 ./Drivers/STM32L4xx_HAL_Driver/stm32l4xx_hal_can.o
 .ARM.attributes
                0x00000000000002af       0x34 ./Drivers/STM32L4xx_HAL_Driver/stm32l4xx_hal_cortex.o
 .ARM.attributes
                0x00000000000002e3       0x34 ./Drivers/STM32L4xx_HAL_Driver/stm32l4xx_hal_dma.o
 .ARM.attributes
                0x0000000000000317       0x34 ./Drivers/STM32L4xx_HAL_Driver/stm32l4xx_hal_gpio.o
 .ARM.attributes
                0x000000000000034b       0x34 ./Drivers/STM32L4xx_HAL_Driver/stm32l4xx_hal_pwr.o
 .ARM.attributes
                0x000000000000037f       0x34 ./Drivers/STM32L4xx_HAL_Driver/stm32l4xx_hal_pwr_ex.o
 .ARM.attributes
                0x00000000000003b3       0x34 ./Drivers/STM32L4xx_HAL_Driver/stm32l4xx_hal_rcc.o
 .ARM.attributes
                0x00000000000003e7       0x34 ./Drivers/STM32L4xx_HAL_Driver/stm32l4xx_hal_rcc_ex.o
 .ARM.attributes
                0x000000000000041b       0x34 ./Drivers/STM32L4xx_HAL_Driver/stm32l4xx_hal_rtc.o
 .ARM.attributes
                0x000000000000044f       0x34 ./Drivers/STM32L4xx_HAL_Driver/stm32l4xx_hal_spi.o
 .ARM.attributes
                0x0000000000000483       0x34 ./Drivers/STM32L4xx_HAL_Driver/stm32l4xx_hal_tim.o
 .ARM.attributes
                0x00000000000004b7       0x34 ./Drivers/STM32L4xx_HAL_Driver/stm32l4xx_hal_tim_ex.o
 .ARM.attributes
                0x00000000000004eb       0x34 ./Middlewares/FreeRTOS/cmsis_os2.o
 .ARM.attributes
                0x000000000000051f       0x34 ./Middlewares/FreeRTOS/heap_4.o
 .ARM.attributes
                0x0000000000000553       0x34 ./Middlewares/FreeRTOS/list.o
 .ARM.attributes
                0x0000000000000587       0x34 ./Middlewares/FreeRTOS/port.o
 .ARM.attributes
                0x00000000000005bb       0x34 ./Middlewares/FreeRTOS/queue.o
 .ARM.attributes
                0x00000000000005ef       0x34 ./Middlewares/FreeRTOS/tasks.o
 .ARM.attributes
                0x0000000000000623       0x34 ./Middlewares/FreeRTOS/timers.o
 .ARM.attributes
                0x0000000000000657       0x34 c:/stm32/stm32cubeide_1.8.0/stm32cubeide/plugins/com.st.stm32cube.ide.mcu.externaltools.gnu-tools-for-stm32.9-2020-q2-update.win32_2.0.0.202105311346/tools/bin/../lib/gcc/arm-none-eabi/9.3.1/../../../../arm-none-eabi/lib/thumb/v7e-m+fp/hard\libc_nano.a(lib_a-init.o)
 .ARM.attributes
                0x000000000000068b       0x34 c:/stm32/stm32cubeide_1.8.0/stm32cubeide/plugins/com.st.stm32cube.ide.mcu.externaltools.gnu-tools-for-stm32.9-2020-q2-update.win32_2.0.0.202105311346/tools/bin/../lib/gcc/arm-none-eabi/9.3.1/../../../../arm-none-eabi/lib/thumb/v7e-m+fp/hard\libc_nano.a(lib_a-memcpy-stub.o)
 .ARM.attributes
                0x00000000000006bf       0x34 c:/stm32/stm32cubeide_1.8.0/stm32cubeide/plugins/com.st.stm32cube.ide.mcu.externaltools.gnu-tools-for-stm32.9-2020-q2-update.win32_2.0.0.202105311346/tools/bin/../lib/gcc/arm-none-eabi/9.3.1/../../../../arm-none-eabi/lib/thumb/v7e-m+fp/hard\libc_nano.a(lib_a-memset.o)
 .ARM.attributes
                0x00000000000006f3       0x1e c:/stm32/stm32cubeide_1.8.0/stm32cubeide/plugins/com.st.stm32cube.ide.mcu.externaltools.gnu-tools-for-stm32.9-2020-q2-update.win32_2.0.0.202105311346/tools/bin/../lib/gcc/arm-none-eabi/9.3.1/thumb/v7e-m+fp/hard/crtn.o
OUTPUT(data_aqusition_card.elf elf32-littlearm)
LOAD linker stubs
LOAD c:/stm32/stm32cubeide_1.8.0/stm32cubeide/plugins/com.st.stm32cube.ide.mcu.externaltools.gnu-tools-for-stm32.9-2020-q2-update.win32_2.0.0.202105311346/tools/bin/../lib/gcc/arm-none-eabi/9.3.1/../../../../arm-none-eabi/lib/thumb/v7e-m+fp/hard\libc.a
LOAD c:/stm32/stm32cubeide_1.8.0/stm32cubeide/plugins/com.st.stm32cube.ide.mcu.externaltools.gnu-tools-for-stm32.9-2020-q2-update.win32_2.0.0.202105311346/tools/bin/../lib/gcc/arm-none-eabi/9.3.1/../../../../arm-none-eabi/lib/thumb/v7e-m+fp/hard\libm.a
LOAD c:/stm32/stm32cubeide_1.8.0/stm32cubeide/plugins/com.st.stm32cube.ide.mcu.externaltools.gnu-tools-for-stm32.9-2020-q2-update.win32_2.0.0.202105311346/tools/bin/../lib/gcc/arm-none-eabi/9.3.1/thumb/v7e-m+fp/hard\libgcc.a

.debug_info     0x0000000000000000    0x40864
 .debug_info    0x0000000000000000     0x9c99 ./Core/Src/ISM330DHCXSensor.o
 .debug_info    0x0000000000009c99     0xc987 ./Core/Src/ism330dhcx_reg.o
 .debug_info    0x0000000000016620     0x6132 ./Core/Src/main.o
 .debug_info    0x000000000001c752     0x2263 ./Core/Src/stm32l4xx_hal_msp.o
 .debug_info    0x000000000001e9b5      0xf99 ./Core/Src/stm32l4xx_hal_timebase_tim.o
 .debug_info    0x000000000001f94e      0xa8a ./Core/Src/stm32l4xx_it.o
 .debug_info    0x00000000000203d8      0x7aa ./Core/Src/system_stm32l4xx.o
 .debug_info    0x0000000000020b82       0x22 ./Core/Startup/startup_stm32l4p5retx.o
 .debug_info    0x0000000000020ba4      0xd1d ./Drivers/STM32L4xx_HAL_Driver/stm32l4xx_hal.o
 .debug_info    0x00000000000218c1     0x2117 ./Drivers/STM32L4xx_HAL_Driver/stm32l4xx_hal_adc.o
 .debug_info    0x00000000000239d8     0x1e6f ./Drivers/STM32L4xx_HAL_Driver/stm32l4xx_hal_adc_ex.o
 .debug_info    0x0000000000025847     0x1230 ./Drivers/STM32L4xx_HAL_Driver/stm32l4xx_hal_can.o
 .debug_info    0x0000000000026a77     0x104c ./Drivers/STM32L4xx_HAL_Driver/stm32l4xx_hal_cortex.o
 .debug_info    0x0000000000027ac3      0xad7 ./Drivers/STM32L4xx_HAL_Driver/stm32l4xx_hal_dma.o
 .debug_info    0x000000000002859a      0xa96 ./Drivers/STM32L4xx_HAL_Driver/stm32l4xx_hal_gpio.o
 .debug_info    0x0000000000029030      0xbb9 ./Drivers/STM32L4xx_HAL_Driver/stm32l4xx_hal_pwr.o
 .debug_info    0x0000000000029be9      0xc94 ./Drivers/STM32L4xx_HAL_Driver/stm32l4xx_hal_pwr_ex.o
 .debug_info    0x000000000002a87d      0xfbc ./Drivers/STM32L4xx_HAL_Driver/stm32l4xx_hal_rcc.o
 .debug_info    0x000000000002b839     0x13ad ./Drivers/STM32L4xx_HAL_Driver/stm32l4xx_hal_rcc_ex.o
 .debug_info    0x000000000002cbe6     0x11aa ./Drivers/STM32L4xx_HAL_Driver/stm32l4xx_hal_rtc.o
 .debug_info    0x000000000002dd90     0x1a2d ./Drivers/STM32L4xx_HAL_Driver/stm32l4xx_hal_spi.o
 .debug_info    0x000000000002f7bd     0x2f64 ./Drivers/STM32L4xx_HAL_Driver/stm32l4xx_hal_tim.o
 .debug_info    0x0000000000032721     0x19bd ./Drivers/STM32L4xx_HAL_Driver/stm32l4xx_hal_tim_ex.o
 .debug_info    0x00000000000340de     0x3f1e ./Middlewares/FreeRTOS/cmsis_os2.o
 .debug_info    0x0000000000037ffc      0xd8a ./Middlewares/FreeRTOS/heap_4.o
 .debug_info    0x0000000000038d86      0xb82 ./Middlewares/FreeRTOS/list.o
 .debug_info    0x0000000000039908      0x4f1 ./Middlewares/FreeRTOS/port.o
 .debug_info    0x0000000000039df9     0x23b0 ./Middlewares/FreeRTOS/queue.o
 .debug_info    0x000000000003c1a9     0x2ac6 ./Middlewares/FreeRTOS/tasks.o
 .debug_info    0x000000000003ec6f     0x1bf5 ./Middlewares/FreeRTOS/timers.o

.debug_abbrev   0x0000000000000000     0x4d83
 .debug_abbrev  0x0000000000000000      0x533 ./Core/Src/ISM330DHCXSensor.o
 .debug_abbrev  0x0000000000000533      0x30a ./Core/Src/ism330dhcx_reg.o
 .debug_abbrev  0x000000000000083d      0x561 ./Core/Src/main.o
 .debug_abbrev  0x0000000000000d9e      0x253 ./Core/Src/stm32l4xx_hal_msp.o
 .debug_abbrev  0x0000000000000ff1      0x1bf ./Core/Src/stm32l4xx_hal_timebase_tim.o
 .debug_abbrev  0x00000000000011b0      0x176 ./Core/Src/stm32l4xx_it.o
 .debug_abbrev  0x0000000000001326      0x165 ./Core/Src/system_stm32l4xx.o
 .debug_abbrev  0x000000000000148b       0x12 ./Core/Startup/startup_stm32l4p5retx.o
 .debug_abbrev  0x000000000000149d      0x227 ./Drivers/STM32L4xx_HAL_Driver/stm32l4xx_hal.o
 .debug_abbrev  0x00000000000016c4      0x291 ./Drivers/STM32L4xx_HAL_Driver/stm32l4xx_hal_adc.o
 .debug_abbrev  0x0000000000001955      0x2ac ./Drivers/STM32L4xx_HAL_Driver/stm32l4xx_hal_adc_ex.o
 .debug_abbrev  0x0000000000001c01      0x27d ./Drivers/STM32L4xx_HAL_Driver/stm32l4xx_hal_can.o
 .debug_abbrev  0x0000000000001e7e      0x33c ./Drivers/STM32L4xx_HAL_Driver/stm32l4xx_hal_cortex.o
 .debug_abbrev  0x00000000000021ba      0x201 ./Drivers/STM32L4xx_HAL_Driver/stm32l4xx_hal_dma.o
 .debug_abbrev  0x00000000000023bb      0x1e8 ./Drivers/STM32L4xx_HAL_Driver/stm32l4xx_hal_gpio.o
 .debug_abbrev  0x00000000000025a3      0x1ab ./Drivers/STM32L4xx_HAL_Driver/stm32l4xx_hal_pwr.o
 .debug_abbrev  0x000000000000274e      0x1f3 ./Drivers/STM32L4xx_HAL_Driver/stm32l4xx_hal_pwr_ex.o
 .debug_abbrev  0x0000000000002941      0x2cd ./Drivers/STM32L4xx_HAL_Driver/stm32l4xx_hal_rcc.o
 .debug_abbrev  0x0000000000002c0e      0x268 ./Drivers/STM32L4xx_HAL_Driver/stm32l4xx_hal_rcc_ex.o
 .debug_abbrev  0x0000000000002e76      0x20c ./Drivers/STM32L4xx_HAL_Driver/stm32l4xx_hal_rtc.o
 .debug_abbrev  0x0000000000003082      0x254 ./Drivers/STM32L4xx_HAL_Driver/stm32l4xx_hal_spi.o
 .debug_abbrev  0x00000000000032d6      0x25e ./Drivers/STM32L4xx_HAL_Driver/stm32l4xx_hal_tim.o
 .debug_abbrev  0x0000000000003534      0x266 ./Drivers/STM32L4xx_HAL_Driver/stm32l4xx_hal_tim_ex.o
 .debug_abbrev  0x000000000000379a      0x4bd ./Middlewares/FreeRTOS/cmsis_os2.o
 .debug_abbrev  0x0000000000003c57      0x2d3 ./Middlewares/FreeRTOS/heap_4.o
 .debug_abbrev  0x0000000000003f2a      0x1f7 ./Middlewares/FreeRTOS/list.o
 .debug_abbrev  0x0000000000004121      0x231 ./Middlewares/FreeRTOS/port.o
 .debug_abbrev  0x0000000000004352      0x380 ./Middlewares/FreeRTOS/queue.o
 .debug_abbrev  0x00000000000046d2      0x39a ./Middlewares/FreeRTOS/tasks.o
 .debug_abbrev  0x0000000000004a6c      0x317 ./Middlewares/FreeRTOS/timers.o

.debug_aranges  0x0000000000000000     0x2b08
 .debug_aranges
                0x0000000000000000      0x2a0 ./Core/Src/ISM330DHCXSensor.o
 .debug_aranges
                0x00000000000002a0      0xa40 ./Core/Src/ism330dhcx_reg.o
 .debug_aranges
                0x0000000000000ce0       0x98 ./Core/Src/main.o
 .debug_aranges
                0x0000000000000d78       0x70 ./Core/Src/stm32l4xx_hal_msp.o
 .debug_aranges
                0x0000000000000de8       0x30 ./Core/Src/stm32l4xx_hal_timebase_tim.o
 .debug_aranges
                0x0000000000000e18       0x68 ./Core/Src/stm32l4xx_it.o
 .debug_aranges
                0x0000000000000e80       0x28 ./Core/Src/system_stm32l4xx.o
 .debug_aranges
                0x0000000000000ea8       0x28 ./Core/Startup/startup_stm32l4p5retx.o
 .debug_aranges
                0x0000000000000ed0      0x130 ./Drivers/STM32L4xx_HAL_Driver/stm32l4xx_hal.o
 .debug_aranges
                0x0000000000001000      0x228 ./Drivers/STM32L4xx_HAL_Driver/stm32l4xx_hal_adc.o
 .debug_aranges
                0x0000000000001228      0x1b0 ./Drivers/STM32L4xx_HAL_Driver/stm32l4xx_hal_adc_ex.o
 .debug_aranges
                0x00000000000013d8      0x138 ./Drivers/STM32L4xx_HAL_Driver/stm32l4xx_hal_can.o
 .debug_aranges
                0x0000000000001510      0x118 ./Drivers/STM32L4xx_HAL_Driver/stm32l4xx_hal_cortex.o
 .debug_aranges
                0x0000000000001628       0x90 ./Drivers/STM32L4xx_HAL_Driver/stm32l4xx_hal_dma.o
 .debug_aranges
                0x00000000000016b8       0x58 ./Drivers/STM32L4xx_HAL_Driver/stm32l4xx_hal_gpio.o
 .debug_aranges
                0x0000000000001710       0x98 ./Drivers/STM32L4xx_HAL_Driver/stm32l4xx_hal_pwr.o
 .debug_aranges
                0x00000000000017a8      0x180 ./Drivers/STM32L4xx_HAL_Driver/stm32l4xx_hal_pwr_ex.o
 .debug_aranges
                0x0000000000001928       0x98 ./Drivers/STM32L4xx_HAL_Driver/stm32l4xx_hal_rcc.o
 .debug_aranges
                0x00000000000019c0      0x110 ./Drivers/STM32L4xx_HAL_Driver/stm32l4xx_hal_rcc_ex.o
 .debug_aranges
                0x0000000000001ad0       0xe8 ./Drivers/STM32L4xx_HAL_Driver/stm32l4xx_hal_rtc.o
 .debug_aranges
                0x0000000000001bb8      0x1d8 ./Drivers/STM32L4xx_HAL_Driver/stm32l4xx_hal_spi.o
 .debug_aranges
                0x0000000000001d90      0x3e0 ./Drivers/STM32L4xx_HAL_Driver/stm32l4xx_hal_tim.o
 .debug_aranges
                0x0000000000002170      0x180 ./Drivers/STM32L4xx_HAL_Driver/stm32l4xx_hal_tim_ex.o
 .debug_aranges
                0x00000000000022f0      0x2b0 ./Middlewares/FreeRTOS/cmsis_os2.o
 .debug_aranges
                0x00000000000025a0       0x58 ./Middlewares/FreeRTOS/heap_4.o
 .debug_aranges
                0x00000000000025f8       0x40 ./Middlewares/FreeRTOS/list.o
 .debug_aranges
                0x0000000000002638       0x80 ./Middlewares/FreeRTOS/port.o
 .debug_aranges
                0x00000000000026b8      0x158 ./Middlewares/FreeRTOS/queue.o
 .debug_aranges
                0x0000000000002810      0x208 ./Middlewares/FreeRTOS/tasks.o
 .debug_aranges
                0x0000000000002a18       0xf0 ./Middlewares/FreeRTOS/timers.o

.debug_ranges   0x0000000000000000     0x2930
 .debug_ranges  0x0000000000000000      0x290 ./Core/Src/ISM330DHCXSensor.o
 .debug_ranges  0x0000000000000290      0xa30 ./Core/Src/ism330dhcx_reg.o
 .debug_ranges  0x0000000000000cc0       0x88 ./Core/Src/main.o
 .debug_ranges  0x0000000000000d48       0x60 ./Core/Src/stm32l4xx_hal_msp.o
 .debug_ranges  0x0000000000000da8       0x20 ./Core/Src/stm32l4xx_hal_timebase_tim.o
 .debug_ranges  0x0000000000000dc8       0x58 ./Core/Src/stm32l4xx_it.o
 .debug_ranges  0x0000000000000e20       0x18 ./Core/Src/system_stm32l4xx.o
 .debug_ranges  0x0000000000000e38       0x20 ./Core/Startup/startup_stm32l4p5retx.o
 .debug_ranges  0x0000000000000e58      0x120 ./Drivers/STM32L4xx_HAL_Driver/stm32l4xx_hal.o
 .debug_ranges  0x0000000000000f78      0x218 ./Drivers/STM32L4xx_HAL_Driver/stm32l4xx_hal_adc.o
 .debug_ranges  0x0000000000001190      0x1a0 ./Drivers/STM32L4xx_HAL_Driver/stm32l4xx_hal_adc_ex.o
 .debug_ranges  0x0000000000001330      0x128 ./Drivers/STM32L4xx_HAL_Driver/stm32l4xx_hal_can.o
 .debug_ranges  0x0000000000001458      0x108 ./Drivers/STM32L4xx_HAL_Driver/stm32l4xx_hal_cortex.o
 .debug_ranges  0x0000000000001560       0x80 ./Drivers/STM32L4xx_HAL_Driver/stm32l4xx_hal_dma.o
 .debug_ranges  0x00000000000015e0       0x48 ./Drivers/STM32L4xx_HAL_Driver/stm32l4xx_hal_gpio.o
 .debug_ranges  0x0000000000001628       0x88 ./Drivers/STM32L4xx_HAL_Driver/stm32l4xx_hal_pwr.o
 .debug_ranges  0x00000000000016b0      0x170 ./Drivers/STM32L4xx_HAL_Driver/stm32l4xx_hal_pwr_ex.o
 .debug_ranges  0x0000000000001820       0x88 ./Drivers/STM32L4xx_HAL_Driver/stm32l4xx_hal_rcc.o
 .debug_ranges  0x00000000000018a8      0x100 ./Drivers/STM32L4xx_HAL_Driver/stm32l4xx_hal_rcc_ex.o
 .debug_ranges  0x00000000000019a8       0xd8 ./Drivers/STM32L4xx_HAL_Driver/stm32l4xx_hal_rtc.o
 .debug_ranges  0x0000000000001a80      0x1c8 ./Drivers/STM32L4xx_HAL_Driver/stm32l4xx_hal_spi.o
 .debug_ranges  0x0000000000001c48      0x3d0 ./Drivers/STM32L4xx_HAL_Driver/stm32l4xx_hal_tim.o
 .debug_ranges  0x0000000000002018      0x170 ./Drivers/STM32L4xx_HAL_Driver/stm32l4xx_hal_tim_ex.o
 .debug_ranges  0x0000000000002188      0x2a0 ./Middlewares/FreeRTOS/cmsis_os2.o
 .debug_ranges  0x0000000000002428       0x48 ./Middlewares/FreeRTOS/heap_4.o
 .debug_ranges  0x0000000000002470       0x30 ./Middlewares/FreeRTOS/list.o
 .debug_ranges  0x00000000000024a0       0x70 ./Middlewares/FreeRTOS/port.o
 .debug_ranges  0x0000000000002510      0x148 ./Middlewares/FreeRTOS/queue.o
 .debug_ranges  0x0000000000002658      0x1f8 ./Middlewares/FreeRTOS/tasks.o
 .debug_ranges  0x0000000000002850       0xe0 ./Middlewares/FreeRTOS/timers.o

.debug_macro    0x0000000000000000    0x32a95
 .debug_macro   0x0000000000000000      0x3a0 ./Core/Src/ISM330DHCXSensor.o
 .debug_macro   0x00000000000003a0      0xb80 ./Core/Src/ISM330DHCXSensor.o
 .debug_macro   0x0000000000000f20      0x1bf ./Core/Src/ISM330DHCXSensor.o
 .debug_macro   0x00000000000010df       0x2e ./Core/Src/ISM330DHCXSensor.o
 .debug_macro   0x000000000000110d       0x28 ./Core/Src/ISM330DHCXSensor.o
 .debug_macro   0x0000000000001135       0x1c ./Core/Src/ISM330DHCXSensor.o
 .debug_macro   0x0000000000001151       0x22 ./Core/Src/ISM330DHCXSensor.o
 .debug_macro   0x0000000000001173       0x8e ./Core/Src/ISM330DHCXSensor.o
 .debug_macro   0x0000000000001201       0x51 ./Core/Src/ISM330DHCXSensor.o
 .debug_macro   0x0000000000001252      0x103 ./Core/Src/ISM330DHCXSensor.o
 .debug_macro   0x0000000000001355       0x6a ./Core/Src/ISM330DHCXSensor.o
 .debug_macro   0x00000000000013bf      0x1df ./Core/Src/ISM330DHCXSensor.o
 .debug_macro   0x000000000000159e       0x1c ./Core/Src/ISM330DHCXSensor.o
 .debug_macro   0x00000000000015ba       0x22 ./Core/Src/ISM330DHCXSensor.o
 .debug_macro   0x00000000000015dc      0x101 ./Core/Src/ISM330DHCXSensor.o
 .debug_macro   0x00000000000016dd     0x1011 ./Core/Src/ISM330DHCXSensor.o
 .debug_macro   0x00000000000026ee      0x11f ./Core/Src/ISM330DHCXSensor.o
 .debug_macro   0x000000000000280d    0x1e327 ./Core/Src/ISM330DHCXSensor.o
 .debug_macro   0x0000000000020b34       0x6d ./Core/Src/ISM330DHCXSensor.o
 .debug_macro   0x0000000000020ba1     0x38db ./Core/Src/ISM330DHCXSensor.o
 .debug_macro   0x000000000002447c      0x17b ./Core/Src/ISM330DHCXSensor.o
 .debug_macro   0x00000000000245f7       0x5c ./Core/Src/ISM330DHCXSensor.o
 .debug_macro   0x0000000000024653     0x1979 ./Core/Src/ISM330DHCXSensor.o
 .debug_macro   0x0000000000025fcc      0x85a ./Core/Src/ISM330DHCXSensor.o
 .debug_macro   0x0000000000026826      0x1b9 ./Core/Src/ISM330DHCXSensor.o
 .debug_macro   0x00000000000269df      0x24f ./Core/Src/ISM330DHCXSensor.o
 .debug_macro   0x0000000000026c2e      0x486 ./Core/Src/ISM330DHCXSensor.o
 .debug_macro   0x00000000000270b4      0x1b4 ./Core/Src/ISM330DHCXSensor.o
 .debug_macro   0x0000000000027268       0x43 ./Core/Src/ISM330DHCXSensor.o
 .debug_macro   0x00000000000272ab      0x23d ./Core/Src/ISM330DHCXSensor.o
 .debug_macro   0x00000000000274e8      0xf67 ./Core/Src/ISM330DHCXSensor.o
 .debug_macro   0x000000000002844f      0x62b ./Core/Src/ISM330DHCXSensor.o
 .debug_macro   0x0000000000028a7a      0x31a ./Core/Src/ISM330DHCXSensor.o
 .debug_macro   0x0000000000028d94      0x408 ./Core/Src/ISM330DHCXSensor.o
 .debug_macro   0x000000000002919c      0x241 ./Core/Src/ISM330DHCXSensor.o
 .debug_macro   0x00000000000293dd      0x416 ./Core/Src/ISM330DHCXSensor.o
 .debug_macro   0x00000000000297f3       0x1c ./Core/Src/ISM330DHCXSensor.o
 .debug_macro   0x000000000002980f       0xeb ./Core/Src/ISM330DHCXSensor.o
 .debug_macro   0x00000000000298fa      0x22c ./Core/Src/ISM330DHCXSensor.o
 .debug_macro   0x0000000000029b26       0x61 ./Core/Src/ISM330DHCXSensor.o
 .debug_macro   0x0000000000029b87       0xa5 ./Core/Src/ISM330DHCXSensor.o
 .debug_macro   0x0000000000029c2c      0x122 ./Core/Src/ISM330DHCXSensor.o
 .debug_macro   0x0000000000029d4e      0x404 ./Core/Src/ISM330DHCXSensor.o
 .debug_macro   0x000000000002a152      0x367 ./Core/Src/ISM330DHCXSensor.o
 .debug_macro   0x000000000002a4b9      0x6ec ./Core/Src/ISM330DHCXSensor.o
 .debug_macro   0x000000000002aba5       0xeb ./Core/Src/ISM330DHCXSensor.o
 .debug_macro   0x000000000002ac90      0x2fe ./Core/Src/ISM330DHCXSensor.o
 .debug_macro   0x000000000002af8e      0xa75 ./Core/Src/ISM330DHCXSensor.o
 .debug_macro   0x000000000002ba03      0x1ab ./Core/Src/ISM330DHCXSensor.o
 .debug_macro   0x000000000002bbae      0x432 ./Core/Src/ISM330DHCXSensor.o
 .debug_macro   0x000000000002bfe0      0x17c ./Core/Src/ISM330DHCXSensor.o
 .debug_macro   0x000000000002c15c       0x10 ./Core/Src/ISM330DHCXSensor.o
 .debug_macro   0x000000000002c16c      0x41e ./Core/Src/ISM330DHCXSensor.o
 .debug_macro   0x000000000002c58a       0x18 ./Core/Src/ISM330DHCXSensor.o
 .debug_macro   0x000000000002c5a2       0x52 ./Core/Src/ISM330DHCXSensor.o
 .debug_macro   0x000000000002c5f4       0x18 ./Core/Src/ISM330DHCXSensor.o
 .debug_macro   0x000000000002c60c       0x3c ./Core/Src/ISM330DHCXSensor.o
 .debug_macro   0x000000000002c648       0x34 ./Core/Src/ISM330DHCXSensor.o
 .debug_macro   0x000000000002c67c       0x16 ./Core/Src/ISM330DHCXSensor.o
 .debug_macro   0x000000000002c692       0x43 ./Core/Src/ISM330DHCXSensor.o
 .debug_macro   0x000000000002c6d5       0x34 ./Core/Src/ISM330DHCXSensor.o
 .debug_macro   0x000000000002c709       0x10 ./Core/Src/ISM330DHCXSensor.o
 .debug_macro   0x000000000002c719       0x58 ./Core/Src/ISM330DHCXSensor.o
 .debug_macro   0x000000000002c771       0x71 ./Core/Src/ISM330DHCXSensor.o
 .debug_macro   0x000000000002c7e2       0x16 ./Core/Src/ISM330DHCXSensor.o
 .debug_macro   0x000000000002c7f8      0x12a ./Core/Src/ISM330DHCXSensor.o
 .debug_macro   0x000000000002c922      0x356 ./Core/Src/ISM330DHCXSensor.o
 .debug_macro   0x000000000002cc78      0x1a2 ./Core/Src/ISM330DHCXSensor.o
 .debug_macro   0x000000000002ce1a       0x10 ./Core/Src/ISM330DHCXSensor.o
 .debug_macro   0x000000000002ce2a       0x16 ./Core/Src/ISM330DHCXSensor.o
 .debug_macro   0x000000000002ce40       0x35 ./Core/Src/ISM330DHCXSensor.o
 .debug_macro   0x000000000002ce75       0x16 ./Core/Src/ISM330DHCXSensor.o
 .debug_macro   0x000000000002ce8b       0x29 ./Core/Src/ISM330DHCXSensor.o
 .debug_macro   0x000000000002ceb4       0x10 ./Core/Src/ISM330DHCXSensor.o
 .debug_macro   0x000000000002cec4      0x3c7 ./Core/Src/ISM330DHCXSensor.o
 .debug_macro   0x000000000002d28b      0x5a2 ./Core/Src/ISM330DHCXSensor.o
 .debug_macro   0x000000000002d82d       0xb2 ./Core/Src/ISM330DHCXSensor.o
 .debug_macro   0x000000000002d8df       0x40 ./Core/Src/ISM330DHCXSensor.o
 .debug_macro   0x000000000002d91f      0x126 ./Core/Src/ism330dhcx_reg.o
 .debug_macro   0x000000000002da45       0x34 ./Core/Src/ism330dhcx_reg.o
 .debug_macro   0x000000000002da79       0x43 ./Core/Src/ism330dhcx_reg.o
 .debug_macro   0x000000000002dabc       0x1c ./Core/Src/ism330dhcx_reg.o
 .debug_macro   0x000000000002dad8      0x339 ./Core/Src/ism330dhcx_reg.o
 .debug_macro   0x000000000002de11      0x1a9 ./Core/Src/ism330dhcx_reg.o
 .debug_macro   0x000000000002dfba      0x528 ./Core/Src/main.o
 .debug_macro   0x000000000002e4e2      0x169 ./Core/Src/main.o
 .debug_macro   0x000000000002e64b       0x66 ./Core/Src/main.o
 .debug_macro   0x000000000002e6b1       0x74 ./Core/Src/main.o
 .debug_macro   0x000000000002e725       0xdd ./Core/Src/main.o
 .debug_macro   0x000000000002e802       0x16 ./Core/Src/main.o
 .debug_macro   0x000000000002e818       0x1c ./Core/Src/main.o