Archive member included to satisfy reference by file (symbol)

c:/stm32/stm32cubeide_1.8.0/stm32cubeide/plugins/com.st.stm32cube.ide.mcu.externaltools.gnu-tools-for-stm32.9-2020-q2-update.win32_2.0.0.202105311346/tools/bin/../lib/gcc/arm-none-eabi/9.3.1/../../../../arm-none-eabi/lib/thumb/v7e-m+fp/hard\libc_nano.a(lib_a-errno.o)
                              ./Core/Src/syscalls.o (__errno)
c:/stm32/stm32cubeide_1.8.0/stm32cubeide/plugins/com.st.stm32cube.ide.mcu.externaltools.gnu-tools-for-stm32.9-2020-q2-update.win32_2.0.0.202105311346/tools/bin/../lib/gcc/arm-none-eabi/9.3.1/../../../../arm-none-eabi/lib/thumb/v7e-m+fp/hard\libc_nano.a(lib_a-exit.o)
                              c:/stm32/stm32cubeide_1.8.0/stm32cubeide/plugins/com.st.stm32cube.ide.mcu.externaltools.gnu-tools-for-stm32.9-2020-q2-update.win32_2.0.0.202105311346/tools/bin/../lib/gcc/arm-none-eabi/9.3.1/../../../../arm-none-eabi/lib/thumb/v7e-m+fp/hard/crt0.o (exit)
c:/stm32/stm32cubeide_1.8.0/stm32cubeide/plugins/com.st.stm32cube.ide.mcu.externaltools.gnu-tools-for-stm32.9-2020-q2-update.win32_2.0.0.202105311346/tools/bin/../lib/gcc/arm-none-eabi/9.3.1/../../../../arm-none-eabi/lib/thumb/v7e-m+fp/hard\libc_nano.a(lib_a-impure.o)
                              c:/stm32/stm32cubeide_1.8.0/stm32cubeide/plugins/com.st.stm32cube.ide.mcu.externaltools.gnu-tools-for-stm32.9-2020-q2-update.win32_2.0.0.202105311346/tools/bin/../lib/gcc/arm-none-eabi/9.3.1/../../../../arm-none-eabi/lib/thumb/v7e-m+fp/hard\libc_nano.a(lib_a-exit.o) (_global_impure_ptr)
c:/stm32/stm32cubeide_1.8.0/stm32cubeide/plugins/com.st.stm32cube.ide.mcu.externaltools.gnu-tools-for-stm32.9-2020-q2-update.win32_2.0.0.202105311346/tools/bin/../lib/gcc/arm-none-eabi/9.3.1/../../../../arm-none-eabi/lib/thumb/v7e-m+fp/hard\libc_nano.a(lib_a-init.o)
                              c:/stm32/stm32cubeide_1.8.0/stm32cubeide/plugins/com.st.stm32cube.ide.mcu.externaltools.gnu-tools-for-stm32.9-2020-q2-update.win32_2.0.0.202105311346/tools/bin/../lib/gcc/arm-none-eabi/9.3.1/../../../../arm-none-eabi/lib/thumb/v7e-m+fp/hard/crt0.o (__libc_init_array)
c:/stm32/stm32cubeide_1.8.0/stm32cubeide/plugins/com.st.stm32cube.ide.mcu.externaltools.gnu-tools-for-stm32.9-2020-q2-update.win32_2.0.0.202105311346/tools/bin/../lib/gcc/arm-none-eabi/9.3.1/../../../../arm-none-eabi/lib/thumb/v7e-m+fp/hard\libc_nano.a(lib_a-memcpy-stub.o)
                              ./Core/Src/can_functions.o (memcpy)
c:/stm32/stm32cubeide_1.8.0/stm32cubeide/plugins/com.st.stm32cube.ide.mcu.externaltools.gnu-tools-for-stm32.9-2020-q2-update.win32_2.0.0.202105311346/tools/bin/../lib/gcc/arm-none-eabi/9.3.1/../../../../arm-none-eabi/lib/thumb/v7e-m+fp/hard\libc_nano.a(lib_a-memset.o)
                              c:/stm32/stm32cubeide_1.8.0/stm32cubeide/plugins/com.st.stm32cube.ide.mcu.externaltools.gnu-tools-for-stm32.9-2020-q2-update.win32_2.0.0.202105311346/tools/bin/../lib/gcc/arm-none-eabi/9.3.1/../../../../arm-none-eabi/lib/thumb/v7e-m+fp/hard/crt0.o (memset)

Allocating common symbols
Common symbol       size              file

uwTick              0x4               ./Drivers/STM32L4xx_HAL_Driver/stm32l4xx_hal.o
xQueueRegistry      0x40              ./Middlewares/FreeRTOS/queue.o
htim6               0x4c              ./Core/Src/stm32l4xx_hal_timebase_tim.o

Discarded input sections

 .text          0x0000000000000000        0x0 c:/stm32/stm32cubeide_1.8.0/stm32cubeide/plugins/com.st.stm32cube.ide.mcu.externaltools.gnu-tools-for-stm32.9-2020-q2-update.win32_2.0.0.202105311346/tools/bin/../lib/gcc/arm-none-eabi/9.3.1/thumb/v7e-m+fp/hard/crti.o
 .data          0x0000000000000000        0x0 c:/stm32/stm32cubeide_1.8.0/stm32cubeide/plugins/com.st.stm32cube.ide.mcu.externaltools.gnu-tools-for-stm32.9-2020-q2-update.win32_2.0.0.202105311346/tools/bin/../lib/gcc/arm-none-eabi/9.3.1/thumb/v7e-m+fp/hard/crti.o
 .bss           0x0000000000000000        0x0 c:/stm32/stm32cubeide_1.8.0/stm32cubeide/plugins/com.st.stm32cube.ide.mcu.externaltools.gnu-tools-for-stm32.9-2020-q2-update.win32_2.0.0.202105311346/tools/bin/../lib/gcc/arm-none-eabi/9.3.1/thumb/v7e-m+fp/hard/crti.o
 .data          0x0000000000000000        0x4 c:/stm32/stm32cubeide_1.8.0/stm32cubeide/plugins/com.st.stm32cube.ide.mcu.externaltools.gnu-tools-for-stm32.9-2020-q2-update.win32_2.0.0.202105311346/tools/bin/../lib/gcc/arm-none-eabi/9.3.1/thumb/v7e-m+fp/hard/crtbegin.o
 .text          0x0000000000000000       0x7c c:/stm32/stm32cubeide_1.8.0/stm32cubeide/plugins/com.st.stm32cube.ide.mcu.externaltools.gnu-tools-for-stm32.9-2020-q2-update.win32_2.0.0.202105311346/tools/bin/../lib/gcc/arm-none-eabi/9.3.1/../../../../arm-none-eabi/lib/thumb/v7e-m+fp/hard/crt0.o
 .data          0x0000000000000000        0x0 c:/stm32/stm32cubeide_1.8.0/stm32cubeide/plugins/com.st.stm32cube.ide.mcu.externaltools.gnu-tools-for-stm32.9-2020-q2-update.win32_2.0.0.202105311346/tools/bin/../lib/gcc/arm-none-eabi/9.3.1/../../../../arm-none-eabi/lib/thumb/v7e-m+fp/hard/crt0.o
[...]
Memory Configuration

Name             Origin             Length             Attributes
RAM              0x0000000020000000 0x0000000000050000 xrw
RAM2             0x0000000010000000 0x0000000000010000 xrw
RAM3             0x0000000020030000 0x0000000000020000 xrw
FLASH            0x0000000008000000 0x0000000000080000 xr
*default*        0x0000000000000000 0xffffffffffffffff

Linker script and memory map

LOAD c:/stm32/stm32cubeide_1.8.0/stm32cubeide/plugins/com.st.stm32cube.ide.mcu.externaltools.gnu-tools-for-stm32.9-2020-q2-update.win32_2.0.0.202105311346/tools/bin/../lib/gcc/arm-none-eabi/9.3.1/thumb/v7e-m+fp/hard/crti.o
LOAD c:/stm32/stm32cubeide_1.8.0/stm32cubeide/plugins/com.st.stm32cube.ide.mcu.externaltools.gnu-tools-for-stm32.9-2020-q2-update.win32_2.0.0.202105311346/tools/bin/../lib/gcc/arm-none-eabi/9.3.1/thumb/v7e-m+fp/hard/crtbegin.o
LOAD c:/stm32/stm32cubeide_1.8.0/stm32cubeide/plugins/com.st.stm32cube.ide.mcu.externaltools.gnu-tools-for-stm32.9-2020-q2-update.win32_2.0.0.202105311346/tools/bin/../lib/gcc/arm-none-eabi/9.3.1/../../../../arm-none-eabi/lib/thumb/v7e-m+fp/hard/crt0.o
LOAD ./Core/Src/ISM330DHCXSensor.o
LOAD ./Core/Src/adc_data.o
LOAD ./Core/Src/can_functions.o
LOAD ./Core/Src/freertos.o
LOAD ./Core/Src/ism330dhcx_reg.o
LOAD ./Core/Src/ism_task.o
LOAD ./Core/Src/main.o
LOAD ./Core/Src/meansure_task.o
LOAD ./Core/Src/stm32l4xx_hal_msp.o
LOAD ./Core/Src/stm32l4xx_hal_timebase_tim.o
LOAD ./Core/Src/stm32l4xx_it.o
LOAD ./Core/Src/syscalls.o
LOAD ./Core/Src/sysmem.o
LOAD ./Core/Src/system_stm32l4xx.o
LOAD ./Core/Startup/startup_stm32l4p5retx.o
LOAD ./Drivers/STM32L4xx_HAL_Driver/stm32l4xx_hal.o
LOAD ./Drivers/STM32L4xx_HAL_Driver/stm32l4xx_hal_adc.o
LOAD ./Drivers/STM32L4xx_HAL_Driver/stm32l4xx_hal_adc_ex.o
LOAD ./Drivers/STM32L4xx_HAL_Driver/stm32l4xx_hal_can.o
LOAD ./Drivers/STM32L4xx_HAL_Driver/stm32l4xx_hal_cortex.o
LOAD ./Drivers/STM32L4xx_HAL_Driver/stm32l4xx_hal_dma.o
LOAD ./Drivers/STM32L4xx_HAL_Driver/stm32l4xx_hal_dma_ex.o
LOAD ./Drivers/STM32L4xx_HAL_Driver/stm32l4xx_hal_exti.o
LOAD ./Drivers/STM32L4xx_HAL_Driver/stm32l4xx_hal_flash.o
LOAD ./Drivers/STM32L4xx_HAL_Driver/stm32l4xx_hal_flash_ex.o
LOAD ./Drivers/STM32L4xx_HAL_Driver/stm32l4xx_hal_flash_ramfunc.o
LOAD ./Drivers/STM32L4xx_HAL_Driver/stm32l4xx_hal_gpio.o
LOAD ./Drivers/STM32L4xx_HAL_Driver/stm32l4xx_hal_i2c.o
LOAD ./Drivers/STM32L4xx_HAL_Driver/stm32l4xx_hal_i2c_ex.o
LOAD ./Drivers/STM32L4xx_HAL_Driver/stm32l4xx_hal_pwr.o
LOAD ./Drivers/STM32L4xx_HAL_Driver/stm32l4xx_hal_pwr_ex.o
LOAD ./Drivers/STM32L4xx_HAL_Driver/stm32l4xx_hal_rcc.o
LOAD ./Drivers/STM32L4xx_HAL_Driver/stm32l4xx_hal_rcc_ex.o
LOAD ./Drivers/STM32L4xx_HAL_Driver/stm32l4xx_hal_rtc.o
LOAD ./Drivers/STM32L4xx_HAL_Driver/stm32l4xx_hal_rtc_ex.o
LOAD ./Drivers/STM32L4xx_HAL_Driver/stm32l4xx_hal_spi.o
LOAD ./Drivers/STM32L4xx_HAL_Driver/stm32l4xx_hal_spi_ex.o
LOAD ./Drivers/STM32L4xx_HAL_Driver/stm32l4xx_hal_tim.o
LOAD ./Drivers/STM32L4xx_HAL_Driver/stm32l4xx_hal_tim_ex.o
LOAD ./Middlewares/FreeRTOS/cmsis_os2.o
LOAD ./Middlewares/FreeRTOS/croutine.o
LOAD ./Middlewares/FreeRTOS/event_groups.o
LOAD ./Middlewares/FreeRTOS/heap_4.o
LOAD ./Middlewares/FreeRTOS/list.o
LOAD ./Middlewares/FreeRTOS/port.o
LOAD ./Middlewares/FreeRTOS/queue.o
LOAD ./Middlewares/FreeRTOS/stream_buffer.o
LOAD ./Middlewares/FreeRTOS/tasks.o
LOAD ./Middlewares/FreeRTOS/timers.o
START GROUP
LOAD c:/stm32/stm32cubeide_1.8.0/stm32cubeide/plugins/com.st.stm32cube.ide.mcu.externaltools.gnu-tools-for-stm32.9-2020-q2-update.win32_2.0.0.202105311346/tools/bin/../lib/gcc/arm-none-eabi/9.3.1/../../../../arm-none-eabi/lib/thumb/v7e-m+fp/hard\libstdc++_nano.a
LOAD c:/stm32/stm32cubeide_1.8.0/stm32cubeide/plugins/com.st.stm32cube.ide.mcu.externaltools.gnu-tools-for-stm32.9-2020-q2-update.win32_2.0.0.202105311346/tools/bin/../lib/gcc/arm-none-eabi/9.3.1/../../../../arm-none-eabi/lib/thumb/v7e-m+fp/hard\libsupc++_nano.a
END GROUP
LOAD c:/stm32/stm32cubeide_1.8.0/stm32cubeide/plugins/com.st.stm32cube.ide.mcu.externaltools.gnu-tools-for-stm32.9-2020-q2-update.win32_2.0.0.202105311346/tools/bin/../lib/gcc/arm-none-eabi/9.3.1/../../../../arm-none-eabi/lib/thumb/v7e-m+fp/hard\libstdc++_nano.a
LOAD c:/stm32/stm32cubeide_1.8.0/stm32cubeide/plugins/com.st.stm32cube.ide.mcu.externaltools.gnu-tools-for-stm32.9-2020-q2-update.win32_2.0.0.202105311346/tools/bin/../lib/gcc/arm-none-eabi/9.3.1/../../../../arm-none-eabi/lib/thumb/v7e-m+fp/hard\libm.a
LOAD c:/stm32/stm32cubeide_1.8.0/stm32cubeide/plugins/com.st.stm32cube.ide.mcu.externaltools.gnu-tools-for-stm32.9-2020-q2-update.win32_2.0.0.202105311346/tools/bin/../lib/gcc/arm-none-eabi/9.3.1/../../../../arm-none-eabi/lib/thumb/v7e-m+fp/hard\libc_nano.a
START GROUP
LOAD c:/stm32/stm32cubeide_1.8.0/stm32cubeide/plugins/com.st.stm32cube.ide.mcu.externaltools.gnu-tools-for-stm32.9-2020-q2-update.win32_2.0.0.202105311346/tools/bin/../lib/gcc/arm-none-eabi/9.3.1/thumb/v7e-m+fp/hard\libgcc.a
LOAD c:/stm32/stm32cubeide_1.8.0/stm32cubeide/plugins/com.st.stm32cube.ide.mcu.externaltools.gnu-tools-for-stm32.9-2020-q2-update.win32_2.0.0.202105311346/tools/bin/../lib/gcc/arm-none-eabi/9.3.1/../../../../arm-none-eabi/lib/thumb/v7e-m+fp/hard\libc_nano.a
END GROUP
START GROUP
LOAD c:/stm32/stm32cubeide_1.8.0/stm32cubeide/plugins/com.st.stm32cube.ide.mcu.externaltools.gnu-tools-for-stm32.9-2020-q2-update.win32_2.0.0.202105311346/tools/bin/../lib/gcc/arm-none-eabi/9.3.1/thumb/v7e-m+fp/hard\libgcc.a
LOAD c:/stm32/stm32cubeide_1.8.0/stm32cubeide/plugins/com.st.stm32cube.ide.mcu.externaltools.gnu-tools-for-stm32.9-2020-q2-update.win32_2.0.0.202105311346/tools/bin/../lib/gcc/arm-none-eabi/9.3.1/../../../../arm-none-eabi/lib/thumb/v7e-m+fp/hard\libc_nano.a
LOAD c:/stm32/stm32cubeide_1.8.0/stm32cubeide/plugins/com.st.stm32cube.ide.mcu.externaltools.gnu-tools-for-stm32.9-2020-q2-update.win32_2.0.0.202105311346/tools/bin/../lib/gcc/arm-none-eabi/9.3.1/../../../../arm-none-eabi/lib/thumb/v7e-m+fp/hard\libnosys.a
END GROUP
START GROUP
LOAD c:/stm32/stm32cubeide_1.8.0/stm32cubeide/plugins/com.st.stm32cube.ide.mcu.externaltools.gnu-tools-for-stm32.9-2020-q2-update.win32_2.0.0.202105311346/tools/bin/../lib/gcc/arm-none-eabi/9.3.1/thumb/v7e-m+fp/hard\libgcc.a
LOAD c:/stm32/stm32cubeide_1.8.0/stm32cubeide/plugins/com.st.stm32cube.ide.mcu.externaltools.gnu-tools-for-stm32.9-2020-q2-update.win32_2.0.0.202105311346/tools/bin/../lib/gcc/arm-none-eabi/9.3.1/../../../../arm-none-eabi/lib/thumb/v7e-m+fp/hard\libc_nano.a
LOAD c:/stm32/stm32cubeide_1.8.0/stm32cubeide/plugins/com.st.stm32cube.ide.mcu.externaltools.gnu-tools-for-stm32.9-2020-q2-update.win32_2.0.0.202105311346/tools/bin/../lib/gcc/arm-none-eabi/9.3.1/../../../../arm-none-eabi/lib/thumb/v7e-m+fp/hard\libnosys.a
END GROUP
LOAD c:/stm32/stm32cubeide_1.8.0/stm32cubeide/plugins/com.st.stm32cube.ide.mcu.externaltools.gnu-tools-for-stm32.9-2020-q2-update.win32_2.0.0.202105311346/tools/bin/../lib/gcc/arm-none-eabi/9.3.1/thumb/v7e-m+fp/hard/crtend.o
LOAD c:/stm32/stm32cubeide_1.8.0/stm32cubeide/plugins/com.st.stm32cube.ide.mcu.externaltools.gnu-tools-for-stm32.9-2020-q2-update.win32_2.0.0.202105311346/tools/bin/../lib/gcc/arm-none-eabi/9.3.1/thumb/v7e-m+fp/hard/crtn.o
                0x0000000020050000                _estack = (ORIGIN (RAM) + LENGTH (RAM))
                0x0000000000000200                _Min_Heap_Size = 0x200
                0x0000000000000400                _Min_Stack_Size = 0x400

.isr_vector     0x0000000008000000      0x1bc
                0x0000000008000000                . = ALIGN (0x4)
 *(.isr_vector)
 .isr_vector    0x0000000008000000      0x1bc ./Core/Startup/startup_stm32l4p5retx.o
                0x0000000008000000                g_pfnVectors
                0x00000000080001bc                . = ALIGN (0x4)

.text           0x00000000080001c0     0xa184
                0x00000000080001c0                . = ALIGN (0x4)
 *(.text)
 .text          0x00000000080001c0       0x40 c:/stm32/stm32cubeide_1.8.0/stm32cubeide/plugins/com.st.stm32cube.ide.mcu.externaltools.gnu-tools-for-stm32.9-2020-q2-update.win32_2.0.0.202105311346/tools/bin/../lib/gcc/arm-none-eabi/9.3.1/thumb/v7e-m+fp/hard/crtbegin.o
 *(.text*)
 .text._ZN16ISM330DHCXSensor7IO_ReadEPhht
                0x0000000008000200       0x60 ./Core/Src/ISM330DHCXSensor.o
                0x0000000008000200                ISM330DHCXSensor::IO_Read(unsigned char*, unsigned char, unsigned short)
 .text._ZN16ISM330DHCXSensor8IO_WriteEPhht
                0x0000000008000260       0x54 ./Core/Src/ISM330DHCXSensor.o
                0x0000000008000260                ISM330DHCXSensor::IO_Write(unsigned char*, unsigned char, unsigned short)
 .text._ZN16ISM330DHCXSensorC2Ev
                0x00000000080002b4       0x48 ./Core/Src/ISM330DHCXSensor.o
                0x00000000080002b4                ISM330DHCXSensor::ISM330DHCXSensor()
                0x00000000080002b4                ISM330DHCXSensor::ISM330DHCXSensor()
 .text.ISM330DHCX_io_write
                0x00000000080002fc       0x2a ./Core/Src/ISM330DHCXSensor.o
                0x00000000080002fc                ISM330DHCX_io_write
 .text.ISM330DHCX_io_read
                0x0000000008000326       0x2a ./Core/Src/ISM330DHCXSensor.o
                0x0000000008000326                ISM330DHCX_io_read
 .text._ZN8adc_dataC2Ev
                0x0000000008000350       0x34 ./Core/Src/adc_data.o
                0x0000000008000350                adc_data::adc_data()
                0x0000000008000350                adc_data::adc_data()
 .text._ZN8adc_dataixE14Analog_channel
                0x0000000008000384       0x24 ./Core/Src/adc_data.o
                0x0000000008000384                adc_data::operator[](Analog_channel)
 .text._ZNSt5arrayItLj6EE5beginEv
                0x00000000080003a8       0x18 ./Core/Src/adc_data.o
                0x00000000080003a8                std::array<unsigned short, 6u>::begin()
 .text._ZNKSt5arrayItLj6EE4sizeEv
                0x00000000080003c0       0x16 ./Core/Src/adc_data.o
                0x00000000080003c0                std::array<unsigned short, 6u>::size() const
 .text._ZNSt5arrayItLj6EEixEj
                0x00000000080003d6       0x1e ./Core/Src/adc_data.o
                0x00000000080003d6                std::array<unsigned short, 6u>::operator[](unsigned int)
 .text._ZNSt5arrayItLj6EE4dataEv
                0x00000000080003f4       0x1a ./Core/Src/adc_data.o
                0x00000000080003f4                std::array<unsigned short, 6u>::data()
 .text._ZNSt14__array_traitsItLj6EE6_S_refERA6_Ktj
                0x000000000800040e       0x1e ./Core/Src/adc_data.o
                0x000000000800040e                std::__array_traits<unsigned short, 6u>::_S_ref(unsigned short const (&) [6], unsigned int)
 .text._ZNSt14__array_traitsItLj6EE6_S_ptrERA6_Kt
                0x000000000800042c       0x16 ./Core/Src/adc_data.o
                0x000000000800042c                std::__array_traits<unsigned short, 6u>::_S_ptr(unsigned short const (&) [6])
 .text._ZN8PUTM_CAN14Can_rx_messageC2ER19__CAN_HandleTypeDefm
                0x0000000008000442       0x4c ./Core/Src/can_functions.o
                0x0000000008000442                PUTM_CAN::Can_rx_message::Can_rx_message(__CAN_HandleTypeDef&, unsigned long)
                0x0000000008000442                PUTM_CAN::Can_rx_message::Can_rx_message(__CAN_HandleTypeDef&, unsigned long)
 .text._ZN8PUTM_CAN11Device_base6get_IDEv
                0x000000000800048e       0x24 ./Core/Src/can_functions.o
                0x000000000800048e                PUTM_CAN::Device_base::get_ID()
 .text._ZN8PUTM_CAN13Can_interface13parse_messageERKNS_14Can_rx_messageE
                0x00000000080004b2       0x74 ./Core/Src/can_functions.o
                0x00000000080004b2                PUTM_CAN::Can_interface::parse_message(PUTM_CAN::Can_rx_message const&)
 *fill*         0x0000000008000526        0x2 
 .text.HAL_CAN_RxFifo0MsgPendingCallback
                0x0000000008000528       0x48 ./Core/Src/can_functions.o
                0x0000000008000528                HAL_CAN_RxFifo0MsgPendingCallback
 .text._Z15init_can_filter17CAN_FilterTypeDef
                0x0000000008000570       0x60 ./Core/Src/can_functions.o
                0x0000000008000570                init_can_filter(CAN_FilterTypeDef)
 .text._Z15init_can_configv
                0x00000000080005d0       0x44 ./Core/Src/can_functions.o
                0x00000000080005d0                init_can_config()
 .text._ZN8PUTM_CAN14Can_tx_messageI7AQ_mainEC1ERKS1_RK19CAN_TxHeaderTypeDef
                0x0000000008000614       0x38 ./Core/Src/can_functions.o
                0x0000000008000614                PUTM_CAN::Can_tx_message<AQ_main>::Can_tx_message(AQ_main const&, CAN_TxHeaderTypeDef const&)
 .text._Z19can_main_frame_sendtthh
                0x000000000800064c       0x70 ./Core/Src/can_functions.o
                0x000000000800064c                can_main_frame_send(unsigned short, unsigned short, unsigned char, unsigned char)
 .text._ZNSt5arrayIPN8PUTM_CAN11Device_baseELj23EE5beginEv
                0x00000000080006bc       0x18 ./Core/Src/can_functions.o
                0x00000000080006bc                std::array<PUTM_CAN::Device_base*, 23u>::begin()
 .text._ZNSt5arrayIPN8PUTM_CAN11Device_baseELj23EE3endEv
                0x00000000080006d4       0x1a ./Core/Src/can_functions.o
                0x00000000080006d4                std::array<PUTM_CAN::Device_base*, 23u>::end()
 *fill*         0x00000000080006ee        0x2 
 .text._ZN8PUTM_CAN14Can_tx_messageI7AQ_mainE4sendER19__CAN_HandleTypeDef
                0x00000000080006f0       0x28 ./Core/Src/can_functions.o
                0x00000000080006f0                PUTM_CAN::Can_tx_message<AQ_main>::send(__CAN_HandleTypeDef&)
 .text._ZNSt5arrayIPN8PUTM_CAN11Device_baseELj23EE4dataEv
                0x0000000008000718       0x1a ./Core/Src/can_functions.o
                0x0000000008000718                std::array<PUTM_CAN::Device_base*, 23u>::data()
 .text._ZNSt14__array_traitsIPN8PUTM_CAN11Device_baseELj23EE6_S_ptrERA23_KS2_
                0x0000000008000732       0x16 ./Core/Src/can_functions.o
                0x0000000008000732                std::__array_traits<PUTM_CAN::Device_base*, 23u>::_S_ptr(PUTM_CAN::Device_base* const (&) [23])
 .text._ZN8PUTM_CAN6DeviceI14Telemetry_MainE8set_dataERKNS_14Can_rx_messageE
                0x0000000008000748       0x2c ./Core/Src/can_functions.o
                0x0000000008000748                PUTM_CAN::Device<Telemetry_Main>::set_data(PUTM_CAN::Can_rx_message const&)
 .text._ZN8PUTM_CAN6DeviceI18TS_rear_suspensionE8set_dataERKNS_14Can_rx_messageE
                0x0000000008000774       0x2c ./Core/Src/can_functions.o
                0x0000000008000774                PUTM_CAN::Device<TS_rear_suspension>::set_data(PUTM_CAN::Can_rx_message const&)
 .text._ZN8PUTM_CAN6DeviceI7TS_mainE8set_dataERKNS_14Can_rx_messageE
                0x00000000080007a0       0x2c ./Core/Src/can_functions.o
                0x00000000080007a0                PUTM_CAN::Device<TS_main>::set_data(PUTM_CAN::Can_rx_message const&)
 .text._ZN8PUTM_CAN6DeviceI20Steering_Wheel_eventE8set_dataERKNS_14Can_rx_messageE
                0x00000000080007cc       0x2c ./Core/Src/can_functions.o
                0x00000000080007cc                PUTM_CAN::Device<Steering_Wheel_event>::set_data(PUTM_CAN::Can_rx_message const&)
 .text._ZN8PUTM_CAN6DeviceI19Steering_Wheel_mainE8set_dataERKNS_14Can_rx_messageE
                0x00000000080007f8       0x2c ./Core/Src/can_functions.o
                0x00000000080007f8                PUTM_CAN::Device<Steering_Wheel_main>::set_data(PUTM_CAN::Can_rx_message const&)
 .text._ZN8PUTM_CAN6DeviceI7SF_NUCSE8set_dataERKNS_14Can_rx_messageE
                0x0000000008000824       0x2c ./Core/Src/can_functions.o
                0x0000000008000824                PUTM_CAN::Device<SF_NUCS>::set_data(PUTM_CAN::Can_rx_message const&)
 .text._ZN8PUTM_CAN6DeviceI5SF_WSE8set_dataERKNS_14Can_rx_messageE
                0x0000000008000850       0x2c ./Core/Src/can_functions.o
                0x0000000008000850                PUTM_CAN::Device<SF_WS>::set_data(PUTM_CAN::Can_rx_message const&)
 .text._ZN8PUTM_CAN6DeviceI5SF_DVE8set_dataERKNS_14Can_rx_messageE
                0x000000000800087c       0x2c ./Core/Src/can_functions.o
                0x000000000800087c                PUTM_CAN::Device<SF_DV>::set_data(PUTM_CAN::Can_rx_message const&)
 .text._ZN8PUTM_CAN6DeviceI20SF_CoolingAndVSafetyE8set_dataERKNS_14Can_rx_messageE
                0x00000000080008a8       0x2c ./Core/Src/can_functions.o
                0x00000000080008a8                PUTM_CAN::Device<SF_CoolingAndVSafety>::set_data(PUTM_CAN::Can_rx_message const&)
 .text._ZN8PUTM_CAN6DeviceI11SF_FrontBoxE8set_dataERKNS_14Can_rx_messageE
                0x00000000080008d4       0x2c ./Core/Src/can_functions.o
                0x00000000080008d4                PUTM_CAN::Device<SF_FrontBox>::set_data(PUTM_CAN::Can_rx_message const&)
 .text._ZN8PUTM_CAN6DeviceI7SF_mainE8set_dataERKNS_14Can_rx_messageE
                0x0000000008000900       0x2c ./Core/Src/can_functions.o
                0x0000000008000900                PUTM_CAN::Device<SF_main>::set_data(PUTM_CAN::Can_rx_message const&)
 .text._ZN8PUTM_CAN6DeviceI14Lap_timer_PassE8set_dataERKNS_14Can_rx_messageE
                0x000000000800092c       0x2e ./Core/Src/can_functions.o
                0x000000000800092c                PUTM_CAN::Device<Lap_timer_Pass>::set_data(PUTM_CAN::Can_rx_message const&)
 .text._ZN8PUTM_CAN6DeviceI14Lap_timer_MainE8set_dataERKNS_14Can_rx_messageE
                0x000000000800095a       0x2c ./Core/Src/can_functions.o
                0x000000000800095a                PUTM_CAN::Device<Lap_timer_Main>::set_data(PUTM_CAN::Can_rx_message const&)
 .text._ZN8PUTM_CAN6DeviceI17Dash_lap_finishedE8set_dataERKNS_14Can_rx_messageE
                0x0000000008000986       0x2c ./Core/Src/can_functions.o
                0x0000000008000986                PUTM_CAN::Device<Dash_lap_finished>::set_data(PUTM_CAN::Can_rx_message const&)
 .text._ZN8PUTM_CAN6DeviceI27Dash_steering_wheel_requestE8set_dataERKNS_14Can_rx_messageE
                0x00000000080009b2       0x2c ./Core/Src/can_functions.o
                0x00000000080009b2                PUTM_CAN::Device<Dash_steering_wheel_request>::set_data(PUTM_CAN::Can_rx_message const&)
 .text._ZN8PUTM_CAN6DeviceI26Dash_Smart_Fuses_FAN_speedE8set_dataERKNS_14Can_rx_messageE
                0x00000000080009de       0x2e ./Core/Src/can_functions.o
                0x00000000080009de                PUTM_CAN::Device<Dash_Smart_Fuses_FAN_speed>::set_data(PUTM_CAN::Can_rx_message const&)
 .text._ZN8PUTM_CAN6DeviceI8Dash_TCSE8set_dataERKNS_14Can_rx_messageE
                0x0000000008000a0c       0x2c ./Core/Src/can_functions.o
                0x0000000008000a0c                PUTM_CAN::Device<Dash_TCS>::set_data(PUTM_CAN::Can_rx_message const&)
 .text._ZN8PUTM_CAN6DeviceI9Dash_MainE8set_dataERKNS_14Can_rx_messageE
                0x0000000008000a38       0x2c ./Core/Src/can_functions.o
                0x0000000008000a38                PUTM_CAN::Device<Dash_Main>::set_data(PUTM_CAN::Can_rx_message const&)
 .text._ZN8PUTM_CAN6DeviceI18BMS_LV_temperatureE8set_dataERKNS_14Can_rx_messageE
                0x0000000008000a64       0x2c ./Core/Src/can_functions.o
                0x0000000008000a64                PUTM_CAN::Device<BMS_LV_temperature>::set_data(PUTM_CAN::Can_rx_message const&)
 .text._ZN8PUTM_CAN6DeviceI11BMS_LV_mainE8set_dataERKNS_14Can_rx_messageE
                0x0000000008000a90       0x2c ./Core/Src/can_functions.o
                0x0000000008000a90                PUTM_CAN::Device<BMS_LV_main>::set_data(PUTM_CAN::Can_rx_message const&)
 .text._ZN8PUTM_CAN6DeviceI11BMS_HV_mainE8set_dataERKNS_14Can_rx_messageE
                0x0000000008000abc       0x2c ./Core/Src/can_functions.o
                0x0000000008000abc                PUTM_CAN::Device<BMS_HV_main>::set_data(PUTM_CAN::Can_rx_message const&)
 .text._ZN8PUTM_CAN6DeviceI7AQ_mainE8set_dataERKNS_14Can_rx_messageE
                0x0000000008000ae8       0x2c ./Core/Src/can_functions.o
                0x0000000008000ae8                PUTM_CAN::Device<AQ_main>::set_data(PUTM_CAN::Can_rx_message const&)
 .text._ZN8PUTM_CAN6DeviceI9Apps_mainE8set_dataERKNS_14Can_rx_messageE
                0x0000000008000b14       0x2c ./Core/Src/can_functions.o
                0x0000000008000b14                PUTM_CAN::Device<Apps_main>::set_data(PUTM_CAN::Can_rx_message const&)
 .text._Z41__static_initialization_and_destruction_0ii
                0x0000000008000b40       0x2c ./Core/Src/ism_task.o
 .text._GLOBAL__sub_I_AccGyr
                0x0000000008000b6c       0x10 ./Core/Src/ism_task.o
 .text.main     0x0000000008000b7c       0x68 ./Core/Src/main.o
                0x0000000008000b7c                main
 .text._Z18SystemClock_Configv
                0x0000000008000be4       0xc4 ./Core/Src/main.o
                0x0000000008000be4                SystemClock_Config()
 .text._ZL12MX_ADC1_Initv
                0x0000000008000ca8      0x1e8 ./Core/Src/main.o
 .text._ZL12MX_CAN1_Initv
                0x0000000008000e90       0x74 ./Core/Src/main.o
 .text._ZL11MX_RTC_Initv
                0x0000000008000f04       0xe0 ./Core/Src/main.o
 .text._ZL12MX_SPI1_Initv
                0x0000000008000fe4       0x84 ./Core/Src/main.o
 .text._ZL11MX_DMA_Initv
                0x0000000008001068       0x54 ./Core/Src/main.o
 .text._ZL12MX_GPIO_Initv
                0x00000000080010bc      0x160 ./Core/Src/main.o
 .text._Z16StartDefaultTaskPv
                0x000000000800121c       0x10 ./Core/Src/main.o
                0x000000000800121c                StartDefaultTask(void*)
 .text._Z12StartBlink01Pv
                0x000000000800122c      0x114 ./Core/Src/main.o
                0x000000000800122c                StartBlink01(void*)
 .text.HAL_TIM_PeriodElapsedCallback
                0x0000000008001340       0x24 ./Core/Src/main.o
                0x0000000008001340                HAL_TIM_PeriodElapsedCallback
 .text.Error_Handler
                0x0000000008001364        0xa ./Core/Src/main.o
                0x0000000008001364                Error_Handler
 *fill*         0x000000000800136e        0x2 
 .text._Z36braking_pressure_percent_calculationt
                0x0000000008001370       0x38 ./Core/Src/meansure_task.o
                0x0000000008001370                braking_pressure_percent_calculation(unsigned short)
 .text.HAL_MspInit
                0x00000000080013a8       0x60 ./Core/Src/stm32l4xx_hal_msp.o
                0x00000000080013a8                HAL_MspInit
 .text.HAL_ADC_MspInit
                0x0000000008001408      0x130 ./Core/Src/stm32l4xx_hal_msp.o
                0x0000000008001408                HAL_ADC_MspInit
 .text.HAL_CAN_MspInit
                0x0000000008001538       0x98 ./Core/Src/stm32l4xx_hal_msp.o
                0x0000000008001538                HAL_CAN_MspInit
 .text.HAL_RTC_MspInit
                0x00000000080015d0       0x7c ./Core/Src/stm32l4xx_hal_msp.o
                0x00000000080015d0                HAL_RTC_MspInit
 .text.HAL_SPI_MspInit
                0x000000000800164c       0x84 ./Core/Src/stm32l4xx_hal_msp.o
                0x000000000800164c                HAL_SPI_MspInit
 .text.HAL_TIM_Base_MspInit
                0x00000000080016d0       0x4c ./Core/Src/stm32l4xx_hal_msp.o
                0x00000000080016d0                HAL_TIM_Base_MspInit
 .text.HAL_InitTick
                0x000000000800171c       0xac ./Core/Src/stm32l4xx_hal_timebase_tim.o
                0x000000000800171c                HAL_InitTick
 .text.NMI_Handler
                0x00000000080017c8        0x6 ./Core/Src/stm32l4xx_it.o
                0x00000000080017c8                NMI_Handler
 .text.HardFault_Handler
                0x00000000080017ce        0x6 ./Core/Src/stm32l4xx_it.o
                0x00000000080017ce                HardFault_Handler
 .text.MemManage_Handler
                0x00000000080017d4        0x6 ./Core/Src/stm32l4xx_it.o
                0x00000000080017d4                MemManage_Handler
 .text.BusFault_Handler
                0x00000000080017da        0x6 ./Core/Src/stm32l4xx_it.o
                0x00000000080017da                BusFault_Handler
 .text.UsageFault_Handler
                0x00000000080017e0        0x6 ./Core/Src/stm32l4xx_it.o
                0x00000000080017e0                UsageFault_Handler
 .text.DebugMon_Handler
                0x00000000080017e6        0xe ./Core/Src/stm32l4xx_it.o
                0x00000000080017e6                DebugMon_Handler
 .text.PVD_PVM_IRQHandler
                0x00000000080017f4        0xc ./Core/Src/stm32l4xx_it.o
                0x00000000080017f4                PVD_PVM_IRQHandler
 .text.DMA1_Channel1_IRQHandler
                0x0000000008001800       0x14 ./Core/Src/stm32l4xx_it.o
                0x0000000008001800                DMA1_Channel1_IRQHandler
 .text.CAN1_TX_IRQHandler
                0x0000000008001814       0x14 ./Core/Src/stm32l4xx_it.o
                0x0000000008001814                CAN1_TX_IRQHandler
 .text.TIM3_IRQHandler
                0x0000000008001828       0x14 ./Core/Src/stm32l4xx_it.o
                0x0000000008001828                TIM3_IRQHandler
 .text.TIM6_DAC_IRQHandler
                0x000000000800183c       0x14 ./Core/Src/stm32l4xx_it.o
                0x000000000800183c                TIM6_DAC_IRQHandler
 .text.SystemInit
                0x0000000008001850       0x24 ./Core/Src/system_stm32l4xx.o
                0x0000000008001850                SystemInit
 .text.Reset_Handler
                0x0000000008001874       0x50 ./Core/Startup/startup_stm32l4p5retx.o
                0x0000000008001874                Reset_Handler
 .text.Default_Handler
                0x00000000080018c4        0x2 ./Core/Startup/startup_stm32l4p5retx.o
                0x00000000080018c4                RTC_Alarm_IRQHandler
                0x00000000080018c4                EXTI2_IRQHandler
                0x00000000080018c4                TIM8_TRG_COM_IRQHandler
                0x00000000080018c4                TIM8_CC_IRQHandler
                0x00000000080018c4                TIM1_CC_IRQHandler
                0x00000000080018c4                TSC_IRQHandler
                0x00000000080018c4                TAMP_STAMP_IRQHandler
                0x00000000080018c4                EXTI3_IRQHandler
                0x00000000080018c4                LPTIM2_IRQHandler
                0x00000000080018c4                DFSDM1_FLT1_IRQHandler
                0x00000000080018c4                I2C3_ER_IRQHandler
                0x00000000080018c4                EXTI0_IRQHandler
                0x00000000080018c4                I2C2_EV_IRQHandler
                0x00000000080018c4                CAN1_RX0_IRQHandler
                0x00000000080018c4                FPU_IRQHandler
                0x00000000080018c4                TIM1_UP_TIM16_IRQHandler
                0x00000000080018c4                LTDC_ER_IRQHandler
                0x00000000080018c4                ADC1_2_IRQHandler
                0x00000000080018c4                SPI1_IRQHandler
                0x00000000080018c4                OCTOSPI1_IRQHandler
                0x00000000080018c4                TIM8_UP_IRQHandler
                0x00000000080018c4                OCTOSPI2_IRQHandler
                0x00000000080018c4                DMA2_Channel2_IRQHandler
                0x00000000080018c4                DMA1_Channel4_IRQHandler
                0x00000000080018c4                SAI2_IRQHandler
                0x00000000080018c4                USART3_IRQHandler
                0x00000000080018c4                DMA1_Channel7_IRQHandler
                0x00000000080018c4                CAN1_RX1_IRQHandler
                0x00000000080018c4                UART5_IRQHandler
                0x00000000080018c4                TIM4_IRQHandler
                0x00000000080018c4                DMA2_Channel1_IRQHandler
                0x00000000080018c4                I2C1_EV_IRQHandler
                0x00000000080018c4                DMAMUX1_OVR_IRQHandler
                0x00000000080018c4                DMA1_Channel6_IRQHandler
                0x00000000080018c4                UART4_IRQHandler
                0x00000000080018c4                DMA2_Channel4_IRQHandler
                0x00000000080018c4                RCC_IRQHandler
                0x00000000080018c4                Default_Handler
                0x00000000080018c4                DMA2_Channel7_IRQHandler
                0x00000000080018c4                EXTI15_10_IRQHandler
                0x00000000080018c4                TIM7_IRQHandler
                0x00000000080018c4                SDMMC1_IRQHandler
                0x00000000080018c4                TIM5_IRQHandler
                0x00000000080018c4                I2C3_EV_IRQHandler
                0x00000000080018c4                EXTI9_5_IRQHandler
                0x00000000080018c4                RTC_WKUP_IRQHandler
                0x00000000080018c4                LTDC_IRQHandler
                0x00000000080018c4                SPI2_IRQHandler
                0x00000000080018c4                DMA2_Channel5_IRQHandler
                0x00000000080018c4                DMA1_Channel5_IRQHandler
                0x00000000080018c4                EXTI4_IRQHandler
                0x00000000080018c4                RNG_IRQHandler
                0x00000000080018c4                TIM1_TRG_COM_TIM17_IRQHandler
                0x00000000080018c4                DMA1_Channel3_IRQHandler
                0x00000000080018c4                COMP_IRQHandler
                0x00000000080018c4                HASH_CRS_IRQHandler
                0x00000000080018c4                WWDG_IRQHandler
                0x00000000080018c4                I2C4_EV_IRQHandler
                0x00000000080018c4                LPUART1_IRQHandler
                0x00000000080018c4                DMA2_Channel6_IRQHandler
                0x00000000080018c4                TIM2_IRQHandler
                0x00000000080018c4                DMA2D_IRQHandler
                0x00000000080018c4                EXTI1_IRQHandler
                0x00000000080018c4                SDMMC2_IRQHandler
                0x00000000080018c4                USART2_IRQHandler
                0x00000000080018c4                DFSDM1_FLT0_IRQHandler
                0x00000000080018c4                I2C2_ER_IRQHandler
                0x00000000080018c4                DMA1_Channel2_IRQHandler
                0x00000000080018c4                TIM8_BRK_IRQHandler
                0x00000000080018c4                CAN1_SCE_IRQHandler
                0x00000000080018c4                FLASH_IRQHandler
                0x00000000080018c4                USART1_IRQHandler
                0x00000000080018c4                OTG_FS_IRQHandler
                0x00000000080018c4                SPI3_IRQHandler
                0x00000000080018c4                I2C1_ER_IRQHandler
                0x00000000080018c4                FMC_IRQHandler
                0x00000000080018c4                LPTIM1_IRQHandler
                0x00000000080018c4                DCMI_PSSI_IRQHandler
                0x00000000080018c4                I2C4_ER_IRQHandler
                0x00000000080018c4                SAI1_IRQHandler
                0x00000000080018c4                DMA2_Channel3_IRQHandler
                0x00000000080018c4                TIM1_BRK_TIM15_IRQHandler
 .text.HAL_Init
                0x00000000080018c6       0x30 ./Drivers/STM32L4xx_HAL_Driver/stm32l4xx_hal.o
                0x00000000080018c6                HAL_Init
 *fill*         0x00000000080018f6        0x2 
 .text.HAL_IncTick
                0x00000000080018f8       0x28 ./Drivers/STM32L4xx_HAL_Driver/stm32l4xx_hal.o
                0x00000000080018f8                HAL_IncTick
 .text.HAL_GetTick
                0x0000000008001920       0x18 ./Drivers/STM32L4xx_HAL_Driver/stm32l4xx_hal.o
                0x0000000008001920                HAL_GetTick
 .text.LL_ADC_SetCommonClock
                0x0000000008001938       0x26 ./Drivers/STM32L4xx_HAL_Driver/stm32l4xx_hal_adc.o
 .text.LL_ADC_SetCommonPathInternalCh
                0x000000000800195e       0x26 ./Drivers/STM32L4xx_HAL_Driver/stm32l4xx_hal_adc.o
 .text.LL_ADC_GetCommonPathInternalCh
                0x0000000008001984       0x1c ./Drivers/STM32L4xx_HAL_Driver/stm32l4xx_hal_adc.o
 .text.LL_ADC_SetOffset
                0x00000000080019a0       0x48 ./Drivers/STM32L4xx_HAL_Driver/stm32l4xx_hal_adc.o
 .text.LL_ADC_GetOffsetChannel
                0x00000000080019e8       0x2c ./Drivers/STM32L4xx_HAL_Driver/stm32l4xx_hal_adc.o
 .text.LL_ADC_SetOffsetState
                0x0000000008001a14       0x36 ./Drivers/STM32L4xx_HAL_Driver/stm32l4xx_hal_adc.o
 .text.LL_ADC_SetSamplingTimeCommonConfig
                0x0000000008001a4a       0x26 ./Drivers/STM32L4xx_HAL_Driver/stm32l4xx_hal_adc.o
 .text.LL_ADC_REG_IsTriggerSourceSWStart
                0x0000000008001a70       0x26 ./Drivers/STM32L4xx_HAL_Driver/stm32l4xx_hal_adc.o
 .text.LL_ADC_REG_SetSequencerRanks
                0x0000000008001a96       0x58 ./Drivers/STM32L4xx_HAL_Driver/stm32l4xx_hal_adc.o
 .text.LL_ADC_SetChannelSamplingTime
                0x0000000008001aee       0x56 ./Drivers/STM32L4xx_HAL_Driver/stm32l4xx_hal_adc.o
 .text.LL_ADC_SetChannelSingleDiff
                0x0000000008001b44       0x48 ./Drivers/STM32L4xx_HAL_Driver/stm32l4xx_hal_adc.o
 .text.LL_ADC_GetMultimode
                0x0000000008001b8c       0x1c ./Drivers/STM32L4xx_HAL_Driver/stm32l4xx_hal_adc.o
 .text.LL_ADC_DisableDeepPowerDown
                0x0000000008001ba8       0x24 ./Drivers/STM32L4xx_HAL_Driver/stm32l4xx_hal_adc.o
 .text.LL_ADC_IsDeepPowerDownEnabled
                0x0000000008001bcc       0x28 ./Drivers/STM32L4xx_HAL_Driver/stm32l4xx_hal_adc.o
 .text.LL_ADC_EnableInternalRegulator
                0x0000000008001bf4       0x28 ./Drivers/STM32L4xx_HAL_Driver/stm32l4xx_hal_adc.o
 .text.LL_ADC_IsInternalRegulatorEnabled
                0x0000000008001c1c       0x28 ./Drivers/STM32L4xx_HAL_Driver/stm32l4xx_hal_adc.o
 .text.LL_ADC_Enable
                0x0000000008001c44       0x28 ./Drivers/STM32L4xx_HAL_Driver/stm32l4xx_hal_adc.o
 .text.LL_ADC_IsEnabled
                0x0000000008001c6c       0x26 ./Drivers/STM32L4xx_HAL_Driver/stm32l4xx_hal_adc.o
 .text.LL_ADC_REG_StartConversion
                0x0000000008001c92       0x28 ./Drivers/STM32L4xx_HAL_Driver/stm32l4xx_hal_adc.o
 .text.LL_ADC_REG_IsConversionOngoing
                0x0000000008001cba       0x26 ./Drivers/STM32L4xx_HAL_Driver/stm32l4xx_hal_adc.o
 .text.LL_ADC_INJ_IsConversionOngoing
                0x0000000008001ce0       0x26 ./Drivers/STM32L4xx_HAL_Driver/stm32l4xx_hal_adc.o
 *fill*         0x0000000008001d06        0x2 
 .text.HAL_ADC_Init
                0x0000000008001d08      0x2a4 ./Drivers/STM32L4xx_HAL_Driver/stm32l4xx_hal_adc.o
                0x0000000008001d08                HAL_ADC_Init
 .text.HAL_ADC_Start_DMA
                0x0000000008001fac      0x168 ./Drivers/STM32L4xx_HAL_Driver/stm32l4xx_hal_adc.o
                0x0000000008001fac                HAL_ADC_Start_DMA
 .text.HAL_ADC_ConvCpltCallback
                0x0000000008002114       0x14 ./Drivers/STM32L4xx_HAL_Driver/stm32l4xx_hal_adc.o
                0x0000000008002114                HAL_ADC_ConvCpltCallback
 .text.HAL_ADC_ConvHalfCpltCallback
                0x0000000008002128       0x14 ./Drivers/STM32L4xx_HAL_Driver/stm32l4xx_hal_adc.o
                0x0000000008002128                HAL_ADC_ConvHalfCpltCallback
 .text.HAL_ADC_ErrorCallback
                0x000000000800213c       0x14 ./Drivers/STM32L4xx_HAL_Driver/stm32l4xx_hal_adc.o
                0x000000000800213c                HAL_ADC_ErrorCallback
 .text.HAL_ADC_ConfigChannel
                0x0000000008002150      0x7f8 ./Drivers/STM32L4xx_HAL_Driver/stm32l4xx_hal_adc.o
                0x0000000008002150                HAL_ADC_ConfigChannel
 .text.ADC_Enable
                0x0000000008002948       0xc4 ./Drivers/STM32L4xx_HAL_Driver/stm32l4xx_hal_adc.o
                0x0000000008002948                ADC_Enable
 .text.ADC_DMAConvCplt
                0x0000000008002a0c       0xd8 ./Drivers/STM32L4xx_HAL_Driver/stm32l4xx_hal_adc.o
                0x0000000008002a0c                ADC_DMAConvCplt
 .text.ADC_DMAHalfConvCplt
                0x0000000008002ae4       0x1c ./Drivers/STM32L4xx_HAL_Driver/stm32l4xx_hal_adc.o
                0x0000000008002ae4                ADC_DMAHalfConvCplt
 .text.ADC_DMAError
                0x0000000008002b00       0x34 ./Drivers/STM32L4xx_HAL_Driver/stm32l4xx_hal_adc.o
                0x0000000008002b00                ADC_DMAError
 .text.LL_ADC_IsEnabled
                0x0000000008002b34       0x26 ./Drivers/STM32L4xx_HAL_Driver/stm32l4xx_hal_adc_ex.o
 .text.LL_ADC_REG_IsConversionOngoing
                0x0000000008002b5a       0x26 ./Drivers/STM32L4xx_HAL_Driver/stm32l4xx_hal_adc_ex.o
 .text.HAL_ADCEx_MultiModeConfigChannel
                0x0000000008002b80      0x148 ./Drivers/STM32L4xx_HAL_Driver/stm32l4xx_hal_adc_ex.o
                0x0000000008002b80                HAL_ADCEx_MultiModeConfigChannel
 .text.HAL_CAN_Init
                0x0000000008002cc8      0x1f6 ./Drivers/STM32L4xx_HAL_Driver/stm32l4xx_hal_can.o
                0x0000000008002cc8                HAL_CAN_Init
 .text.HAL_CAN_ConfigFilter
                0x0000000008002ebe      0x194 ./Drivers/STM32L4xx_HAL_Driver/stm32l4xx_hal_can.o
                0x0000000008002ebe                HAL_CAN_ConfigFilter
 .text.HAL_CAN_Start
                0x0000000008003052       0x88 ./Drivers/STM32L4xx_HAL_Driver/stm32l4xx_hal_can.o
                0x0000000008003052                HAL_CAN_Start
 .text.HAL_CAN_AddTxMessage
                0x00000000080030da      0x1b6 ./Drivers/STM32L4xx_HAL_Driver/stm32l4xx_hal_can.o
                0x00000000080030da                HAL_CAN_AddTxMessage
 .text.HAL_CAN_GetRxMessage
                0x0000000008003290      0x224 ./Drivers/STM32L4xx_HAL_Driver/stm32l4xx_hal_can.o
                0x0000000008003290                HAL_CAN_GetRxMessage
 .text.HAL_CAN_ActivateNotification
                0x00000000080034b4       0x4c ./Drivers/STM32L4xx_HAL_Driver/stm32l4xx_hal_can.o
                0x00000000080034b4                HAL_CAN_ActivateNotification
 .text.HAL_CAN_IRQHandler
                0x0000000008003500      0x36e ./Drivers/STM32L4xx_HAL_Driver/stm32l4xx_hal_can.o
                0x0000000008003500                HAL_CAN_IRQHandler
 .text.HAL_CAN_TxMailbox0CompleteCallback
                0x000000000800386e       0x14 ./Drivers/STM32L4xx_HAL_Driver/stm32l4xx_hal_can.o
                0x000000000800386e                HAL_CAN_TxMailbox0CompleteCallback
 .text.HAL_CAN_TxMailbox1CompleteCallback
                0x0000000008003882       0x14 ./Drivers/STM32L4xx_HAL_Driver/stm32l4xx_hal_can.o
                0x0000000008003882                HAL_CAN_TxMailbox1CompleteCallback
 .text.HAL_CAN_TxMailbox2CompleteCallback
                0x0000000008003896       0x14 ./Drivers/STM32L4xx_HAL_Driver/stm32l4xx_hal_can.o
                0x0000000008003896                HAL_CAN_TxMailbox2CompleteCallback
 .text.HAL_CAN_TxMailbox0AbortCallback
                0x00000000080038aa       0x14 ./Drivers/STM32L4xx_HAL_Driver/stm32l4xx_hal_can.o
                0x00000000080038aa                HAL_CAN_TxMailbox0AbortCallback
 .text.HAL_CAN_TxMailbox1AbortCallback
                0x00000000080038be       0x14 ./Drivers/STM32L4xx_HAL_Driver/stm32l4xx_hal_can.o
                0x00000000080038be                HAL_CAN_TxMailbox1AbortCallback
 .text.HAL_CAN_TxMailbox2AbortCallback
                0x00000000080038d2       0x14 ./Drivers/STM32L4xx_HAL_Driver/stm32l4xx_hal_can.o
                0x00000000080038d2                HAL_CAN_TxMailbox2AbortCallback
 .text.HAL_CAN_RxFifo0FullCallback
                0x00000000080038e6       0x14 ./Drivers/STM32L4xx_HAL_Driver/stm32l4xx_hal_can.o
                0x00000000080038e6                HAL_CAN_RxFifo0FullCallback
 .text.HAL_CAN_RxFifo1MsgPendingCallback
                0x00000000080038fa       0x14 ./Drivers/STM32L4xx_HAL_Driver/stm32l4xx_hal_can.o
                0x00000000080038fa                HAL_CAN_RxFifo1MsgPendingCallback
 .text.HAL_CAN_RxFifo1FullCallback
                0x000000000800390e       0x14 ./Drivers/STM32L4xx_HAL_Driver/stm32l4xx_hal_can.o
                0x000000000800390e                HAL_CAN_RxFifo1FullCallback
 .text.HAL_CAN_SleepCallback
                0x0000000008003922       0x14 ./Drivers/STM32L4xx_HAL_Driver/stm32l4xx_hal_can.o
                0x0000000008003922                HAL_CAN_SleepCallback
 .text.HAL_CAN_WakeUpFromRxMsgCallback
                0x0000000008003936       0x14 ./Drivers/STM32L4xx_HAL_Driver/stm32l4xx_hal_can.o
                0x0000000008003936                HAL_CAN_WakeUpFromRxMsgCallback
 .text.HAL_CAN_ErrorCallback
                0x000000000800394a       0x14 ./Drivers/STM32L4xx_HAL_Driver/stm32l4xx_hal_can.o
                0x000000000800394a                HAL_CAN_ErrorCallback
 *fill*         0x000000000800395e        0x2 
 .text.__NVIC_SetPriorityGrouping
                0x0000000008003960       0x48 ./Drivers/STM32L4xx_HAL_Driver/stm32l4xx_hal_cortex.o
 .text.__NVIC_GetPriorityGrouping
                0x00000000080039a8       0x1c ./Drivers/STM32L4xx_HAL_Driver/stm32l4xx_hal_cortex.o
 .text.__NVIC_EnableIRQ
                0x00000000080039c4       0x3c ./Drivers/STM32L4xx_HAL_Driver/stm32l4xx_hal_cortex.o
 .text.__NVIC_SetPriority
                0x0000000008003a00       0x54 ./Drivers/STM32L4xx_HAL_Driver/stm32l4xx_hal_cortex.o
 .text.NVIC_EncodePriority
                0x0000000008003a54       0x66 ./Drivers/STM32L4xx_HAL_Driver/stm32l4xx_hal_cortex.o
 .text.HAL_NVIC_SetPriorityGrouping
                0x0000000008003aba       0x16 ./Drivers/STM32L4xx_HAL_Driver/stm32l4xx_hal_cortex.o
                0x0000000008003aba                HAL_NVIC_SetPriorityGrouping
 .text.HAL_NVIC_SetPriority
                0x0000000008003ad0       0x38 ./Drivers/STM32L4xx_HAL_Driver/stm32l4xx_hal_cortex.o
                0x0000000008003ad0                HAL_NVIC_SetPriority
 .text.HAL_NVIC_EnableIRQ
                0x0000000008003b08       0x1c ./Drivers/STM32L4xx_HAL_Driver/stm32l4xx_hal_cortex.o
                0x0000000008003b08                HAL_NVIC_EnableIRQ
 .text.HAL_DMA_Init
                0x0000000008003b24      0x150 ./Drivers/STM32L4xx_HAL_Driver/stm32l4xx_hal_dma.o
                0x0000000008003b24                HAL_DMA_Init
 .text.HAL_DMA_Start_IT
                0x0000000008003c74       0xf6 ./Drivers/STM32L4xx_HAL_Driver/stm32l4xx_hal_dma.o
                0x0000000008003c74                HAL_DMA_Start_IT
 .text.HAL_DMA_IRQHandler
                0x0000000008003d6a      0x15e ./Drivers/STM32L4xx_HAL_Driver/stm32l4xx_hal_dma.o
                0x0000000008003d6a                HAL_DMA_IRQHandler
 .text.DMA_SetConfig
                0x0000000008003ec8       0x7c ./Drivers/STM32L4xx_HAL_Driver/stm32l4xx_hal_dma.o
 .text.DMA_CalcDMAMUXChannelBaseAndMask
                0x0000000008003f44       0x7c ./Drivers/STM32L4xx_HAL_Driver/stm32l4xx_hal_dma.o
 .text.DMA_CalcDMAMUXRequestGenBaseAndMask
                0x0000000008003fc0       0x48 ./Drivers/STM32L4xx_HAL_Driver/stm32l4xx_hal_dma.o
 .text.HAL_GPIO_Init
                0x0000000008004008      0x324 ./Drivers/STM32L4xx_HAL_Driver/stm32l4xx_hal_gpio.o
                0x0000000008004008                HAL_GPIO_Init
 .text.HAL_GPIO_WritePin
                0x000000000800432c       0x30 ./Drivers/STM32L4xx_HAL_Driver/stm32l4xx_hal_gpio.o
                0x000000000800432c                HAL_GPIO_WritePin
 .text.HAL_PWR_PVDCallback
                0x000000000800435c        0xe ./Drivers/STM32L4xx_HAL_Driver/stm32l4xx_hal_pwr.o
                0x000000000800435c                HAL_PWR_PVDCallback
 *fill*         0x000000000800436a        0x2 
 .text.HAL_PWREx_GetVoltageRange
                0x000000000800436c       0x40 ./Drivers/STM32L4xx_HAL_Driver/stm32l4xx_hal_pwr_ex.o
                0x000000000800436c                HAL_PWREx_GetVoltageRange
 .text.HAL_PWREx_ControlVoltageScaling
                0x00000000080043ac      0x148 ./Drivers/STM32L4xx_HAL_Driver/stm32l4xx_hal_pwr_ex.o
                0x00000000080043ac                HAL_PWREx_ControlVoltageScaling
 .text.HAL_PWREx_PVD_PVM_IRQHandler
                0x00000000080044f4       0x7c ./Drivers/STM32L4xx_HAL_Driver/stm32l4xx_hal_pwr_ex.o
                0x00000000080044f4                HAL_PWREx_PVD_PVM_IRQHandler
 .text.HAL_PWREx_PVM1Callback
                0x0000000008004570        0xe ./Drivers/STM32L4xx_HAL_Driver/stm32l4xx_hal_pwr_ex.o
                0x0000000008004570                HAL_PWREx_PVM1Callback
 .text.HAL_PWREx_PVM2Callback
                0x000000000800457e        0xe ./Drivers/STM32L4xx_HAL_Driver/stm32l4xx_hal_pwr_ex.o
                0x000000000800457e                HAL_PWREx_PVM2Callback
 .text.HAL_PWREx_PVM3Callback
                0x000000000800458c        0xe ./Drivers/STM32L4xx_HAL_Driver/stm32l4xx_hal_pwr_ex.o
                0x000000000800458c                HAL_PWREx_PVM3Callback
 .text.HAL_PWREx_PVM4Callback
                0x000000000800459a        0xe ./Drivers/STM32L4xx_HAL_Driver/stm32l4xx_hal_pwr_ex.o
                0x000000000800459a                HAL_PWREx_PVM4Callback
 .text.HAL_RCC_OscConfig
                0x00000000080045a8      0x910 ./Drivers/STM32L4xx_HAL_Driver/stm32l4xx_hal_rcc.o
                0x00000000080045a8                HAL_RCC_OscConfig
 .text.HAL_RCC_ClockConfig
                0x0000000008004eb8      0x258 ./Drivers/STM32L4xx_HAL_Driver/stm32l4xx_hal_rcc.o
                0x0000000008004eb8                HAL_RCC_ClockConfig
 .text.HAL_RCC_GetSysClockFreq
                0x0000000008005110      0x118 ./Drivers/STM32L4xx_HAL_Driver/stm32l4xx_hal_rcc.o
                0x0000000008005110                HAL_RCC_GetSysClockFreq
 .text.HAL_RCC_GetHCLKFreq
                0x0000000008005228       0x18 ./Drivers/STM32L4xx_HAL_Driver/stm32l4xx_hal_rcc.o
                0x0000000008005228                HAL_RCC_GetHCLKFreq
 .text.HAL_RCC_GetPCLK1Freq
                0x0000000008005240       0x2c ./Drivers/STM32L4xx_HAL_Driver/stm32l4xx_hal_rcc.o
                0x0000000008005240                HAL_RCC_GetPCLK1Freq
 .text.HAL_RCC_GetClockConfig
                0x000000000800526c       0x64 ./Drivers/STM32L4xx_HAL_Driver/stm32l4xx_hal_rcc.o
                0x000000000800526c                HAL_RCC_GetClockConfig
 .text.RCC_SetFlashLatencyFromMSIRange
                0x00000000080052d0       0xb4 ./Drivers/STM32L4xx_HAL_Driver/stm32l4xx_hal_rcc.o
 .text.RCC_GetSysClockFreqFromPLLSource
                0x0000000008005384       0xd0 ./Drivers/STM32L4xx_HAL_Driver/stm32l4xx_hal_rcc.o
 .text.HAL_RCCEx_PeriphCLKConfig
                0x0000000008005454      0x6d8 ./Drivers/STM32L4xx_HAL_Driver/stm32l4xx_hal_rcc_ex.o
                0x0000000008005454                HAL_RCCEx_PeriphCLKConfig
 .text.RCCEx_PLLSAI1_Config
                0x0000000008005b2c      0x1e8 ./Drivers/STM32L4xx_HAL_Driver/stm32l4xx_hal_rcc_ex.o
 .text.RCCEx_PLLSAI2_Config
                0x0000000008005d14      0x1e8 ./Drivers/STM32L4xx_HAL_Driver/stm32l4xx_hal_rcc_ex.o
 .text.HAL_RTC_Init
                0x0000000008005efc      0x120 ./Drivers/STM32L4xx_HAL_Driver/stm32l4xx_hal_rtc.o
                0x0000000008005efc                HAL_RTC_Init
 .text.HAL_RTC_SetTime
                0x000000000800601c      0x140 ./Drivers/STM32L4xx_HAL_Driver/stm32l4xx_hal_rtc.o
                0x000000000800601c                HAL_RTC_SetTime
 .text.HAL_RTC_SetDate
                0x000000000800615c      0x110 ./Drivers/STM32L4xx_HAL_Driver/stm32l4xx_hal_rtc.o
                0x000000000800615c                HAL_RTC_SetDate
 .text.HAL_RTC_WaitForSynchro
                0x000000000800626c       0x4c ./Drivers/STM32L4xx_HAL_Driver/stm32l4xx_hal_rtc.o
                0x000000000800626c                HAL_RTC_WaitForSynchro
 .text.RTC_EnterInitMode
                0x00000000080062b8       0x6c ./Drivers/STM32L4xx_HAL_Driver/stm32l4xx_hal_rtc.o
                0x00000000080062b8                RTC_EnterInitMode
 .text.RTC_ExitInitMode
                0x0000000008006324       0x7c ./Drivers/STM32L4xx_HAL_Driver/stm32l4xx_hal_rtc.o
                0x0000000008006324                RTC_ExitInitMode
 .text.RTC_ByteToBcd2
                0x00000000080063a0       0x40 ./Drivers/STM32L4xx_HAL_Driver/stm32l4xx_hal_rtc.o
                0x00000000080063a0                RTC_ByteToBcd2
 .text.HAL_SPI_Init
                0x00000000080063e0      0x146 ./Drivers/STM32L4xx_HAL_Driver/stm32l4xx_hal_spi.o
                0x00000000080063e0                HAL_SPI_Init
 .text.HAL_SPI_Transmit
                0x0000000008006526      0x2dc ./Drivers/STM32L4xx_HAL_Driver/stm32l4xx_hal_spi.o
                0x0000000008006526                HAL_SPI_Transmit
 .text.HAL_SPI_Receive
                0x0000000008006802      0x260 ./Drivers/STM32L4xx_HAL_Driver/stm32l4xx_hal_spi.o
                0x0000000008006802                HAL_SPI_Receive
 .text.HAL_SPI_TransmitReceive
                0x0000000008006a62      0x426 ./Drivers/STM32L4xx_HAL_Driver/stm32l4xx_hal_spi.o
                0x0000000008006a62                HAL_SPI_TransmitReceive
 .text.SPI_WaitFlagStateUntilTimeout
                0x0000000008006e88      0x110 ./Drivers/STM32L4xx_HAL_Driver/stm32l4xx_hal_spi.o
 .text.SPI_WaitFifoStateUntilTimeout
                0x0000000008006f98      0x12c ./Drivers/STM32L4xx_HAL_Driver/stm32l4xx_hal_spi.o
 .text.SPI_EndRxTransaction
                0x00000000080070c4       0xb0 ./Drivers/STM32L4xx_HAL_Driver/stm32l4xx_hal_spi.o
 .text.SPI_EndRxTxTransaction
                0x0000000008007174       0x8c ./Drivers/STM32L4xx_HAL_Driver/stm32l4xx_hal_spi.o
 .text.HAL_TIM_Base_Init
                0x0000000008007200       0xae ./Drivers/STM32L4xx_HAL_Driver/stm32l4xx_hal_tim.o
                0x0000000008007200                HAL_TIM_Base_Init
 *fill*         0x00000000080072ae        0x2 
 .text.HAL_TIM_Base_Start_IT
                0x00000000080072b0       0xe0 ./Drivers/STM32L4xx_HAL_Driver/stm32l4xx_hal_tim.o
                0x00000000080072b0                HAL_TIM_Base_Start_IT
 .text.HAL_TIM_IRQHandler
                0x0000000008007390      0x23e ./Drivers/STM32L4xx_HAL_Driver/stm32l4xx_hal_tim.o
                0x0000000008007390                HAL_TIM_IRQHandler
 .text.HAL_TIM_OC_DelayElapsedCallback
                0x00000000080075ce       0x14 ./Drivers/STM32L4xx_HAL_Driver/stm32l4xx_hal_tim.o
                0x00000000080075ce                HAL_TIM_OC_DelayElapsedCallback
 .text.HAL_TIM_IC_CaptureCallback
                0x00000000080075e2       0x14 ./Drivers/STM32L4xx_HAL_Driver/stm32l4xx_hal_tim.o
                0x00000000080075e2                HAL_TIM_IC_CaptureCallback
 .text.HAL_TIM_PWM_PulseFinishedCallback
                0x00000000080075f6       0x14 ./Drivers/STM32L4xx_HAL_Driver/stm32l4xx_hal_tim.o
                0x00000000080075f6                HAL_TIM_PWM_PulseFinishedCallback
 .text.HAL_TIM_TriggerCallback
                0x000000000800760a       0x14 ./Drivers/STM32L4xx_HAL_Driver/stm32l4xx_hal_tim.o
                0x000000000800760a                HAL_TIM_TriggerCallback
 *fill*         0x000000000800761e        0x2 
 .text.TIM_Base_SetConfig
                0x0000000008007620      0x134 ./Drivers/STM32L4xx_HAL_Driver/stm32l4xx_hal_tim.o
                0x0000000008007620                TIM_Base_SetConfig
 .text.HAL_TIMEx_CommutCallback
                0x0000000008007754       0x14 ./Drivers/STM32L4xx_HAL_Driver/stm32l4xx_hal_tim_ex.o
                0x0000000008007754                HAL_TIMEx_CommutCallback
 .text.HAL_TIMEx_BreakCallback
                0x0000000008007768       0x14 ./Drivers/STM32L4xx_HAL_Driver/stm32l4xx_hal_tim_ex.o
                0x0000000008007768                HAL_TIMEx_BreakCallback
 .text.HAL_TIMEx_Break2Callback
                0x000000000800777c       0x14 ./Drivers/STM32L4xx_HAL_Driver/stm32l4xx_hal_tim_ex.o
                0x000000000800777c                HAL_TIMEx_Break2Callback
 .text.__NVIC_SetPriority
                0x0000000008007790       0x54 ./Middlewares/FreeRTOS/cmsis_os2.o
 .text.SysTick_Handler
                0x00000000080077e4       0x20 ./Middlewares/FreeRTOS/cmsis_os2.o
                0x00000000080077e4                SysTick_Handler
 .text.SVC_Setup
                0x0000000008007804       0x12 ./Middlewares/FreeRTOS/cmsis_os2.o
 *fill*         0x0000000008007816        0x2 
 .text.osKernelInitialize
                0x0000000008007818       0x48 ./Middlewares/FreeRTOS/cmsis_os2.o
                0x0000000008007818                osKernelInitialize
 .text.osKernelStart
                0x0000000008007860       0x4c ./Middlewares/FreeRTOS/cmsis_os2.o
                0x0000000008007860                osKernelStart
 .text.osThreadNew
                0x00000000080078ac      0x124 ./Middlewares/FreeRTOS/cmsis_os2.o
                0x00000000080078ac                osThreadNew
 .text.osDelay  0x00000000080079d0       0x36 ./Middlewares/FreeRTOS/cmsis_os2.o
                0x00000000080079d0                osDelay
 *fill*         0x0000000008007a06        0x2 
 .text.vApplicationGetIdleTaskMemory
                0x0000000008007a08       0x34 ./Middlewares/FreeRTOS/cmsis_os2.o
                0x0000000008007a08                vApplicationGetIdleTaskMemory
 .text.vApplicationGetTimerTaskMemory
                0x0000000008007a3c       0x34 ./Middlewares/FreeRTOS/cmsis_os2.o
                0x0000000008007a3c                vApplicationGetTimerTaskMemory
 .text.pvPortMalloc
                0x0000000008007a70      0x198 ./Middlewares/FreeRTOS/heap_4.o
                0x0000000008007a70                pvPortMalloc
 .text.vPortFree
                0x0000000008007c08       0xc4 ./Middlewares/FreeRTOS/heap_4.o
                0x0000000008007c08                vPortFree
 .text.prvHeapInit
                0x0000000008007ccc       0xc4 ./Middlewares/FreeRTOS/heap_4.o
 .text.prvInsertBlockIntoFreeList
                0x0000000008007d90       0xb4 ./Middlewares/FreeRTOS/heap_4.o
 .text.vListInitialise
                0x0000000008007e44       0x40 ./Middlewares/FreeRTOS/list.o
                0x0000000008007e44                vListInitialise
 .text.vListInitialiseItem
                0x0000000008007e84       0x1a ./Middlewares/FreeRTOS/list.o
                0x0000000008007e84                vListInitialiseItem
 .text.vListInsertEnd
                0x0000000008007e9e       0x48 ./Middlewares/FreeRTOS/list.o
                0x0000000008007e9e                vListInsertEnd
 .text.vListInsert
                0x0000000008007ee6       0x72 ./Middlewares/FreeRTOS/list.o
                0x0000000008007ee6                vListInsert
 .text.uxListRemove
                0x0000000008007f58       0x54 ./Middlewares/FreeRTOS/list.o
                0x0000000008007f58                uxListRemove
 .text.pxPortInitialiseStack
                0x0000000008007fac       0x68 ./Middlewares/FreeRTOS/port.o
                0x0000000008007fac                pxPortInitialiseStack
 .text.prvTaskExitError
                0x0000000008008014       0x58 ./Middlewares/FreeRTOS/port.o
 *fill*         0x000000000800806c        0x4 
 .text.SVC_Handler
                0x0000000008008070       0x28 ./Middlewares/FreeRTOS/port.o
                0x0000000008008070                SVC_Handler
 .text.prvPortStartFirstTask
                0x0000000008008098       0x28 ./Middlewares/FreeRTOS/port.o
 .text.xPortStartScheduler
                0x00000000080080c0      0x144 ./Middlewares/FreeRTOS/port.o
                0x00000000080080c0                xPortStartScheduler
 .text.vPortEnterCritical
                0x0000000008008204       0x60 ./Middlewares/FreeRTOS/port.o
                0x0000000008008204                vPortEnterCritical
 .text.vPortExitCritical
                0x0000000008008264       0x54 ./Middlewares/FreeRTOS/port.o
                0x0000000008008264                vPortExitCritical
 *fill*         0x00000000080082b8        0x8 
 .text.PendSV_Handler
                0x00000000080082c0       0x68 ./Middlewares/FreeRTOS/port.o
                0x00000000080082c0                PendSV_Handler
 .text.xPortSysTickHandler
                0x0000000008008328       0x44 ./Middlewares/FreeRTOS/port.o
                0x0000000008008328                xPortSysTickHandler
 .text.vPortSetupTimerInterrupt
                0x000000000800836c       0x48 ./Middlewares/FreeRTOS/port.o
                0x000000000800836c                vPortSetupTimerInterrupt
 .text.vPortEnableVFP
                0x00000000080083b4       0x14 ./Middlewares/FreeRTOS/port.o
 .text.vPortValidateInterruptPriority
                0x00000000080083c8       0x80 ./Middlewares/FreeRTOS/port.o
                0x00000000080083c8                vPortValidateInterruptPriority
 .text.xQueueGenericReset
                0x0000000008008448       0xd0 ./Middlewares/FreeRTOS/queue.o
                0x0000000008008448                xQueueGenericReset
 .text.xQueueGenericCreateStatic
                0x0000000008008518       0xf0 ./Middlewares/FreeRTOS/queue.o
                0x0000000008008518                xQueueGenericCreateStatic
 .text.prvInitialiseNewQueue
                0x0000000008008608       0x46 ./Middlewares/FreeRTOS/queue.o
 *fill*         0x000000000800864e        0x2 
 .text.xQueueGenericSend
                0x0000000008008650      0x1fc ./Middlewares/FreeRTOS/queue.o
                0x0000000008008650                xQueueGenericSend
 .text.xQueueGenericSendFromISR
                0x000000000800884c      0x136 ./Middlewares/FreeRTOS/queue.o
                0x000000000800884c                xQueueGenericSendFromISR
 *fill*         0x0000000008008982        0x2 
 .text.xQueueReceive
                0x0000000008008984      0x1c0 ./Middlewares/FreeRTOS/queue.o
                0x0000000008008984                xQueueReceive
 .text.prvCopyDataToQueue
                0x0000000008008b44       0xd4 ./Middlewares/FreeRTOS/queue.o
 .text.prvCopyDataFromQueue
                0x0000000008008c18       0x4c ./Middlewares/FreeRTOS/queue.o
 .text.prvUnlockQueue
                0x0000000008008c64       0xa4 ./Middlewares/FreeRTOS/queue.o
 .text.prvIsQueueEmpty
                0x0000000008008d08       0x2c ./Middlewares/FreeRTOS/queue.o
 .text.prvIsQueueFull
                0x0000000008008d34       0x30 ./Middlewares/FreeRTOS/queue.o
 .text.vQueueAddToRegistry
                0x0000000008008d64       0x54 ./Middlewares/FreeRTOS/queue.o
                0x0000000008008d64                vQueueAddToRegistry
 .text.vQueueWaitForMessageRestricted
                0x0000000008008db8       0x68 ./Middlewares/FreeRTOS/queue.o
                0x0000000008008db8                vQueueWaitForMessageRestricted
 .text.xTaskCreateStatic
                0x0000000008008e20       0xba ./Middlewares/FreeRTOS/tasks.o
                0x0000000008008e20                xTaskCreateStatic
 .text.xTaskCreate
                0x0000000008008eda       0x8a ./Middlewares/FreeRTOS/tasks.o
                0x0000000008008eda                xTaskCreate
 .text.prvInitialiseNewTask
                0x0000000008008f64      0x11e ./Middlewares/FreeRTOS/tasks.o
 *fill*         0x0000000008009082        0x2 
 .text.prvAddNewTaskToReadyList
                0x0000000008009084       0xe0 ./Middlewares/FreeRTOS/tasks.o
 .text.vTaskDelay
                0x0000000008009164       0x68 ./Middlewares/FreeRTOS/tasks.o
                0x0000000008009164                vTaskDelay
 .text.vTaskStartScheduler
                0x00000000080091cc       0xcc ./Middlewares/FreeRTOS/tasks.o
                0x00000000080091cc                vTaskStartScheduler
 .text.vTaskSuspendAll
                0x0000000008009298       0x1c ./Middlewares/FreeRTOS/tasks.o
                0x0000000008009298                vTaskSuspendAll
 .text.xTaskResumeAll
                0x00000000080092b4      0x13c ./Middlewares/FreeRTOS/tasks.o
                0x00000000080092b4                xTaskResumeAll
 .text.xTaskGetTickCount
                0x00000000080093f0       0x20 ./Middlewares/FreeRTOS/tasks.o
                0x00000000080093f0                xTaskGetTickCount
 .text.xTaskIncrementTick
                0x0000000008009410      0x174 ./Middlewares/FreeRTOS/tasks.o
                0x0000000008009410                xTaskIncrementTick
 .text.vTaskSwitchContext
                0x0000000008009584       0xbc ./Middlewares/FreeRTOS/tasks.o
                0x0000000008009584                vTaskSwitchContext
 .text.vTaskPlaceOnEventList
                0x0000000008009640       0x48 ./Middlewares/FreeRTOS/tasks.o
                0x0000000008009640                vTaskPlaceOnEventList
 .text.vTaskPlaceOnEventListRestricted
                0x0000000008009688       0x58 ./Middlewares/FreeRTOS/tasks.o
                0x0000000008009688                vTaskPlaceOnEventListRestricted
 .text.xTaskRemoveFromEventList
                0x00000000080096e0       0xc8 ./Middlewares/FreeRTOS/tasks.o
                0x00000000080096e0                xTaskRemoveFromEventList
 .text.vTaskInternalSetTimeOutState
                0x00000000080097a8       0x2c ./Middlewares/FreeRTOS/tasks.o
                0x00000000080097a8                vTaskInternalSetTimeOutState
 .text.xTaskCheckForTimeOut
                0x00000000080097d4       0xc4 ./Middlewares/FreeRTOS/tasks.o
                0x00000000080097d4                xTaskCheckForTimeOut
 .text.vTaskMissedYield
                0x0000000008009898       0x18 ./Middlewares/FreeRTOS/tasks.o
                0x0000000008009898                vTaskMissedYield
 .text.prvIdleTask
                0x00000000080098b0       0x30 ./Middlewares/FreeRTOS/tasks.o
 .text.prvInitialiseTaskLists
                0x00000000080098e0       0x80 ./Middlewares/FreeRTOS/tasks.o
 .text.prvCheckTasksWaitingTermination
                0x0000000008009960       0x5c ./Middlewares/FreeRTOS/tasks.o
 .text.prvDeleteTCB
                0x00000000080099bc       0x5e ./Middlewares/FreeRTOS/tasks.o
 *fill*         0x0000000008009a1a        0x2 
 .text.prvResetNextTaskUnblockTime
                0x0000000008009a1c       0x40 ./Middlewares/FreeRTOS/tasks.o
 .text.xTaskGetSchedulerState
                0x0000000008009a5c       0x3c ./Middlewares/FreeRTOS/tasks.o
                0x0000000008009a5c                xTaskGetSchedulerState
 .text.xTaskPriorityDisinherit
                0x0000000008009a98       0xdc ./Middlewares/FreeRTOS/tasks.o
                0x0000000008009a98                xTaskPriorityDisinherit
 .text.prvAddCurrentTaskToDelayedList
                0x0000000008009b74       0xa8 ./Middlewares/FreeRTOS/tasks.o
 .text.xTimerCreateTimerTask
                0x0000000008009c1c       0x90 ./Middlewares/FreeRTOS/timers.o
                0x0000000008009c1c                xTimerCreateTimerTask
 .text.xTimerGenericCommand
                0x0000000008009cac       0x9c ./Middlewares/FreeRTOS/timers.o
                0x0000000008009cac                xTimerGenericCommand
 .text.prvProcessExpiredTimer
                0x0000000008009d48       0x98 ./Middlewares/FreeRTOS/timers.o
 .text.prvTimerTask
                0x0000000008009de0       0x24 ./Middlewares/FreeRTOS/timers.o
 .text.prvProcessTimerOrBlockTask
                0x0000000008009e04       0x9c ./Middlewares/FreeRTOS/timers.o
 .text.prvGetNextExpireTime
                0x0000000008009ea0       0x48 ./Middlewares/FreeRTOS/timers.o
 .text.prvSampleTimeNow
                0x0000000008009ee8       0x40 ./Middlewares/FreeRTOS/timers.o
 .text.prvInsertTimerInActiveList
                0x0000000008009f28       0x84 ./Middlewares/FreeRTOS/timers.o
 .text.prvProcessReceivedCommands
                0x0000000008009fac      0x1c4 ./Middlewares/FreeRTOS/timers.o
 .text.prvSwitchTimerLists
                0x000000000800a170       0xc8 ./Middlewares/FreeRTOS/timers.o
 .text.prvCheckForValidListAndQueue
                0x000000000800a238       0x80 ./Middlewares/FreeRTOS/timers.o
 .text.__libc_init_array
                0x000000000800a2b8       0x48 c:/stm32/stm32cubeide_1.8.0/stm32cubeide/plugins/com.st.stm32cube.ide.mcu.externaltools.gnu-tools-for-stm32.9-2020-q2-update.win32_2.0.0.202105311346/tools/bin/../lib/gcc/arm-none-eabi/9.3.1/../../../../arm-none-eabi/lib/thumb/v7e-m+fp/hard\libc_nano.a(lib_a-init.o)
                0x000000000800a2b8                __libc_init_array
 .text.memcpy   0x000000000800a300       0x1c c:/stm32/stm32cubeide_1.8.0/stm32cubeide/plugins/com.st.stm32cube.ide.mcu.externaltools.gnu-tools-for-stm32.9-2020-q2-update.win32_2.0.0.202105311346/tools/bin/../lib/gcc/arm-none-eabi/9.3.1/../../../../arm-none-eabi/lib/thumb/v7e-m+fp/hard\libc_nano.a(lib_a-memcpy-stub.o)
                0x000000000800a300                memcpy
 .text.memset   0x000000000800a31c       0x10 c:/stm32/stm32cubeide_1.8.0/stm32cubeide/plugins/com.st.stm32cube.ide.mcu.externaltools.gnu-tools-for-stm32.9-2020-q2-update.win32_2.0.0.202105311346/tools/bin/../lib/gcc/arm-none-eabi/9.3.1/../../../../arm-none-eabi/lib/thumb/v7e-m+fp/hard\libc_nano.a(lib_a-memset.o)
                0x000000000800a31c                memset
 *(.glue_7)
 .glue_7        0x000000000800a32c        0x0 linker stubs
 *(.glue_7t)
 .glue_7t       0x000000000800a32c        0x0 linker stubs
 *(.eh_frame)
 .eh_frame      0x000000000800a32c        0x0 c:/stm32/stm32cubeide_1.8.0/stm32cubeide/plugins/com.st.stm32cube.ide.mcu.externaltools.gnu-tools-for-stm32.9-2020-q2-update.win32_2.0.0.202105311346/tools/bin/../lib/gcc/arm-none-eabi/9.3.1/thumb/v7e-m+fp/hard/crtbegin.o
 *(.init)
 .init          0x000000000800a32c        0x4 c:/stm32/stm32cubeide_1.8.0/stm32cubeide/plugins/com.st.stm32cube.ide.mcu.externaltools.gnu-tools-for-stm32.9-2020-q2-update.win32_2.0.0.202105311346/tools/bin/../lib/gcc/arm-none-eabi/9.3.1/thumb/v7e-m+fp/hard/crti.o
                0x000000000800a32c                _init
 .init          0x000000000800a330        0x8 c:/stm32/stm32cubeide_1.8.0/stm32cubeide/plugins/com.st.stm32cube.ide.mcu.externaltools.gnu-tools-for-stm32.9-2020-q2-update.win32_2.0.0.202105311346/tools/bin/../lib/gcc/arm-none-eabi/9.3.1/thumb/v7e-m+fp/hard/crtn.o
 *(.fini)
 .fini          0x000000000800a338        0x4 c:/stm32/stm32cubeide_1.8.0/stm32cubeide/plugins/com.st.stm32cube.ide.mcu.externaltools.gnu-tools-for-stm32.9-2020-q2-update.win32_2.0.0.202105311346/tools/bin/../lib/gcc/arm-none-eabi/9.3.1/thumb/v7e-m+fp/hard/crti.o
                0x000000000800a338                _fini
 .fini          0x000000000800a33c        0x8 c:/stm32/stm32cubeide_1.8.0/stm32cubeide/plugins/com.st.stm32cube.ide.mcu.externaltools.gnu-tools-for-stm32.9-2020-q2-update.win32_2.0.0.202105311346/tools/bin/../lib/gcc/arm-none-eabi/9.3.1/thumb/v7e-m+fp/hard/crtn.o
                0x000000000800a344                . = ALIGN (0x4)
                0x000000000800a344                _etext = .

.vfp11_veneer   0x000000000800a344        0x0
 .vfp11_veneer  0x000000000800a344        0x0 linker stubs

.v4_bx          0x000000000800a344        0x0
 .v4_bx         0x000000000800a344        0x0 linker stubs

.iplt           0x000000000800a344        0x0
 .iplt          0x000000000800a344        0x0 c:/stm32/stm32cubeide_1.8.0/stm32cubeide/plugins/com.st.stm32cube.ide.mcu.externaltools.gnu-tools-for-stm32.9-2020-q2-update.win32_2.0.0.202105311346/tools/bin/../lib/gcc/arm-none-eabi/9.3.1/thumb/v7e-m+fp/hard/crtbegin.o

.rodata         0x000000000800a344      0x1e8
                0x000000000800a344                . = ALIGN (0x4)
 *(.rodata)
 .rodata        0x000000000800a344       0x14 ./Core/Src/main.o
 .rodata        0x000000000800a358        0x5 ./Middlewares/FreeRTOS/tasks.o
 *fill*         0x000000000800a35d        0x3 
 .rodata        0x000000000800a360        0xd ./Middlewares/FreeRTOS/timers.o
 *(.rodata*)
 *fill*         0x000000000800a36d        0x3 
 .rodata._ZL21can_tx_header_AQ_MAIN
                0x000000000800a370       0x18 ./Core/Src/can_functions.o
 .rodata._ZTVN8PUTM_CAN6DeviceI14Telemetry_MainEE
                0x000000000800a388        0xc ./Core/Src/can_functions.o
                0x000000000800a388                vtable for PUTM_CAN::Device<Telemetry_Main>
 .rodata._ZTVN8PUTM_CAN6DeviceI18TS_rear_suspensionEE
                0x000000000800a394        0xc ./Core/Src/can_functions.o
                0x000000000800a394                vtable for PUTM_CAN::Device<TS_rear_suspension>
 .rodata._ZTVN8PUTM_CAN6DeviceI7TS_mainEE
                0x000000000800a3a0        0xc ./Core/Src/can_functions.o
                0x000000000800a3a0                vtable for PUTM_CAN::Device<TS_main>
 .rodata._ZTVN8PUTM_CAN6DeviceI20Steering_Wheel_eventEE
                0x000000000800a3ac        0xc ./Core/Src/can_functions.o
                0x000000000800a3ac                vtable for PUTM_CAN::Device<Steering_Wheel_event>
 .rodata._ZTVN8PUTM_CAN6DeviceI19Steering_Wheel_mainEE
                0x000000000800a3b8        0xc ./Core/Src/can_functions.o
                0x000000000800a3b8                vtable for PUTM_CAN::Device<Steering_Wheel_main>
 .rodata._ZTVN8PUTM_CAN6DeviceI7SF_NUCSEE
                0x000000000800a3c4        0xc ./Core/Src/can_functions.o
                0x000000000800a3c4                vtable for PUTM_CAN::Device<SF_NUCS>
 .rodata._ZTVN8PUTM_CAN6DeviceI5SF_WSEE
                0x000000000800a3d0        0xc ./Core/Src/can_functions.o
                0x000000000800a3d0                vtable for PUTM_CAN::Device<SF_WS>
 .rodata._ZTVN8PUTM_CAN6DeviceI5SF_DVEE
                0x000000000800a3dc        0xc ./Core/Src/can_functions.o
                0x000000000800a3dc                vtable for PUTM_CAN::Device<SF_DV>
 .rodata._ZTVN8PUTM_CAN6DeviceI20SF_CoolingAndVSafetyEE
                0x000000000800a3e8        0xc ./Core/Src/can_functions.o
                0x000000000800a3e8                vtable for PUTM_CAN::Device<SF_CoolingAndVSafety>
 .rodata._ZTVN8PUTM_CAN6DeviceI11SF_FrontBoxEE
                0x000000000800a3f4        0xc ./Core/Src/can_functions.o
                0x000000000800a3f4                vtable for PUTM_CAN::Device<SF_FrontBox>
 .rodata._ZTVN8PUTM_CAN6DeviceI7SF_mainEE
                0x000000000800a400        0xc ./Core/Src/can_functions.o
                0x000000000800a400                vtable for PUTM_CAN::Device<SF_main>
 .rodata._ZTVN8PUTM_CAN6DeviceI14Lap_timer_PassEE
                0x000000000800a40c        0xc ./Core/Src/can_functions.o
                0x000000000800a40c                vtable for PUTM_CAN::Device<Lap_timer_Pass>
 .rodata._ZTVN8PUTM_CAN6DeviceI14Lap_timer_MainEE
                0x000000000800a418        0xc ./Core/Src/can_functions.o
                0x000000000800a418                vtable for PUTM_CAN::Device<Lap_timer_Main>
 .rodata._ZTVN8PUTM_CAN6DeviceI17Dash_lap_finishedEE
                0x000000000800a424        0xc ./Core/Src/can_functions.o
                0x000000000800a424                vtable for PUTM_CAN::Device<Dash_lap_finished>
 .rodata._ZTVN8PUTM_CAN6DeviceI27Dash_steering_wheel_requestEE
                0x000000000800a430        0xc ./Core/Src/can_functions.o
                0x000000000800a430                vtable for PUTM_CAN::Device<Dash_steering_wheel_request>
 .rodata._ZTVN8PUTM_CAN6DeviceI26Dash_Smart_Fuses_FAN_speedEE
                0x000000000800a43c        0xc ./Core/Src/can_functions.o
                0x000000000800a43c                vtable for PUTM_CAN::Device<Dash_Smart_Fuses_FAN_speed>
 .rodata._ZTVN8PUTM_CAN6DeviceI8Dash_TCSEE
                0x000000000800a448        0xc ./Core/Src/can_functions.o
                0x000000000800a448                vtable for PUTM_CAN::Device<Dash_TCS>
 .rodata._ZTVN8PUTM_CAN6DeviceI9Dash_MainEE
                0x000000000800a454        0xc ./Core/Src/can_functions.o
                0x000000000800a454                vtable for PUTM_CAN::Device<Dash_Main>
 .rodata._ZTVN8PUTM_CAN6DeviceI18BMS_LV_temperatureEE
                0x000000000800a460        0xc ./Core/Src/can_functions.o
                0x000000000800a460                vtable for PUTM_CAN::Device<BMS_LV_temperature>
 .rodata._ZTVN8PUTM_CAN6DeviceI11BMS_LV_mainEE
                0x000000000800a46c        0xc ./Core/Src/can_functions.o
                0x000000000800a46c                vtable for PUTM_CAN::Device<BMS_LV_main>
 .rodata._ZTVN8PUTM_CAN6DeviceI11BMS_HV_mainEE
                0x000000000800a478        0xc ./Core/Src/can_functions.o
                0x000000000800a478                vtable for PUTM_CAN::Device<BMS_HV_main>
 .rodata._ZTVN8PUTM_CAN6DeviceI7AQ_mainEE
                0x000000000800a484        0xc ./Core/Src/can_functions.o
                0x000000000800a484                vtable for PUTM_CAN::Device<AQ_main>
 .rodata._ZTVN8PUTM_CAN6DeviceI9Apps_mainEE
                0x000000000800a490        0xc ./Core/Src/can_functions.o
                0x000000000800a490                vtable for PUTM_CAN::Device<Apps_main>
 .rodata._ZL22defaultTask_attributes
                0x000000000800a49c       0x24 ./Core/Src/main.o
 .rodata._ZL18blink01_attributes
                0x000000000800a4c0       0x24 ./Core/Src/main.o
 .rodata.AHBPrescTable
                0x000000000800a4e4       0x10 ./Core/Src/system_stm32l4xx.o
                0x000000000800a4e4                AHBPrescTable
 .rodata.APBPrescTable
                0x000000000800a4f4        0x8 ./Core/Src/system_stm32l4xx.o
                0x000000000800a4f4                APBPrescTable
 .rodata.MSIRangeTable
                0x000000000800a4fc       0x30 ./Core/Src/system_stm32l4xx.o
                0x000000000800a4fc                MSIRangeTable
                0x000000000800a52c                . = ALIGN (0x4)

.rel.dyn        0x000000000800a52c        0x0
 .rel.iplt      0x000000000800a52c        0x0 c:/stm32/stm32cubeide_1.8.0/stm32cubeide/plugins/com.st.stm32cube.ide.mcu.externaltools.gnu-tools-for-stm32.9-2020-q2-update.win32_2.0.0.202105311346/tools/bin/../lib/gcc/arm-none-eabi/9.3.1/thumb/v7e-m+fp/hard/crtbegin.o

.ARM.extab      0x000000000800a52c        0x0
                0x000000000800a52c                . = ALIGN (0x4)
 *(.ARM.extab* .gnu.linkonce.armextab.*)
                0x000000000800a52c                . = ALIGN (0x4)

.ARM            0x000000000800a52c        0x0
                0x000000000800a52c                . = ALIGN (0x4)
                0x000000000800a52c                __exidx_start = .
 *(.ARM.exidx*)
                0x000000000800a52c                __exidx_end = .
                0x000000000800a52c                . = ALIGN (0x4)

.preinit_array  0x000000000800a52c        0x0
                0x000000000800a52c                . = ALIGN (0x4)
                0x000000000800a52c                PROVIDE (__preinit_array_start = .)
 *(.preinit_array*)
                0x000000000800a52c                PROVIDE (__preinit_array_end = .)
                0x000000000800a52c                . = ALIGN (0x4)

.init_array     0x000000000800a52c        0x8
                0x000000000800a52c                . = ALIGN (0x4)
                0x000000000800a52c                PROVIDE (__init_array_start = .)
 *(SORT_BY_NAME(.init_array.*))
 *(.init_array*)
 .init_array    0x000000000800a52c        0x4 c:/stm32/stm32cubeide_1.8.0/stm32cubeide/plugins/com.st.stm32cube.ide.mcu.externaltools.gnu-tools-for-stm32.9-2020-q2-update.win32_2.0.0.202105311346/tools/bin/../lib/gcc/arm-none-eabi/9.3.1/thumb/v7e-m+fp/hard/crtbegin.o
 .init_array    0x000000000800a530        0x4 ./Core/Src/ism_task.o
                0x000000000800a534                PROVIDE (__init_array_end = .)
                0x000000000800a534                . = ALIGN (0x4)

.fini_array     0x000000000800a534        0x4
                0x000000000800a534                . = ALIGN (0x4)
                [!provide]                        PROVIDE (__fini_array_start = .)
 *(SORT_BY_NAME(.fini_array.*))
 *(.fini_array*)
 .fini_array    0x000000000800a534        0x4 c:/stm32/stm32cubeide_1.8.0/stm32cubeide/plugins/com.st.stm32cube.ide.mcu.externaltools.gnu-tools-for-stm32.9-2020-q2-update.win32_2.0.0.202105311346/tools/bin/../lib/gcc/arm-none-eabi/9.3.1/thumb/v7e-m+fp/hard/crtbegin.o
                [!provide]                        PROVIDE (__fini_array_end = .)
                0x000000000800a538                . = ALIGN (0x4)
                0x000000000800a538                _sidata = LOADADDR (.data)

.data           0x0000000020000000      0x180 load address 0x000000000800a538
                0x0000000020000000                . = ALIGN (0x4)
                0x0000000020000000                _sdata = .
 *(.data)
 *(.data*)
 .data._ZN8PUTM_CAN3canE
                0x0000000020000000      0x170 ./Core/Src/can_functions.o
                0x0000000020000000                PUTM_CAN::can
 .data.SystemCoreClock
                0x0000000020000170        0x4 ./Core/Src/system_stm32l4xx.o
                0x0000000020000170                SystemCoreClock
 .data.uwTickPrio
                0x0000000020000174        0x4 ./Drivers/STM32L4xx_HAL_Driver/stm32l4xx_hal.o
                0x0000000020000174                uwTickPrio
 .data.uwTickFreq
                0x0000000020000178        0x1 ./Drivers/STM32L4xx_HAL_Driver/stm32l4xx_hal.o
                0x0000000020000178                uwTickFreq
 *fill*         0x0000000020000179        0x3 
 .data.uxCriticalNesting
                0x000000002000017c        0x4 ./Middlewares/FreeRTOS/port.o
 *(.RamFunc)
 *(.RamFunc*)
                0x0000000020000180                . = ALIGN (0x4)
                0x0000000020000180                _edata = .

.igot.plt       0x0000000020000180        0x0 load address 0x000000000800a6b8
 .igot.plt      0x0000000020000180        0x0 c:/stm32/stm32cubeide_1.8.0/stm32cubeide/plugins/com.st.stm32cube.ide.mcu.externaltools.gnu-tools-for-stm32.9-2020-q2-update.win32_2.0.0.202105311346/tools/bin/../lib/gcc/arm-none-eabi/9.3.1/thumb/v7e-m+fp/hard/crtbegin.o
                0x0000000020000180                . = ALIGN (0x4)

.bss            0x0000000020000180     0x1bb0 load address 0x000000000800a6b8
                0x0000000020000180                _sbss = .
                0x0000000020000180                __bss_start__ = _sbss
 *(.bss)
 .bss           0x0000000020000180       0x1c c:/stm32/stm32cubeide_1.8.0/stm32cubeide/plugins/com.st.stm32cube.ide.mcu.externaltools.gnu-tools-for-stm32.9-2020-q2-update.win32_2.0.0.202105311346/tools/bin/../lib/gcc/arm-none-eabi/9.3.1/thumb/v7e-m+fp/hard/crtbegin.o
 *(.bss*)
 .bss._ZN8adc_data4dataE
                0x000000002000019c        0xc ./Core/Src/adc_data.o
                0x000000002000019c                adc_data::data
 .bss._ZZN8PUTM_CAN14Can_tx_messageI7AQ_mainE4sendER19__CAN_HandleTypeDefE9TxMailbox
                0x00000000200001a8        0x4 ./Core/Src/can_functions.o
                0x00000000200001a8                PUTM_CAN::Can_tx_message<AQ_main>::send(__CAN_HandleTypeDef&)::TxMailbox
 .bss.AccGyr    0x00000000200001ac       0x1c ./Core/Src/ism_task.o
                0x00000000200001ac                AccGyr
 .bss.hadc1     0x00000000200001c8       0x68 ./Core/Src/main.o
                0x00000000200001c8                hadc1
 .bss.hdma_adc1
                0x0000000020000230       0x60 ./Core/Src/main.o
                0x0000000020000230                hdma_adc1
 .bss.hcan1     0x0000000020000290       0x28 ./Core/Src/main.o
                0x0000000020000290                hcan1
 .bss.hrtc      0x00000000200002b8       0x34 ./Core/Src/main.o
                0x00000000200002b8                hrtc
 .bss.hspi1     0x00000000200002ec       0x64 ./Core/Src/main.o
                0x00000000200002ec                hspi1
 .bss.htim3     0x0000000020000350       0x4c ./Core/Src/main.o
                0x0000000020000350                htim3
 .bss.defaultTaskHandle
                0x000000002000039c        0x4 ./Core/Src/main.o
                0x000000002000039c                defaultTaskHandle
 .bss.blink01Handle
                0x00000000200003a0        0x4 ./Core/Src/main.o
                0x00000000200003a0                blink01Handle
 .bss.sFilterConfig
                0x00000000200003a4       0x28 ./Core/Src/main.o
                0x00000000200003a4                sFilterConfig
 .bss.adc       0x00000000200003cc        0xc ./Core/Src/main.o
                0x00000000200003cc                adc
 .bss.KernelState
                0x00000000200003d8        0x4 ./Middlewares/FreeRTOS/cmsis_os2.o
 .bss.Idle_TCB.12216
                0x00000000200003dc       0x5c ./Middlewares/FreeRTOS/cmsis_os2.o
 .bss.Idle_Stack.12217
                0x0000000020000438      0x200 ./Middlewares/FreeRTOS/cmsis_os2.o
 .bss.Timer_TCB.12223
                0x0000000020000638       0x5c ./Middlewares/FreeRTOS/cmsis_os2.o
 .bss.Timer_Stack.12224
                0x0000000020000694      0x400 ./Middlewares/FreeRTOS/cmsis_os2.o
 .bss.ucHeap    0x0000000020000a94      0xbb8 ./Middlewares/FreeRTOS/heap_4.o
 .bss.xStart    0x000000002000164c        0x8 ./Middlewares/FreeRTOS/heap_4.o
 .bss.pxEnd     0x0000000020001654        0x4 ./Middlewares/FreeRTOS/heap_4.o
 .bss.xFreeBytesRemaining
                0x0000000020001658        0x4 ./Middlewares/FreeRTOS/heap_4.o
 .bss.xMinimumEverFreeBytesRemaining
                0x000000002000165c        0x4 ./Middlewares/FreeRTOS/heap_4.o
 .bss.xNumberOfSuccessfulAllocations
                0x0000000020001660        0x4 ./Middlewares/FreeRTOS/heap_4.o
 .bss.xNumberOfSuccessfulFrees
                0x0000000020001664        0x4 ./Middlewares/FreeRTOS/heap_4.o
 .bss.xBlockAllocatedBit
                0x0000000020001668        0x4 ./Middlewares/FreeRTOS/heap_4.o
 .bss.ucMaxSysCallPriority
                0x000000002000166c        0x1 ./Middlewares/FreeRTOS/port.o
 *fill*         0x000000002000166d        0x3 
 .bss.ulMaxPRIGROUPValue
                0x0000000020001670        0x4 ./Middlewares/FreeRTOS/port.o
 .bss.pxCurrentTCB
                0x0000000020001674        0x4 ./Middlewares/FreeRTOS/tasks.o
                0x0000000020001674                pxCurrentTCB
 .bss.pxReadyTasksLists
                0x0000000020001678      0x460 ./Middlewares/FreeRTOS/tasks.o
 .bss.xDelayedTaskList1
                0x0000000020001ad8       0x14 ./Middlewares/FreeRTOS/tasks.o
 .bss.xDelayedTaskList2
                0x0000000020001aec       0x14 ./Middlewares/FreeRTOS/tasks.o
 .bss.pxDelayedTaskList
                0x0000000020001b00        0x4 ./Middlewares/FreeRTOS/tasks.o
 .bss.pxOverflowDelayedTaskList
                0x0000000020001b04        0x4 ./Middlewares/FreeRTOS/tasks.o
 .bss.xPendingReadyList
                0x0000000020001b08       0x14 ./Middlewares/FreeRTOS/tasks.o
 .bss.xTasksWaitingTermination
                0x0000000020001b1c       0x14 ./Middlewares/FreeRTOS/tasks.o
 .bss.uxDeletedTasksWaitingCleanUp
                0x0000000020001b30        0x4 ./Middlewares/FreeRTOS/tasks.o
 .bss.xSuspendedTaskList
                0x0000000020001b34       0x14 ./Middlewares/FreeRTOS/tasks.o
 .bss.uxCurrentNumberOfTasks
                0x0000000020001b48        0x4 ./Middlewares/FreeRTOS/tasks.o
 .bss.xTickCount
                0x0000000020001b4c        0x4 ./Middlewares/FreeRTOS/tasks.o
 .bss.uxTopReadyPriority
                0x0000000020001b50        0x4 ./Middlewares/FreeRTOS/tasks.o
 .bss.xSchedulerRunning
                0x0000000020001b54        0x4 ./Middlewares/FreeRTOS/tasks.o
 .bss.xPendedTicks
                0x0000000020001b58        0x4 ./Middlewares/FreeRTOS/tasks.o
 .bss.xYieldPending
                0x0000000020001b5c        0x4 ./Middlewares/FreeRTOS/tasks.o
 .bss.xNumOfOverflows
                0x0000000020001b60        0x4 ./Middlewares/FreeRTOS/tasks.o
 .bss.uxTaskNumber
                0x0000000020001b64        0x4 ./Middlewares/FreeRTOS/tasks.o
 .bss.xNextTaskUnblockTime
                0x0000000020001b68        0x4 ./Middlewares/FreeRTOS/tasks.o
 .bss.xIdleTaskHandle
                0x0000000020001b6c        0x4 ./Middlewares/FreeRTOS/tasks.o
 .bss.uxSchedulerSuspended
                0x0000000020001b70        0x4 ./Middlewares/FreeRTOS/tasks.o
 .bss.xActiveTimerList1
                0x0000000020001b74       0x14 ./Middlewares/FreeRTOS/timers.o
 .bss.xActiveTimerList2
                0x0000000020001b88       0x14 ./Middlewares/FreeRTOS/timers.o
 .bss.pxCurrentTimerList
                0x0000000020001b9c        0x4 ./Middlewares/FreeRTOS/timers.o
 .bss.pxOverflowTimerList
                0x0000000020001ba0        0x4 ./Middlewares/FreeRTOS/timers.o
 .bss.xTimerQueue
                0x0000000020001ba4        0x4 ./Middlewares/FreeRTOS/timers.o
 .bss.xTimerTaskHandle
                0x0000000020001ba8        0x4 ./Middlewares/FreeRTOS/timers.o
 .bss.xLastTime.6925
                0x0000000020001bac        0x4 ./Middlewares/FreeRTOS/timers.o
 .bss.ucStaticTimerQueueStorage.6976
                0x0000000020001bb0       0xa0 ./Middlewares/FreeRTOS/timers.o
 .bss.xStaticTimerQueue.6975
                0x0000000020001c50       0x50 ./Middlewares/FreeRTOS/timers.o
 *(COMMON)
 COMMON         0x0000000020001ca0       0x4c ./Core/Src/stm32l4xx_hal_timebase_tim.o
                0x0000000020001ca0                htim6
 COMMON         0x0000000020001cec        0x4 ./Drivers/STM32L4xx_HAL_Driver/stm32l4xx_hal.o
                0x0000000020001cec                uwTick
 COMMON         0x0000000020001cf0       0x40 ./Middlewares/FreeRTOS/queue.o
                0x0000000020001cf0                xQueueRegistry
                0x0000000020001d30                . = ALIGN (0x4)
                0x0000000020001d30                _ebss = .
                0x0000000020001d30                __bss_end__ = _ebss

._user_heap_stack
                0x0000000020001d30      0x600 load address 0x000000000800a6b8
                0x0000000020001d30                . = ALIGN (0x8)
                [!provide]                        PROVIDE (end = .)
                0x0000000020001d30                PROVIDE (_end = .)
                0x0000000020001f30                . = (. + _Min_Heap_Size)
 *fill*         0x0000000020001d30      0x200 
                0x0000000020002330                . = (. + _Min_Stack_Size)
 *fill*         0x0000000020001f30      0x400 
                0x0000000020002330                . = ALIGN (0x8)

/DISCARD/
 libc.a(*)
 libm.a(*)
 libgcc.a(*)

.ARM.attributes
                0x0000000000000000       0x30
 *(.ARM.attributes)
 .ARM.attributes
                0x0000000000000000       0x1e c:/stm32/stm32cubeide_1.8.0/stm32cubeide/plugins/com.st.stm32cube.ide.mcu.externaltools.gnu-tools-for-stm32.9-2020-q2-update.win32_2.0.0.202105311346/tools/bin/../lib/gcc/arm-none-eabi/9.3.1/thumb/v7e-m+fp/hard/crti.o
 .ARM.attributes
                0x000000000000001e       0x34 c:/stm32/stm32cubeide_1.8.0/stm32cubeide/plugins/com.st.stm32cube.ide.mcu.externaltools.gnu-tools-for-stm32.9-2020-q2-update.win32_2.0.0.202105311346/tools/bin/../lib/gcc/arm-none-eabi/9.3.1/thumb/v7e-m+fp/hard/crtbegin.o
 .ARM.attributes
                0x0000000000000052       0x34 ./Core/Src/ISM330DHCXSensor.o
 .ARM.attributes
                0x0000000000000086       0x34 ./Core/Src/adc_data.o
 .ARM.attributes
                0x00000000000000ba       0x34 ./Core/Src/can_functions.o
 .ARM.attributes
                0x00000000000000ee       0x34 ./Core/Src/ism_task.o
 .ARM.attributes
                0x0000000000000122       0x34 ./Core/Src/main.o
 .ARM.attributes
                0x0000000000000156       0x34 ./Core/Src/meansure_task.o
 .ARM.attributes
                0x000000000000018a       0x34 ./Core/Src/stm32l4xx_hal_msp.o
 .ARM.attributes
                0x00000000000001be       0x34 ./Core/Src/stm32l4xx_hal_timebase_tim.o
 .ARM.attributes
                0x00000000000001f2       0x34 ./Core/Src/stm32l4xx_it.o
 .ARM.attributes
                0x0000000000000226       0x34 ./Core/Src/system_stm32l4xx.o
 .ARM.attributes
                0x000000000000025a       0x21 ./Core/Startup/startup_stm32l4p5retx.o
 .ARM.attributes
                0x000000000000027b       0x34 ./Drivers/STM32L4xx_HAL_Driver/stm32l4xx_hal.o
 .ARM.attributes
                0x00000000000002af       0x34 ./Drivers/STM32L4xx_HAL_Driver/stm32l4xx_hal_adc.o
 .ARM.attributes
                0x00000000000002e3       0x34 ./Drivers/STM32L4xx_HAL_Driver/stm32l4xx_hal_adc_ex.o
 .ARM.attributes
                0x0000000000000317       0x34 ./Drivers/STM32L4xx_HAL_Driver/stm32l4xx_hal_can.o
 .ARM.attributes
                0x000000000000034b       0x34 ./Drivers/STM32L4xx_HAL_Driver/stm32l4xx_hal_cortex.o
 .ARM.attributes
                0x000000000000037f       0x34 ./Drivers/STM32L4xx_HAL_Driver/stm32l4xx_hal_dma.o
 .ARM.attributes
                0x00000000000003b3       0x34 ./Drivers/STM32L4xx_HAL_Driver/stm32l4xx_hal_gpio.o
 .ARM.attributes
                0x00000000000003e7       0x34 ./Drivers/STM32L4xx_HAL_Driver/stm32l4xx_hal_pwr.o
 .ARM.attributes
                0x000000000000041b       0x34 ./Drivers/STM32L4xx_HAL_Driver/stm32l4xx_hal_pwr_ex.o
 .ARM.attributes
                0x000000000000044f       0x34 ./Drivers/STM32L4xx_HAL_Driver/stm32l4xx_hal_rcc.o
 .ARM.attributes
                0x0000000000000483       0x34 ./Drivers/STM32L4xx_HAL_Driver/stm32l4xx_hal_rcc_ex.o
 .ARM.attributes
                0x00000000000004b7       0x34 ./Drivers/STM32L4xx_HAL_Driver/stm32l4xx_hal_rtc.o
 .ARM.attributes
                0x00000000000004eb       0x34 ./Drivers/STM32L4xx_HAL_Driver/stm32l4xx_hal_spi.o
 .ARM.attributes
                0x000000000000051f       0x34 ./Drivers/STM32L4xx_HAL_Driver/stm32l4xx_hal_tim.o
 .ARM.attributes
                0x0000000000000553       0x34 ./Drivers/STM32L4xx_HAL_Driver/stm32l4xx_hal_tim_ex.o
 .ARM.attributes
                0x0000000000000587       0x34 ./Middlewares/FreeRTOS/cmsis_os2.o
 .ARM.attributes
                0x00000000000005bb       0x34 ./Middlewares/FreeRTOS/heap_4.o
 .ARM.attributes
                0x00000000000005ef       0x34 ./Middlewares/FreeRTOS/list.o
 .ARM.attributes
                0x0000000000000623       0x34 ./Middlewares/FreeRTOS/port.o
 .ARM.attributes
                0x0000000000000657       0x34 ./Middlewares/FreeRTOS/queue.o
 .ARM.attributes
                0x000000000000068b       0x34 ./Middlewares/FreeRTOS/tasks.o
 .ARM.attributes
                0x00000000000006bf       0x34 ./Middlewares/FreeRTOS/timers.o
 .ARM.attributes
                0x00000000000006f3       0x34 c:/stm32/stm32cubeide_1.8.0/stm32cubeide/plugins/com.st.stm32cube.ide.mcu.externaltools.gnu-tools-for-stm32.9-2020-q2-update.win32_2.0.0.202105311346/tools/bin/../lib/gcc/arm-none-eabi/9.3.1/../../../../arm-none-eabi/lib/thumb/v7e-m+fp/hard\libc_nano.a(lib_a-init.o)
 .ARM.attributes
                0x0000000000000727       0x34 c:/stm32/stm32cubeide_1.8.0/stm32cubeide/plugins/com.st.stm32cube.ide.mcu.externaltools.gnu-tools-for-stm32.9-2020-q2-update.win32_2.0.0.202105311346/tools/bin/../lib/gcc/arm-none-eabi/9.3.1/../../../../arm-none-eabi/lib/thumb/v7e-m+fp/hard\libc_nano.a(lib_a-memcpy-stub.o)
 .ARM.attributes
                0x000000000000075b       0x34 c:/stm32/stm32cubeide_1.8.0/stm32cubeide/plugins/com.st.stm32cube.ide.mcu.externaltools.gnu-tools-for-stm32.9-2020-q2-update.win32_2.0.0.202105311346/tools/bin/../lib/gcc/arm-none-eabi/9.3.1/../../../../arm-none-eabi/lib/thumb/v7e-m+fp/hard\libc_nano.a(lib_a-memset.o)
 .ARM.attributes
                0x000000000000078f       0x1e c:/stm32/stm32cubeide_1.8.0/stm32cubeide/plugins/com.st.stm32cube.ide.mcu.externaltools.gnu-tools-for-stm32.9-2020-q2-update.win32_2.0.0.202105311346/tools/bin/../lib/gcc/arm-none-eabi/9.3.1/thumb/v7e-m+fp/hard/crtn.o
OUTPUT(data_aqusition_card.elf elf32-littlearm)
LOAD linker stubs
LOAD c:/stm32/stm32cubeide_1.8.0/stm32cubeide/plugins/com.st.stm32cube.ide.mcu.externaltools.gnu-tools-for-stm32.9-2020-q2-update.win32_2.0.0.202105311346/tools/bin/../lib/gcc/arm-none-eabi/9.3.1/../../../../arm-none-eabi/lib/thumb/v7e-m+fp/hard\libc.a
LOAD c:/stm32/stm32cubeide_1.8.0/stm32cubeide/plugins/com.st.stm32cube.ide.mcu.externaltools.gnu-tools-for-stm32.9-2020-q2-update.win32_2.0.0.202105311346/tools/bin/../lib/gcc/arm-none-eabi/9.3.1/../../../../arm-none-eabi/lib/thumb/v7e-m+fp/hard\libm.a
LOAD c:/stm32/stm32cubeide_1.8.0/stm32cubeide/plugins/com.st.stm32cube.ide.mcu.externaltools.gnu-tools-for-stm32.9-2020-q2-update.win32_2.0.0.202105311346/tools/bin/../lib/gcc/arm-none-eabi/9.3.1/thumb/v7e-m+fp/hard\libgcc.a

.debug_info     0x0000000000000000    0x4830a
 .debug_info    0x0000000000000000     0x9cbc ./Core/Src/ISM330DHCXSensor.o
 .debug_info    0x0000000000009cbc     0x5ea0 ./Core/Src/adc_data.o
 .debug_info    0x000000000000fb5c     0x9268 ./Core/Src/can_functions.o
 .debug_info    0x0000000000018dc4     0x3ffe ./Core/Src/ism_task.o
 .debug_info    0x000000000001cdc2     0x6ca7 ./Core/Src/main.o
 .debug_info    0x0000000000023a69      0x37f ./Core/Src/meansure_task.o
 .debug_info    0x0000000000023de8     0x2263 ./Core/Src/stm32l4xx_hal_msp.o
 .debug_info    0x000000000002604b      0xf99 ./Core/Src/stm32l4xx_hal_timebase_tim.o
 .debug_info    0x0000000000026fe4      0xe9a ./Core/Src/stm32l4xx_it.o
 .debug_info    0x0000000000027e7e      0x7aa ./Core/Src/system_stm32l4xx.o
 .debug_info    0x0000000000028628       0x22 ./Core/Startup/startup_stm32l4p5retx.o
 .debug_info    0x000000000002864a      0xd1d ./Drivers/STM32L4xx_HAL_Driver/stm32l4xx_hal.o
 .debug_info    0x0000000000029367     0x2117 ./Drivers/STM32L4xx_HAL_Driver/stm32l4xx_hal_adc.o
 .debug_info    0x000000000002b47e     0x1e6f ./Drivers/STM32L4xx_HAL_Driver/stm32l4xx_hal_adc_ex.o
 .debug_info    0x000000000002d2ed     0x1230 ./Drivers/STM32L4xx_HAL_Driver/stm32l4xx_hal_can.o
 .debug_info    0x000000000002e51d     0x104c ./Drivers/STM32L4xx_HAL_Driver/stm32l4xx_hal_cortex.o
 .debug_info    0x000000000002f569      0xad7 ./Drivers/STM32L4xx_HAL_Driver/stm32l4xx_hal_dma.o
 .debug_info    0x0000000000030040      0xa96 ./Drivers/STM32L4xx_HAL_Driver/stm32l4xx_hal_gpio.o
 .debug_info    0x0000000000030ad6      0xbb9 ./Drivers/STM32L4xx_HAL_Driver/stm32l4xx_hal_pwr.o
 .debug_info    0x000000000003168f      0xc94 ./Drivers/STM32L4xx_HAL_Driver/stm32l4xx_hal_pwr_ex.o
 .debug_info    0x0000000000032323      0xfbc ./Drivers/STM32L4xx_HAL_Driver/stm32l4xx_hal_rcc.o
 .debug_info    0x00000000000332df     0x13ad ./Drivers/STM32L4xx_HAL_Driver/stm32l4xx_hal_rcc_ex.o