ISM330DHCXSensor.hpp:167:10:uint8_t ISM330DHCXSensor::IO_Read(uint8_t*, uint8_t, uint16_t)	32	static
ISM330DHCXSensor.hpp:187:10:uint8_t ISM330DHCXSensor::IO_Write(uint8_t*, uint8_t, uint16_t)	32	static
ISM330DHCXSensor.cpp:11:1:ISM330DHCXSensor::ISM330DHCXSensor()	16	static
ISM330DHCXSensor.cpp:25:25:ISM330DHCXStatusTypeDef ISM330DHCXSensor::Init()	16	static
ISM330DHCXSensor.cpp:85:25:ISM330DHCXStatusTypeDef ISM330DHCXSensor::begin()	16	static
ISM330DHCXSensor.cpp:103:25:ISM330DHCXStatusTypeDef ISM330DHCXSensor::end()	16	static
ISM330DHCXSensor.cpp:129:25:ISM330DHCXStatusTypeDef ISM330DHCXSensor::ReadID(uint8_t*)	16	static
ISM330DHCXSensor.cpp:141:25:ISM330DHCXStatusTypeDef ISM330DHCXSensor::ACC_Enable()	16	static
ISM330DHCXSensor.cpp:160:25:ISM330DHCXStatusTypeDef ISM330DHCXSensor::ACC_Disable()	16	static
ISM330DHCXSensor.cpp:181:25:ISM330DHCXStatusTypeDef ISM330DHCXSensor::ACC_GetSensitivity(float*)	24	static
ISM330DHCXSensor.cpp:221:25:ISM330DHCXStatusTypeDef ISM330DHCXSensor::ACC_GetOutputDataRate(float*)	24	static
ISM330DHCXSensor.cpp:289:25:ISM330DHCXStatusTypeDef ISM330DHCXSensor::ACC_SetOutputDataRate(float)	24	static
ISM330DHCXSensor.cpp:317:25:ISM330DHCXStatusTypeDef ISM330DHCXSensor::ACC_GetFullScale(int32_t*)	24	static
ISM330DHCXSensor.cpp:357:25:ISM330DHCXStatusTypeDef ISM330DHCXSensor::ACC_SetFullScale(int32_t)	24	static
ISM330DHCXSensor.cpp:376:25:ISM330DHCXStatusTypeDef ISM330DHCXSensor::ACC_GetAxesRaw(int16_t*)	24	static
ISM330DHCXSensor.cpp:398:25:ISM330DHCXStatusTypeDef ISM330DHCXSensor::ACC_GetAxes(int32_t*)	32	static
ISM330DHCXSensor.cpp:424:25:ISM330DHCXStatusTypeDef ISM330DHCXSensor::GYRO_Enable()	16	static
ISM330DHCXSensor.cpp:445:25:ISM330DHCXStatusTypeDef ISM330DHCXSensor::GYRO_Disable()	16	static
ISM330DHCXSensor.cpp:467:25:ISM330DHCXStatusTypeDef ISM330DHCXSensor::GYRO_GetSensitivity(float*)	24	static
ISM330DHCXSensor.cpp:507:25:ISM330DHCXStatusTypeDef ISM330DHCXSensor::GYRO_GetOutputDataRate(float*)	24	static
ISM330DHCXSensor.cpp:573:25:ISM330DHCXStatusTypeDef ISM330DHCXSensor::GYRO_SetOutputDataRate(float)	24	static
ISM330DHCXSensor.cpp:601:25:ISM330DHCXStatusTypeDef ISM330DHCXSensor::GYRO_GetFullScale(int32_t*)	24	static
ISM330DHCXSensor.cpp:649:25:ISM330DHCXStatusTypeDef ISM330DHCXSensor::GYRO_SetFullScale(int32_t)	24	static
ISM330DHCXSensor.cpp:670:25:ISM330DHCXStatusTypeDef ISM330DHCXSensor::GYRO_GetAxesRaw(int16_t*)	24	static
ISM330DHCXSensor.cpp:692:25:ISM330DHCXStatusTypeDef ISM330DHCXSensor::GYRO_GetAxes(int32_t*)	32	static
ISM330DHCXSensor.cpp:719:25:ISM330DHCXStatusTypeDef ISM330DHCXSensor::ReadReg(uint8_t, uint8_t*)	24	static
ISM330DHCXSensor.cpp:734:25:ISM330DHCXStatusTypeDef ISM330DHCXSensor::WriteReg(uint8_t, uint8_t)	16	static
ISM330DHCXSensor.cpp:747:25:ISM330DHCXStatusTypeDef ISM330DHCXSensor::ACC_GetEventStatus(ISM330DHCX_Event_Status_t*)	40	static
ISM330DHCXSensor.cpp:826:25:ISM330DHCXStatusTypeDef ISM330DHCXSensor::ACC_Set_SelfTest(uint8_t)	24	static
ISM330DHCXSensor.cpp:846:25:ISM330DHCXStatusTypeDef ISM330DHCXSensor::ACC_Get_SelfTest(uint8_t*)	24	static
ISM330DHCXSensor.cpp:881:25:ISM330DHCXStatusTypeDef ISM330DHCXSensor::ACC_Get_DRDY_Status(uint8_t*)	16	static
ISM330DHCXSensor.cpp:894:25:ISM330DHCXStatusTypeDef ISM330DHCXSensor::ACC_Enable_HP_Filter(ism330dhcx_hp_slope_xl_en_t)	16	static
ISM330DHCXSensor.cpp:907:25:ISM330DHCXStatusTypeDef ISM330DHCXSensor::GYRO_Set_SelfTest(uint8_t)	24	static
ISM330DHCXSensor.cpp:927:25:ISM330DHCXStatusTypeDef ISM330DHCXSensor::GYRO_Get_SelfTest(uint8_t*)	24	static
ISM330DHCXSensor.cpp:962:25:ISM330DHCXStatusTypeDef ISM330DHCXSensor::GYRO_Get_DRDY_Status(uint8_t*)	16	static
ISM330DHCXSensor.cpp:976:25:ISM330DHCXStatusTypeDef ISM330DHCXSensor::GYRO_Enable_HP_Filter(ism330dhcx_hpm_g_t)	16	static
ISM330DHCXSensor.cpp:988:25:ISM330DHCXStatusTypeDef ISM330DHCXSensor::ACC_EnableFreeFallDetection(ISM330DHCX_SensorIntPin_t)	32	static
ISM330DHCXSensor.cpp:1063:25:ISM330DHCXStatusTypeDef ISM330DHCXSensor::ACC_DisableFreeFallDetection()	32	static
ISM330DHCXSensor.cpp:1107:25:ISM330DHCXStatusTypeDef ISM330DHCXSensor::ACC_SetFreeFallThreshold(uint8_t)	16	static
ISM330DHCXSensor.cpp:1122:25:ISM330DHCXStatusTypeDef ISM330DHCXSensor::ACC_SetFreeFallDuration(uint8_t)	16	static
ISM330DHCXSensor.cpp:1135:25:ISM330DHCXStatusTypeDef ISM330DHCXSensor::ACC_EnableWakeUpDetection(ISM330DHCX_SensorIntPin_t)	32	static
ISM330DHCXSensor.cpp:1199:25:ISM330DHCXStatusTypeDef ISM330DHCXSensor::ACC_DisableWakeUpDetection()	32	static
ISM330DHCXSensor.cpp:1242:25:ISM330DHCXStatusTypeDef ISM330DHCXSensor::ACC_SetWakeUpThreshold(uint8_t)	16	static
ISM330DHCXSensor.cpp:1257:25:ISM330DHCXStatusTypeDef ISM330DHCXSensor::ACC_SetWakeUpDuration(uint8_t)	16	static
ISM330DHCXSensor.cpp:1271:25:ISM330DHCXStatusTypeDef ISM330DHCXSensor::ACC_EnableSingleTapDetection(ISM330DHCX_SensorIntPin_t)	32	static
ISM330DHCXSensor.cpp:1369:25:ISM330DHCXStatusTypeDef ISM330DHCXSensor::ACC_DisableSingleTapDetection()	32	static
ISM330DHCXSensor.cpp:1442:25:ISM330DHCXStatusTypeDef ISM330DHCXSensor::ACC_EnableDoubleTapDetection(ISM330DHCX_SensorIntPin_t)	32	static
ISM330DHCXSensor.cpp:1548:25:ISM330DHCXStatusTypeDef ISM330DHCXSensor::ACC_DisableDoubleTapDetection()	32	static
ISM330DHCXSensor.cpp:1633:25:ISM330DHCXStatusTypeDef ISM330DHCXSensor::ACC_SetTapThreshold(uint8_t)	16	static
ISM330DHCXSensor.cpp:1648:25:ISM330DHCXStatusTypeDef ISM330DHCXSensor::ACC_SetTapShockTime(uint8_t)	16	static
ISM330DHCXSensor.cpp:1662:25:ISM330DHCXStatusTypeDef ISM330DHCXSensor::ACC_SetTapQuietTime(uint8_t)	16	static
ISM330DHCXSensor.cpp:1676:25:ISM330DHCXStatusTypeDef ISM330DHCXSensor::ACC_SetTapDurationTime(uint8_t)	16	static
ISM330DHCXSensor.cpp:1688:25:ISM330DHCXStatusTypeDef ISM330DHCXSensor::ACC_Enable6DOrientation(ISM330DHCX_SensorIntPin_t)	32	static
ISM330DHCXSensor.cpp:1747:25:ISM330DHCXStatusTypeDef ISM330DHCXSensor::ACC_Disable6DOrientation()	32	static
ISM330DHCXSensor.cpp:1786:25:ISM330DHCXStatusTypeDef ISM330DHCXSensor::ACC_Set6DOrientationThreshold(uint8_t)	16	static
ISM330DHCXSensor.cpp:1801:25:ISM330DHCXStatusTypeDef ISM330DHCXSensor::ACC_Get6DOrientationXL(uint8_t*)	24	static
ISM330DHCXSensor.cpp:1820:25:ISM330DHCXStatusTypeDef ISM330DHCXSensor::ACC_Get6DOrientationXH(uint8_t*)	24	static
ISM330DHCXSensor.cpp:1839:25:ISM330DHCXStatusTypeDef ISM330DHCXSensor::ACC_Get6DOrientationYL(uint8_t*)	24	static
ISM330DHCXSensor.cpp:1858:25:ISM330DHCXStatusTypeDef ISM330DHCXSensor::ACC_Get6DOrientationYH(uint8_t*)	24	static
ISM330DHCXSensor.cpp:1877:25:ISM330DHCXStatusTypeDef ISM330DHCXSensor::ACC_Get6DOrientationZL(uint8_t*)	24	static
ISM330DHCXSensor.cpp:1896:25:ISM330DHCXStatusTypeDef ISM330DHCXSensor::ACC_Get6DOrientationZH(uint8_t*)	24	static
ISM330DHCXSensor.cpp:1915:25:ISM330DHCXStatusTypeDef ISM330DHCXSensor::FIFO_Get_Num_Samples(uint16_t*)	16	static
ISM330DHCXSensor.cpp:1929:25:ISM330DHCXStatusTypeDef ISM330DHCXSensor::FIFO_Get_Full_Status(uint8_t*)	24	static
ISM330DHCXSensor.cpp:1948:25:ISM330DHCXStatusTypeDef ISM330DHCXSensor::FIFO_ACC_Set_BDR(float)	24	static
ISM330DHCXSensor.cpp:1976:25:ISM330DHCXStatusTypeDef ISM330DHCXSensor::FIFO_GYRO_Set_BDR(float)	24	static
ISM330DHCXSensor.cpp:2004:25:ISM330DHCXStatusTypeDef ISM330DHCXSensor::FIFO_Set_INT1_FIFO_Full(uint8_t)	24	static
ISM330DHCXSensor.cpp:2028:25:ISM330DHCXStatusTypeDef ISM330DHCXSensor::FIFO_Set_INT2_FIFO_Full(uint8_t)	24	static
ISM330DHCXSensor.cpp:2052:25:ISM330DHCXStatusTypeDef ISM330DHCXSensor::FIFO_Set_Watermark_Level(uint16_t)	16	static
ISM330DHCXSensor.cpp:2066:25:ISM330DHCXStatusTypeDef ISM330DHCXSensor::FIFO_Set_Stop_On_Fth(uint8_t)	16	static
ISM330DHCXSensor.cpp:2079:25:ISM330DHCXStatusTypeDef ISM330DHCXSensor::FIFO_Set_Mode(uint8_t)	24	static
ISM330DHCXSensor.cpp:2113:25:ISM330DHCXStatusTypeDef ISM330DHCXSensor::FIFO_Get_Tag(uint8_t*)	24	static
ISM330DHCXSensor.cpp:2130:25:ISM330DHCXStatusTypeDef ISM330DHCXSensor::FIFO_Get_Data(uint8_t*)	16	static
ISM330DHCXSensor.cpp:2143:25:ISM330DHCXStatusTypeDef ISM330DHCXSensor::FIFO_ACC_Get_Axes(int32_t*)	48	static
ISM330DHCXSensor.cpp:2178:25:ISM330DHCXStatusTypeDef ISM330DHCXSensor::FIFO_GYRO_Get_Axes(int32_t*)	48	static
ISM330DHCXSensor.cpp:2212:25:ISM330DHCXStatusTypeDef ISM330DHCXSensor::ACC_Enable_DRDY_On_INT1()	24	static
ISM330DHCXSensor.cpp:2236:25:ISM330DHCXStatusTypeDef ISM330DHCXSensor::ACC_Disable_DRDY_On_INT1()	24	static
ISM330DHCXSensor.cpp:2259:25:ISM330DHCXStatusTypeDef ISM330DHCXSensor::GYRO_Enable_DRDY_On_INT2()	24	static
ISM330DHCXSensor.cpp:2283:25:ISM330DHCXStatusTypeDef ISM330DHCXSensor::GYRO_Disable_DRDY_On_INT2()	24	static
ISM330DHCXSensor.cpp:2302:25:ISM330DHCXStatusTypeDef ISM330DHCXSensor::DRDY_Set_Mode(uint8_t)	16	static
ISM330DHCXSensor.cpp:2312:9:int32_t ISM330DHCX_io_write(void*, uint8_t, uint8_t*, uint16_t)	24	static
ISM330DHCXSensor.cpp:2318:9:int32_t ISM330DHCX_io_read(void*, uint8_t, uint8_t*, uint16_t)	24	static
