ISM330DHCXSensor.hpp:167:10:uint8_t ISM330DHCXSensor::IO_Read(uint8_t*, uint8_t, uint16_t)	32	static
ISM330DHCXSensor.hpp:202:10:uint8_t ISM330DHCXSensor::IO_Write(uint8_t*, uint8_t, uint16_t)	32	static
ISM330DHCXSensor.cpp:12:1:ISM330DHCXSensor::ISM330DHCXSensor()	16	static
ISM330DHCXSensor.cpp:26:25:ISM330DHCXStatusTypeDef ISM330DHCXSensor::Init()	16	static
ISM330DHCXSensor.cpp:86:25:ISM330DHCXStatusTypeDef ISM330DHCXSensor::begin()	16	static
ISM330DHCXSensor.cpp:104:25:ISM330DHCXStatusTypeDef ISM330DHCXSensor::end()	16	static
ISM330DHCXSensor.cpp:128:25:ISM330DHCXStatusTypeDef ISM330DHCXSensor::ReadID(uint8_t*)	16	static
ISM330DHCXSensor.cpp:140:25:ISM330DHCXStatusTypeDef ISM330DHCXSensor::ACC_Enable()	16	static
ISM330DHCXSensor.cpp:159:25:ISM330DHCXStatusTypeDef ISM330DHCXSensor::ACC_Disable()	16	static
ISM330DHCXSensor.cpp:180:25:ISM330DHCXStatusTypeDef ISM330DHCXSensor::ACC_GetSensitivity(float*)	24	static
ISM330DHCXSensor.cpp:220:25:ISM330DHCXStatusTypeDef ISM330DHCXSensor::ACC_GetOutputDataRate(float*)	24	static
ISM330DHCXSensor.cpp:288:25:ISM330DHCXStatusTypeDef ISM330DHCXSensor::ACC_SetOutputDataRate(float)	24	static
ISM330DHCXSensor.cpp:316:25:ISM330DHCXStatusTypeDef ISM330DHCXSensor::ACC_GetFullScale(int32_t*)	24	static
ISM330DHCXSensor.cpp:356:25:ISM330DHCXStatusTypeDef ISM330DHCXSensor::ACC_SetFullScale(int32_t)	24	static
ISM330DHCXSensor.cpp:375:25:ISM330DHCXStatusTypeDef ISM330DHCXSensor::ACC_GetAxesRaw(int16_t*)	24	static
ISM330DHCXSensor.cpp:397:25:ISM330DHCXStatusTypeDef ISM330DHCXSensor::ACC_GetAxes(int32_t*)	32	static
ISM330DHCXSensor.cpp:423:25:ISM330DHCXStatusTypeDef ISM330DHCXSensor::GYRO_Enable()	16	static
ISM330DHCXSensor.cpp:444:25:ISM330DHCXStatusTypeDef ISM330DHCXSensor::GYRO_Disable()	16	static
ISM330DHCXSensor.cpp:466:25:ISM330DHCXStatusTypeDef ISM330DHCXSensor::GYRO_GetSensitivity(float*)	24	static
ISM330DHCXSensor.cpp:506:25:ISM330DHCXStatusTypeDef ISM330DHCXSensor::GYRO_GetOutputDataRate(float*)	24	static
ISM330DHCXSensor.cpp:572:25:ISM330DHCXStatusTypeDef ISM330DHCXSensor::GYRO_SetOutputDataRate(float)	24	static
ISM330DHCXSensor.cpp:600:25:ISM330DHCXStatusTypeDef ISM330DHCXSensor::GYRO_GetFullScale(int32_t*)	24	static
ISM330DHCXSensor.cpp:648:25:ISM330DHCXStatusTypeDef ISM330DHCXSensor::GYRO_SetFullScale(int32_t)	24	static
ISM330DHCXSensor.cpp:669:25:ISM330DHCXStatusTypeDef ISM330DHCXSensor::GYRO_GetAxesRaw(int16_t*)	24	static
ISM330DHCXSensor.cpp:691:25:ISM330DHCXStatusTypeDef ISM330DHCXSensor::GYRO_GetAxes(int32_t*)	32	static
ISM330DHCXSensor.cpp:718:25:ISM330DHCXStatusTypeDef ISM330DHCXSensor::ReadReg(uint8_t, uint8_t*)	24	static
ISM330DHCXSensor.cpp:733:25:ISM330DHCXStatusTypeDef ISM330DHCXSensor::WriteReg(uint8_t, uint8_t)	16	static
ISM330DHCXSensor.cpp:746:25:ISM330DHCXStatusTypeDef ISM330DHCXSensor::ACC_GetEventStatus(ISM330DHCX_Event_Status_t*)	40	static
ISM330DHCXSensor.cpp:825:25:ISM330DHCXStatusTypeDef ISM330DHCXSensor::ACC_Set_SelfTest(uint8_t)	24	static
ISM330DHCXSensor.cpp:845:25:ISM330DHCXStatusTypeDef ISM330DHCXSensor::ACC_Get_SelfTest(uint8_t*)	24	static
ISM330DHCXSensor.cpp:880:25:ISM330DHCXStatusTypeDef ISM330DHCXSensor::ACC_Get_DRDY_Status(uint8_t*)	16	static
ISM330DHCXSensor.cpp:893:25:ISM330DHCXStatusTypeDef ISM330DHCXSensor::ACC_Enable_HP_Filter(ism330dhcx_hp_slope_xl_en_t)	16	static
ISM330DHCXSensor.cpp:906:25:ISM330DHCXStatusTypeDef ISM330DHCXSensor::GYRO_Set_SelfTest(uint8_t)	24	static
ISM330DHCXSensor.cpp:926:25:ISM330DHCXStatusTypeDef ISM330DHCXSensor::GYRO_Get_SelfTest(uint8_t*)	24	static
ISM330DHCXSensor.cpp:961:25:ISM330DHCXStatusTypeDef ISM330DHCXSensor::GYRO_Get_DRDY_Status(uint8_t*)	16	static
ISM330DHCXSensor.cpp:975:25:ISM330DHCXStatusTypeDef ISM330DHCXSensor::GYRO_Enable_HP_Filter(ism330dhcx_hpm_g_t)	16	static
ISM330DHCXSensor.cpp:987:25:ISM330DHCXStatusTypeDef ISM330DHCXSensor::ACC_EnableFreeFallDetection(ISM330DHCX_SensorIntPin_t)	32	static
ISM330DHCXSensor.cpp:1062:25:ISM330DHCXStatusTypeDef ISM330DHCXSensor::ACC_DisableFreeFallDetection()	32	static
ISM330DHCXSensor.cpp:1106:25:ISM330DHCXStatusTypeDef ISM330DHCXSensor::ACC_SetFreeFallThreshold(uint8_t)	16	static
ISM330DHCXSensor.cpp:1121:25:ISM330DHCXStatusTypeDef ISM330DHCXSensor::ACC_SetFreeFallDuration(uint8_t)	16	static
ISM330DHCXSensor.cpp:1134:25:ISM330DHCXStatusTypeDef ISM330DHCXSensor::ACC_EnableWakeUpDetection(ISM330DHCX_SensorIntPin_t)	32	static
ISM330DHCXSensor.cpp:1198:25:ISM330DHCXStatusTypeDef ISM330DHCXSensor::ACC_DisableWakeUpDetection()	32	static
ISM330DHCXSensor.cpp:1241:25:ISM330DHCXStatusTypeDef ISM330DHCXSensor::ACC_SetWakeUpThreshold(uint8_t)	16	static
ISM330DHCXSensor.cpp:1256:25:ISM330DHCXStatusTypeDef ISM330DHCXSensor::ACC_SetWakeUpDuration(uint8_t)	16	static
ISM330DHCXSensor.cpp:1270:25:ISM330DHCXStatusTypeDef ISM330DHCXSensor::ACC_EnableSingleTapDetection(ISM330DHCX_SensorIntPin_t)	32	static
ISM330DHCXSensor.cpp:1368:25:ISM330DHCXStatusTypeDef ISM330DHCXSensor::ACC_DisableSingleTapDetection()	32	static
ISM330DHCXSensor.cpp:1441:25:ISM330DHCXStatusTypeDef ISM330DHCXSensor::ACC_EnableDoubleTapDetection(ISM330DHCX_SensorIntPin_t)	32	static
ISM330DHCXSensor.cpp:1547:25:ISM330DHCXStatusTypeDef ISM330DHCXSensor::ACC_DisableDoubleTapDetection()	32	static
ISM330DHCXSensor.cpp:1632:25:ISM330DHCXStatusTypeDef ISM330DHCXSensor::ACC_SetTapThreshold(uint8_t)	16	static
ISM330DHCXSensor.cpp:1647:25:ISM330DHCXStatusTypeDef ISM330DHCXSensor::ACC_SetTapShockTime(uint8_t)	16	static
ISM330DHCXSensor.cpp:1661:25:ISM330DHCXStatusTypeDef ISM330DHCXSensor::ACC_SetTapQuietTime(uint8_t)	16	static
ISM330DHCXSensor.cpp:1675:25:ISM330DHCXStatusTypeDef ISM330DHCXSensor::ACC_SetTapDurationTime(uint8_t)	16	static
ISM330DHCXSensor.cpp:1687:25:ISM330DHCXStatusTypeDef ISM330DHCXSensor::ACC_Enable6DOrientation(ISM330DHCX_SensorIntPin_t)	32	static
ISM330DHCXSensor.cpp:1746:25:ISM330DHCXStatusTypeDef ISM330DHCXSensor::ACC_Disable6DOrientation()	32	static
ISM330DHCXSensor.cpp:1785:25:ISM330DHCXStatusTypeDef ISM330DHCXSensor::ACC_Set6DOrientationThreshold(uint8_t)	16	static
ISM330DHCXSensor.cpp:1800:25:ISM330DHCXStatusTypeDef ISM330DHCXSensor::ACC_Get6DOrientationXL(uint8_t*)	24	static
ISM330DHCXSensor.cpp:1819:25:ISM330DHCXStatusTypeDef ISM330DHCXSensor::ACC_Get6DOrientationXH(uint8_t*)	24	static
ISM330DHCXSensor.cpp:1838:25:ISM330DHCXStatusTypeDef ISM330DHCXSensor::ACC_Get6DOrientationYL(uint8_t*)	24	static
ISM330DHCXSensor.cpp:1857:25:ISM330DHCXStatusTypeDef ISM330DHCXSensor::ACC_Get6DOrientationYH(uint8_t*)	24	static
ISM330DHCXSensor.cpp:1876:25:ISM330DHCXStatusTypeDef ISM330DHCXSensor::ACC_Get6DOrientationZL(uint8_t*)	24	static
ISM330DHCXSensor.cpp:1895:25:ISM330DHCXStatusTypeDef ISM330DHCXSensor::ACC_Get6DOrientationZH(uint8_t*)	24	static
ISM330DHCXSensor.cpp:1914:25:ISM330DHCXStatusTypeDef ISM330DHCXSensor::FIFO_Get_Num_Samples(uint16_t*)	16	static
ISM330DHCXSensor.cpp:1928:25:ISM330DHCXStatusTypeDef ISM330DHCXSensor::FIFO_Get_Full_Status(uint8_t*)	24	static
ISM330DHCXSensor.cpp:1947:25:ISM330DHCXStatusTypeDef ISM330DHCXSensor::FIFO_ACC_Set_BDR(float)	24	static
ISM330DHCXSensor.cpp:1975:25:ISM330DHCXStatusTypeDef ISM330DHCXSensor::FIFO_GYRO_Set_BDR(float)	24	static
ISM330DHCXSensor.cpp:2003:25:ISM330DHCXStatusTypeDef ISM330DHCXSensor::FIFO_Set_INT1_FIFO_Full(uint8_t)	24	static
ISM330DHCXSensor.cpp:2027:25:ISM330DHCXStatusTypeDef ISM330DHCXSensor::FIFO_Set_INT2_FIFO_Full(uint8_t)	24	static
ISM330DHCXSensor.cpp:2051:25:ISM330DHCXStatusTypeDef ISM330DHCXSensor::FIFO_Set_Watermark_Level(uint16_t)	16	static
ISM330DHCXSensor.cpp:2065:25:ISM330DHCXStatusTypeDef ISM330DHCXSensor::FIFO_Set_Stop_On_Fth(uint8_t)	16	static
ISM330DHCXSensor.cpp:2078:25:ISM330DHCXStatusTypeDef ISM330DHCXSensor::FIFO_Set_Mode(uint8_t)	24	static
ISM330DHCXSensor.cpp:2112:25:ISM330DHCXStatusTypeDef ISM330DHCXSensor::FIFO_Get_Tag(uint8_t*)	24	static
ISM330DHCXSensor.cpp:2129:25:ISM330DHCXStatusTypeDef ISM330DHCXSensor::FIFO_Get_Data(uint8_t*)	16	static
ISM330DHCXSensor.cpp:2142:25:ISM330DHCXStatusTypeDef ISM330DHCXSensor::FIFO_ACC_Get_Axes(int32_t*)	48	static
ISM330DHCXSensor.cpp:2177:25:ISM330DHCXStatusTypeDef ISM330DHCXSensor::FIFO_GYRO_Get_Axes(int32_t*)	48	static
ISM330DHCXSensor.cpp:2211:25:ISM330DHCXStatusTypeDef ISM330DHCXSensor::ACC_Enable_DRDY_On_INT1()	24	static
ISM330DHCXSensor.cpp:2235:25:ISM330DHCXStatusTypeDef ISM330DHCXSensor::ACC_Disable_DRDY_On_INT1()	24	static
ISM330DHCXSensor.cpp:2258:25:ISM330DHCXStatusTypeDef ISM330DHCXSensor::GYRO_Enable_DRDY_On_INT2()	24	static
ISM330DHCXSensor.cpp:2282:25:ISM330DHCXStatusTypeDef ISM330DHCXSensor::GYRO_Disable_DRDY_On_INT2()	24	static
ISM330DHCXSensor.cpp:2301:25:ISM330DHCXStatusTypeDef ISM330DHCXSensor::DRDY_Set_Mode(uint8_t)	16	static
ISM330DHCXSensor.cpp:2311:9:int32_t ISM330DHCX_io_write(void*, uint8_t, uint8_t*, uint16_t)	24	static
ISM330DHCXSensor.cpp:2317:9:int32_t ISM330DHCX_io_read(void*, uint8_t, uint8_t*, uint16_t)	24	static
