gthr-default.h:229:1:int __gthread_key_delete(__gthread_key_t)	16	static
message_abstraction.hpp:18:3:PUTM_CAN::Can_rx_message::Can_rx_message(CAN_HandleTypeDef&, uint32_t)	24	static
message_abstraction.hpp:63:36:constexpr uint32_t PUTM_CAN::Device_base::get_ID()	16	static
can_interface.hpp:87:8:bool PUTM_CAN::Can_interface::parse_message(const PUTM_CAN::Can_rx_message&)	32	static
can_interface.hpp:174:6:void HAL_CAN_RxFifo0MsgPendingCallback(CAN_HandleTypeDef*)	56	static
ism_task.cpp:17:6:void ism330_setup()	8	static
ism_task.cpp:34:6:void ism330_read(int32_t*, int32_t*)	16	static
array:126:7:std::array<_Tp, _Nm>::value_type* std::array<_Tp, _Nm>::begin() [with _Tp = PUTM_CAN::Device_base*; unsigned int _Nm = 23]	16	static
array:134:7:std::array<_Tp, _Nm>::value_type* std::array<_Tp, _Nm>::end() [with _Tp = PUTM_CAN::Device_base*; unsigned int _Nm = 23]	16	static
array:234:7:std::array<_Tp, _Nm>::value_type* std::array<_Tp, _Nm>::data() [with _Tp = PUTM_CAN::Device_base*; unsigned int _Nm = 23]	16	static
array:59:7:static constexpr _Tp* std::__array_traits<_Tp, _Nm>::_S_ptr(const _Tp (&)[_Nm]) [with _Tp = PUTM_CAN::Device_base*; unsigned int _Nm = 23]	16	static
ism_task.cpp:37:1:void __static_initialization_and_destruction_0(int, int)	16	static
message_abstraction.hpp:82:8:void PUTM_CAN::Device<Device_data_type>::set_data(const PUTM_CAN::Can_rx_message&) [with Device_data_type = Telemetry_Main]	16	static
message_abstraction.hpp:82:8:void PUTM_CAN::Device<Device_data_type>::set_data(const PUTM_CAN::Can_rx_message&) [with Device_data_type = TS_rear_suspension]	16	static
message_abstraction.hpp:82:8:void PUTM_CAN::Device<Device_data_type>::set_data(const PUTM_CAN::Can_rx_message&) [with Device_data_type = TS_main]	16	static
message_abstraction.hpp:82:8:void PUTM_CAN::Device<Device_data_type>::set_data(const PUTM_CAN::Can_rx_message&) [with Device_data_type = Steering_Wheel_event]	16	static
message_abstraction.hpp:82:8:void PUTM_CAN::Device<Device_data_type>::set_data(const PUTM_CAN::Can_rx_message&) [with Device_data_type = Steering_Wheel_main]	16	static
message_abstraction.hpp:82:8:void PUTM_CAN::Device<Device_data_type>::set_data(const PUTM_CAN::Can_rx_message&) [with Device_data_type = SF_NUCS]	16	static
message_abstraction.hpp:82:8:void PUTM_CAN::Device<Device_data_type>::set_data(const PUTM_CAN::Can_rx_message&) [with Device_data_type = SF_WS]	16	static
message_abstraction.hpp:82:8:void PUTM_CAN::Device<Device_data_type>::set_data(const PUTM_CAN::Can_rx_message&) [with Device_data_type = SF_DV]	16	static
message_abstraction.hpp:82:8:void PUTM_CAN::Device<Device_data_type>::set_data(const PUTM_CAN::Can_rx_message&) [with Device_data_type = SF_CoolingAndVSafety]	16	static
message_abstraction.hpp:82:8:void PUTM_CAN::Device<Device_data_type>::set_data(const PUTM_CAN::Can_rx_message&) [with Device_data_type = SF_FrontBox]	16	static
message_abstraction.hpp:82:8:void PUTM_CAN::Device<Device_data_type>::set_data(const PUTM_CAN::Can_rx_message&) [with Device_data_type = SF_main]	16	static
message_abstraction.hpp:82:8:void PUTM_CAN::Device<Device_data_type>::set_data(const PUTM_CAN::Can_rx_message&) [with Device_data_type = Lap_timer_Pass]	16	static
message_abstraction.hpp:82:8:void PUTM_CAN::Device<Device_data_type>::set_data(const PUTM_CAN::Can_rx_message&) [with Device_data_type = Lap_timer_Main]	16	static
message_abstraction.hpp:82:8:void PUTM_CAN::Device<Device_data_type>::set_data(const PUTM_CAN::Can_rx_message&) [with Device_data_type = Dash_lap_finished]	16	static
message_abstraction.hpp:82:8:void PUTM_CAN::Device<Device_data_type>::set_data(const PUTM_CAN::Can_rx_message&) [with Device_data_type = Dash_steering_wheel_request]	16	static
message_abstraction.hpp:82:8:void PUTM_CAN::Device<Device_data_type>::set_data(const PUTM_CAN::Can_rx_message&) [with Device_data_type = Dash_Smart_Fuses_FAN_speed]	16	static
message_abstraction.hpp:82:8:void PUTM_CAN::Device<Device_data_type>::set_data(const PUTM_CAN::Can_rx_message&) [with Device_data_type = Dash_TCS]	16	static
message_abstraction.hpp:82:8:void PUTM_CAN::Device<Device_data_type>::set_data(const PUTM_CAN::Can_rx_message&) [with Device_data_type = Dash_Main]	16	static
message_abstraction.hpp:82:8:void PUTM_CAN::Device<Device_data_type>::set_data(const PUTM_CAN::Can_rx_message&) [with Device_data_type = BMS_LV_temperature]	16	static
message_abstraction.hpp:82:8:void PUTM_CAN::Device<Device_data_type>::set_data(const PUTM_CAN::Can_rx_message&) [with Device_data_type = BMS_LV_main]	16	static
message_abstraction.hpp:82:8:void PUTM_CAN::Device<Device_data_type>::set_data(const PUTM_CAN::Can_rx_message&) [with Device_data_type = BMS_HV_main]	16	static
message_abstraction.hpp:82:8:void PUTM_CAN::Device<Device_data_type>::set_data(const PUTM_CAN::Can_rx_message&) [with Device_data_type = AQ_main]	16	static
message_abstraction.hpp:82:8:void PUTM_CAN::Device<Device_data_type>::set_data(const PUTM_CAN::Can_rx_message&) [with Device_data_type = Apps_main]	16	static
ism_task.cpp:37:1:cpp)	8	static
