main.cpp:119:5:int main()	8	static
main.cpp:204:6:void SystemClock_Config()	104	static
main.cpp:254:13:void MX_ADC1_Init()	48	static
main.cpp:342:13:void MX_CAN1_Init()	8	static
main.cpp:379:13:void MX_RTC_Init()	32	static
main.cpp:443:13:void MX_SPI1_Init()	8	static
main.cpp:483:6:void MX_TIM3_Init()	40	static
main.cpp:526:13:void MX_DMA_Init()	16	static
main.cpp:545:13:void MX_GPIO_Init()	40	static
main.cpp:616:6:void Read_FIFO_Data(uint16_t, ISM330DHCXSensor)	72	static
main.cpp:665:6:void StartDefaultTask(void*)	16	static
main.cpp:684:6:void StartBlink01(void*)	56	static
main.cpp:728:6:void HAL_TIM_PeriodElapsedCallback(TIM_HandleTypeDef*)	16	static
main.cpp:745:6:void Error_Handler()	4	static,ignoring_inline_asm
