main.cpp:117:5:int main()	8	static
main.cpp:203:6:void SystemClock_Config()	104	static
main.cpp:253:13:void MX_ADC1_Init()	48	static
main.cpp:358:13:void MX_CAN1_Init()	8	static
main.cpp:395:13:void MX_RTC_Init()	32	static
main.cpp:459:13:void MX_SPI1_Init()	8	static
main.cpp:499:6:void MX_TIM3_Init()	40	static
main.cpp:542:13:void MX_DMA_Init()	16	static
main.cpp:561:13:void MX_GPIO_Init()	40	static
main.cpp:633:6:void ism_write(uint8_t, uint8_t)	24	static
main.cpp:641:6:void ism_read(uint8_t, uint8_t, uint8_t*)	24	static
main.cpp:657:6:void StartDefaultTask(void*)	16	static
main.cpp:676:6:void StartBlink01(void*)	56	static
main.cpp:698:6:void HAL_TIM_PeriodElapsedCallback(TIM_HandleTypeDef*)	16	static
main.cpp:715:6:void Error_Handler()	4	static,ignoring_inline_asm
